Archive member included to satisfy reference by file (symbol)

c:/program files (x86)/atollic/truestudio for arm 8.0.0/armtools/bin/../lib/gcc/arm-atollic-eabi/6.3.1/../../../../arm-atollic-eabi/lib/armv7-m\libc_nano.a(lib_a-init.o)
                              startup\startup_stm32f103xb.o (__libc_init_array)
c:/program files (x86)/atollic/truestudio for arm 8.0.0/armtools/bin/../lib/gcc/arm-atollic-eabi/6.3.1/../../../../arm-atollic-eabi/lib/armv7-m\libc_nano.a(lib_a-memcpy-stub.o)
                              Src\platform\deca_spi.o (memcpy)
c:/program files (x86)/atollic/truestudio for arm 8.0.0/armtools/bin/../lib/gcc/arm-atollic-eabi/6.3.1/../../../../arm-atollic-eabi/lib/armv7-m\libc_nano.a(lib_a-memset.o)
                              Drivers\STM32F1xx_HAL_Driver\Src\stm32f1xx_hal_rcc.o (memset)
c:/program files (x86)/atollic/truestudio for arm 8.0.0/armtools/bin/../lib/gcc/arm-atollic-eabi/6.3.1/armv7-m\libgcc.a(_lshrdi3.o)
                              Drivers\STM32F1xx_HAL_Driver\Src\stm32f1xx_hal_flash.o (__aeabi_llsr)
c:/program files (x86)/atollic/truestudio for arm 8.0.0/armtools/bin/../lib/gcc/arm-atollic-eabi/6.3.1/armv7-m\libgcc.a(_arm_addsubdf3.o)
                              Src\platform\deca_range_tables.o (__aeabi_f2d)
c:/program files (x86)/atollic/truestudio for arm 8.0.0/armtools/bin/../lib/gcc/arm-atollic-eabi/6.3.1/armv7-m\libgcc.a(_arm_muldivdf3.o)
                              Src\platform\deca_range_tables.o (__aeabi_dmul)
c:/program files (x86)/atollic/truestudio for arm 8.0.0/armtools/bin/../lib/gcc/arm-atollic-eabi/6.3.1/armv7-m\libgcc.a(_arm_fixdfsi.o)
                              Src\platform\deca_range_tables.o (__aeabi_d2iz)
c:/program files (x86)/atollic/truestudio for arm 8.0.0/armtools/bin/../lib/gcc/arm-atollic-eabi/6.3.1/armv7-m\libgcc.a(_arm_addsubsf3.o)
                              Src\platform\deca_range_tables.o (__aeabi_i2f)

Allocating common symbols
Common symbol       size              file

hUsbDeviceFS        0x224             Src\usb_device.o
uwTick              0x4               Drivers\STM32F1xx_HAL_Driver\Src\stm32f1xx_hal.o
pFlash              0x20              Drivers\STM32F1xx_HAL_Driver\Src\stm32f1xx_hal_flash.o
UserRxBufferFS      0x800             Src\usbd_cdc_if.o
UserTxBufferFS      0x800             Src\usbd_cdc_if.o
hspi1               0x58              Src\main.o
hpcd_USB_FS         0x460             Src\usbd_conf.o
USBD_StrDesc        0x200             Src\usbd_desc.o

Discarded input sections

 .text          0x00000000        0x0 c:/program files (x86)/atollic/truestudio for arm 8.0.0/armtools/bin/../lib/gcc/arm-atollic-eabi/6.3.1/armv7-m/crti.o
 .data          0x00000000        0x0 c:/program files (x86)/atollic/truestudio for arm 8.0.0/armtools/bin/../lib/gcc/arm-atollic-eabi/6.3.1/armv7-m/crti.o
 .bss           0x00000000        0x0 c:/program files (x86)/atollic/truestudio for arm 8.0.0/armtools/bin/../lib/gcc/arm-atollic-eabi/6.3.1/armv7-m/crti.o
 .data          0x00000000        0x4 c:/program files (x86)/atollic/truestudio for arm 8.0.0/armtools/bin/../lib/gcc/arm-atollic-eabi/6.3.1/armv7-m/crtbegin.o
 .text          0x00000000        0x0 Drivers\STM32F1xx_HAL_Driver\Src\stm32f1xx_hal.o
 .data          0x00000000        0x0 Drivers\STM32F1xx_HAL_Driver\Src\stm32f1xx_hal.o
 .bss           0x00000000        0x0 Drivers\STM32F1xx_HAL_Driver\Src\stm32f1xx_hal.o
 .text.HAL_MspInit
                0x00000000        0x2 Drivers\STM32F1xx_HAL_Driver\Src\stm32f1xx_hal.o
 .text.HAL_MspDeInit
                0x00000000        0x2 Drivers\STM32F1xx_HAL_Driver\Src\stm32f1xx_hal.o
 .text.HAL_DeInit
                0x00000000       0x20 Drivers\STM32F1xx_HAL_Driver\Src\stm32f1xx_hal.o
 .text.HAL_Delay
                0x00000000       0x20 Drivers\STM32F1xx_HAL_Driver\Src\stm32f1xx_hal.o
 .text.HAL_SuspendTick
                0x00000000       0x10 Drivers\STM32F1xx_HAL_Driver\Src\stm32f1xx_hal.o
 .text.HAL_ResumeTick
                0x00000000       0x10 Drivers\STM32F1xx_HAL_Driver\Src\stm32f1xx_hal.o
 .text.HAL_GetHalVersion
                0x00000000        0x8 Drivers\STM32F1xx_HAL_Driver\Src\stm32f1xx_hal.o
 .text.HAL_GetREVID
                0x00000000        0xc Drivers\STM32F1xx_HAL_Driver\Src\stm32f1xx_hal.o
 .text.HAL_GetDEVID
                0x00000000       0x10 Drivers\STM32F1xx_HAL_Driver\Src\stm32f1xx_hal.o
 .text.HAL_DBGMCU_EnableDBGSleepMode
                0x00000000       0x10 Drivers\STM32F1xx_HAL_Driver\Src\stm32f1xx_hal.o
 .text.HAL_DBGMCU_DisableDBGSleepMode
                0x00000000       0x10 Drivers\STM32F1xx_HAL_Driver\Src\stm32f1xx_hal.o
 .text.HAL_DBGMCU_EnableDBGStopMode
                0x00000000       0x10 Drivers\STM32F1xx_HAL_Driver\Src\stm32f1xx_hal.o
 .text.HAL_DBGMCU_DisableDBGStopMode
                0x00000000       0x10 Drivers\STM32F1xx_HAL_Driver\Src\stm32f1xx_hal.o
 .text.HAL_DBGMCU_EnableDBGStandbyMode
                0x00000000       0x10 Drivers\STM32F1xx_HAL_Driver\Src\stm32f1xx_hal.o
[...]
Memory Configuration

Name             Origin             Length             Attributes
RAM              0x20000000         0x00005000         xrw
FLASH            0x08000000         0x00010000         xr
*default*        0x00000000         0xffffffff

Linker script and memory map

LOAD c:/program files (x86)/atollic/truestudio for arm 8.0.0/armtools/bin/../lib/gcc/arm-atollic-eabi/6.3.1/armv7-m/crti.o
LOAD c:/program files (x86)/atollic/truestudio for arm 8.0.0/armtools/bin/../lib/gcc/arm-atollic-eabi/6.3.1/armv7-m/crtbegin.o
LOAD Drivers\STM32F1xx_HAL_Driver\Src\stm32f1xx_hal.o
LOAD Drivers\STM32F1xx_HAL_Driver\Src\stm32f1xx_hal_cortex.o
LOAD Drivers\STM32F1xx_HAL_Driver\Src\stm32f1xx_hal_dma.o
LOAD Drivers\STM32F1xx_HAL_Driver\Src\stm32f1xx_hal_flash.o
LOAD Drivers\STM32F1xx_HAL_Driver\Src\stm32f1xx_hal_flash_ex.o
LOAD Drivers\STM32F1xx_HAL_Driver\Src\stm32f1xx_hal_gpio.o
LOAD Drivers\STM32F1xx_HAL_Driver\Src\stm32f1xx_hal_gpio_ex.o
LOAD Drivers\STM32F1xx_HAL_Driver\Src\stm32f1xx_hal_pcd.o
LOAD Drivers\STM32F1xx_HAL_Driver\Src\stm32f1xx_hal_pcd_ex.o
LOAD Drivers\STM32F1xx_HAL_Driver\Src\stm32f1xx_hal_pwr.o
LOAD Drivers\STM32F1xx_HAL_Driver\Src\stm32f1xx_hal_rcc.o
LOAD Drivers\STM32F1xx_HAL_Driver\Src\stm32f1xx_hal_rcc_ex.o
LOAD Drivers\STM32F1xx_HAL_Driver\Src\stm32f1xx_hal_spi.o
LOAD Drivers\STM32F1xx_HAL_Driver\Src\stm32f1xx_hal_spi_ex.o
LOAD Drivers\STM32F1xx_HAL_Driver\Src\stm32f1xx_hal_tim.o
LOAD Drivers\STM32F1xx_HAL_Driver\Src\stm32f1xx_hal_tim_ex.o
LOAD Drivers\STM32F1xx_HAL_Driver\Src\stm32f1xx_ll_usb.o
LOAD Middlewares\ST\STM32_USB_Device_Library\Class\CDC\Src\usbd_cdc.o
LOAD Middlewares\ST\STM32_USB_Device_Library\Core\Src\usbd_core.o
LOAD Middlewares\ST\STM32_USB_Device_Library\Core\Src\usbd_ctlreq.o
LOAD Middlewares\ST\STM32_USB_Device_Library\Core\Src\usbd_ioreq.o
LOAD Src\decadriver\deca_device.o
LOAD Src\decadriver\deca_params_init.o
LOAD Src\main.o
LOAD Src\platform\deca_mutex.o
LOAD Src\platform\deca_range_tables.o
LOAD Src\platform\deca_sleep.o
LOAD Src\platform\deca_spi.o
LOAD Src\platform\port.o
LOAD Src\stm32f1xx_hal_msp.o
LOAD Src\stm32f1xx_it.o
LOAD Src\system_stm32f1xx.o
LOAD Src\usb_device.o
LOAD Src\usbd_cdc_if.o
LOAD Src\usbd_conf.o
LOAD Src\usbd_desc.o
LOAD startup\startup_stm32f103xb.o
                0x00000080                malloc_getpagesize_P = 0x80
START GROUP
LOAD c:/program files (x86)/atollic/truestudio for arm 8.0.0/armtools/bin/../lib/gcc/arm-atollic-eabi/6.3.1/../../../../arm-atollic-eabi/lib/armv7-m\libc_nano.a
LOAD c:/program files (x86)/atollic/truestudio for arm 8.0.0/armtools/bin/../lib/gcc/arm-atollic-eabi/6.3.1/../../../../arm-atollic-eabi/lib/armv7-m\libm.a
END GROUP
START GROUP
LOAD c:/program files (x86)/atollic/truestudio for arm 8.0.0/armtools/bin/../lib/gcc/arm-atollic-eabi/6.3.1/armv7-m\libgcc.a
LOAD c:/program files (x86)/atollic/truestudio for arm 8.0.0/armtools/bin/../lib/gcc/arm-atollic-eabi/6.3.1/../../../../arm-atollic-eabi/lib/armv7-m\libc_nano.a
END GROUP
START GROUP
LOAD c:/program files (x86)/atollic/truestudio for arm 8.0.0/armtools/bin/../lib/gcc/arm-atollic-eabi/6.3.1/armv7-m\libgcc.a
LOAD c:/program files (x86)/atollic/truestudio for arm 8.0.0/armtools/bin/../lib/gcc/arm-atollic-eabi/6.3.1/../../../../arm-atollic-eabi/lib/armv7-m\libc_nano.a
LOAD c:/program files (x86)/atollic/truestudio for arm 8.0.0/armtools/bin/../lib/gcc/arm-atollic-eabi/6.3.1/../../../../arm-atollic-eabi/lib/armv7-m\libnosys.a
END GROUP
START GROUP
LOAD c:/program files (x86)/atollic/truestudio for arm 8.0.0/armtools/bin/../lib/gcc/arm-atollic-eabi/6.3.1/armv7-m\libgcc.a
LOAD c:/program files (x86)/atollic/truestudio for arm 8.0.0/armtools/bin/../lib/gcc/arm-atollic-eabi/6.3.1/../../../../arm-atollic-eabi/lib/armv7-m\libc_nano.a
LOAD c:/program files (x86)/atollic/truestudio for arm 8.0.0/armtools/bin/../lib/gcc/arm-atollic-eabi/6.3.1/../../../../arm-atollic-eabi/lib/armv7-m\libnosys.a
END GROUP
LOAD c:/program files (x86)/atollic/truestudio for arm 8.0.0/armtools/bin/../lib/gcc/arm-atollic-eabi/6.3.1/armv7-m/crtend.o
LOAD c:/program files (x86)/atollic/truestudio for arm 8.0.0/armtools/bin/../lib/gcc/arm-atollic-eabi/6.3.1/armv7-m/crtn.o
                0x20005000                _estack = 0x20005000
                0x00000200                _Min_Heap_Size = 0x200
                0x00000400                _Min_Stack_Size = 0x400

.isr_vector     0x08000000      0x10c
                0x08000000                . = ALIGN (0x4)
 *(.isr_vector)
 .isr_vector    0x08000000      0x10c startup\startup_stm32f103xb.o
                0x08000000                g_pfnVectors
                0x0800010c                . = ALIGN (0x4)

.text           0x0800010c     0x32a0
                0x0800010c                . = ALIGN (0x4)
 *(.text)
 .text          0x0800010c       0x40 c:/program files (x86)/atollic/truestudio for arm 8.0.0/armtools/bin/../lib/gcc/arm-atollic-eabi/6.3.1/armv7-m/crtbegin.o
 *(.text*)
 .text.HAL_InitTick
                0x0800014c       0x28 Drivers\STM32F1xx_HAL_Driver\Src\stm32f1xx_hal.o
                0x0800014c                HAL_InitTick
 .text.HAL_Init
                0x08000174       0x24 Drivers\STM32F1xx_HAL_Driver\Src\stm32f1xx_hal.o
                0x08000174                HAL_Init
 .text.HAL_IncTick
                0x08000198       0x10 Drivers\STM32F1xx_HAL_Driver\Src\stm32f1xx_hal.o
                0x08000198                HAL_IncTick
 .text.HAL_GetTick
                0x080001a8        0xc Drivers\STM32F1xx_HAL_Driver\Src\stm32f1xx_hal.o
                0x080001a8                HAL_GetTick
 .text.HAL_NVIC_SetPriorityGrouping
                0x080001b4       0x24 Drivers\STM32F1xx_HAL_Driver\Src\stm32f1xx_hal_cortex.o
                0x080001b4                HAL_NVIC_SetPriorityGrouping
 .text.HAL_NVIC_SetPriority
                0x080001d8       0x68 Drivers\STM32F1xx_HAL_Driver\Src\stm32f1xx_hal_cortex.o
                0x080001d8                HAL_NVIC_SetPriority
 .text.HAL_NVIC_EnableIRQ
                0x08000240       0x18 Drivers\STM32F1xx_HAL_Driver\Src\stm32f1xx_hal_cortex.o
                0x08000240                HAL_NVIC_EnableIRQ
 .text.HAL_NVIC_DisableIRQ
                0x08000258       0x1c Drivers\STM32F1xx_HAL_Driver\Src\stm32f1xx_hal_cortex.o
                0x08000258                HAL_NVIC_DisableIRQ
 .text.HAL_SYSTICK_Config
                0x08000274       0x2c Drivers\STM32F1xx_HAL_Driver\Src\stm32f1xx_hal_cortex.o
                0x08000274                HAL_SYSTICK_Config
 .text.HAL_SYSTICK_CLKSourceConfig
                0x080002a0       0x18 Drivers\STM32F1xx_HAL_Driver\Src\stm32f1xx_hal_cortex.o
                0x080002a0                HAL_SYSTICK_CLKSourceConfig
 .text.HAL_SYSTICK_Callback
                0x080002b8        0x2 Drivers\STM32F1xx_HAL_Driver\Src\stm32f1xx_hal_cortex.o
                0x080002b8                HAL_SYSTICK_Callback
 .text.HAL_SYSTICK_IRQHandler
                0x080002ba        0x8 Drivers\STM32F1xx_HAL_Driver\Src\stm32f1xx_hal_cortex.o
                0x080002ba                HAL_SYSTICK_IRQHandler
 *fill*         0x080002c2        0x2 
 .text.HAL_GPIO_Init
                0x080002c4      0x1c0 Drivers\STM32F1xx_HAL_Driver\Src\stm32f1xx_hal_gpio.o
                0x080002c4                HAL_GPIO_Init
 .text.HAL_GPIO_ReadPin
                0x08000484        0xc Drivers\STM32F1xx_HAL_Driver\Src\stm32f1xx_hal_gpio.o
                0x08000484                HAL_GPIO_ReadPin
 .text.HAL_GPIO_WritePin
                0x08000490        0xa Drivers\STM32F1xx_HAL_Driver\Src\stm32f1xx_hal_gpio.o
                0x08000490                HAL_GPIO_WritePin
 *fill*         0x0800049a        0x2 
 .text.HAL_GPIO_EXTI_IRQHandler
                0x0800049c       0x18 Drivers\STM32F1xx_HAL_Driver\Src\stm32f1xx_hal_gpio.o
                0x0800049c                HAL_GPIO_EXTI_IRQHandler
 .text.HAL_PCD_Init
                0x080004b4       0xd2 Drivers\STM32F1xx_HAL_Driver\Src\stm32f1xx_hal_pcd.o
                0x080004b4                HAL_PCD_Init
 .text.HAL_PCD_Start
                0x08000586       0x2e Drivers\STM32F1xx_HAL_Driver\Src\stm32f1xx_hal_pcd.o
                0x08000586                HAL_PCD_Start
 .text.HAL_PCD_SetAddress
                0x080005b4       0x28 Drivers\STM32F1xx_HAL_Driver\Src\stm32f1xx_hal_pcd.o
                0x080005b4                HAL_PCD_SetAddress
 .text.HAL_PCD_EP_Open
                0x080005dc       0x46 Drivers\STM32F1xx_HAL_Driver\Src\stm32f1xx_hal_pcd.o
                0x080005dc                HAL_PCD_EP_Open
 .text.HAL_PCD_EP_Close
                0x08000622       0x42 Drivers\STM32F1xx_HAL_Driver\Src\stm32f1xx_hal_pcd.o
                0x08000622                HAL_PCD_EP_Close
 .text.HAL_PCD_EP_Receive
                0x08000664       0x30 Drivers\STM32F1xx_HAL_Driver\Src\stm32f1xx_hal_pcd.o
                0x08000664                HAL_PCD_EP_Receive
 .text.HAL_PCD_EP_GetRxCount
                0x08000694        0xe Drivers\STM32F1xx_HAL_Driver\Src\stm32f1xx_hal_pcd.o
                0x08000694                HAL_PCD_EP_GetRxCount
 .text.HAL_PCD_EP_Transmit
                0x080006a2       0x2c Drivers\STM32F1xx_HAL_Driver\Src\stm32f1xx_hal_pcd.o
                0x080006a2                HAL_PCD_EP_Transmit
 *fill*         0x080006ce        0x2 
 .text.HAL_PCD_IRQHandler
                0x080006d0      0x4f0 Drivers\STM32F1xx_HAL_Driver\Src\stm32f1xx_hal_pcd.o
                0x080006d0                HAL_PCD_IRQHandler
 .text.HAL_PCD_EP_SetStall
                0x08000bc0       0x52 Drivers\STM32F1xx_HAL_Driver\Src\stm32f1xx_hal_pcd.o
                0x08000bc0                HAL_PCD_EP_SetStall
 .text.HAL_PCD_EP_ClrStall
                0x08000c12       0x46 Drivers\STM32F1xx_HAL_Driver\Src\stm32f1xx_hal_pcd.o
                0x08000c12                HAL_PCD_EP_ClrStall
 .text.HAL_PCDEx_PMAConfig
                0x08000c58       0x30 Drivers\STM32F1xx_HAL_Driver\Src\stm32f1xx_hal_pcd_ex.o
                0x08000c58                HAL_PCDEx_PMAConfig
 .text.HAL_RCC_OscConfig
                0x08000c88      0x318 Drivers\STM32F1xx_HAL_Driver\Src\stm32f1xx_hal_rcc.o
                0x08000c88                HAL_RCC_OscConfig
 .text.HAL_RCC_GetSysClockFreq
                0x08000fa0       0x7c Drivers\STM32F1xx_HAL_Driver\Src\stm32f1xx_hal_rcc.o
                0x08000fa0                HAL_RCC_GetSysClockFreq
 .text.HAL_RCC_ClockConfig
                0x0800101c      0x148 Drivers\STM32F1xx_HAL_Driver\Src\stm32f1xx_hal_rcc.o
                0x0800101c                HAL_RCC_ClockConfig
 .text.HAL_RCC_GetHCLKFreq
                0x08001164        0xc Drivers\STM32F1xx_HAL_Driver\Src\stm32f1xx_hal_rcc.o
                0x08001164                HAL_RCC_GetHCLKFreq
 .text.HAL_RCCEx_PeriphCLKConfig
                0x08001170       0xf0 Drivers\STM32F1xx_HAL_Driver\Src\stm32f1xx_hal_rcc_ex.o
                0x08001170                HAL_RCCEx_PeriphCLKConfig
 .text.SPI_WaitFlagStateUntilTimeout
                0x08001260       0x8e Drivers\STM32F1xx_HAL_Driver\Src\stm32f1xx_hal_spi.o
 .text.SPI_CheckFlag_BSY
                0x080012ee       0x20 Drivers\STM32F1xx_HAL_Driver\Src\stm32f1xx_hal_spi.o
 .text.HAL_SPI_Transmit
                0x0800130e      0x152 Drivers\STM32F1xx_HAL_Driver\Src\stm32f1xx_hal_spi.o
                0x0800130e                HAL_SPI_Transmit
 .text.HAL_SPI_TransmitReceive
                0x08001460      0x1fa Drivers\STM32F1xx_HAL_Driver\Src\stm32f1xx_hal_spi.o
                0x08001460                HAL_SPI_TransmitReceive
 .text.HAL_SPI_GetState
                0x0800165a        0x6 Drivers\STM32F1xx_HAL_Driver\Src\stm32f1xx_hal_spi.o
                0x0800165a                HAL_SPI_GetState
 .text.HAL_SPI_Init
                0x08001660       0x76 Drivers\STM32F1xx_HAL_Driver\Src\stm32f1xx_hal_spi_ex.o
                0x08001660                HAL_SPI_Init
 .text.USB_CoreInit
                0x080016d6        0xe Drivers\STM32F1xx_HAL_Driver\Src\stm32f1xx_ll_usb.o
                0x080016d6                USB_CoreInit
 .text.USB_EnableGlobalInt
                0x080016e4       0x12 Drivers\STM32F1xx_HAL_Driver\Src\stm32f1xx_ll_usb.o
                0x080016e4                USB_EnableGlobalInt
 .text.USB_DisableGlobalInt
                0x080016f6       0x14 Drivers\STM32F1xx_HAL_Driver\Src\stm32f1xx_ll_usb.o
                0x080016f6                USB_DisableGlobalInt
 .text.USB_SetCurrentMode
                0x0800170a        0x4 Drivers\STM32F1xx_HAL_Driver\Src\stm32f1xx_ll_usb.o
                0x0800170a                USB_SetCurrentMode
 .text.USB_DevInit
                0x0800170e       0x36 Drivers\STM32F1xx_HAL_Driver\Src\stm32f1xx_ll_usb.o
                0x0800170e                USB_DevInit
 .text.USB_ActivateEndpoint
                0x08001744      0x2e4 Drivers\STM32F1xx_HAL_Driver\Src\stm32f1xx_ll_usb.o
                0x08001744                USB_ActivateEndpoint
 .text.USB_DeactivateEndpoint
                0x08001a28      0x19c Drivers\STM32F1xx_HAL_Driver\Src\stm32f1xx_ll_usb.o
                0x08001a28                USB_DeactivateEndpoint
 .text.USB_EPSetStall
                0x08001bc4       0x64 Drivers\STM32F1xx_HAL_Driver\Src\stm32f1xx_ll_usb.o
                0x08001bc4                USB_EPSetStall
 .text.USB_EPClearStall
                0x08001c28       0x84 Drivers\STM32F1xx_HAL_Driver\Src\stm32f1xx_ll_usb.o
                0x08001c28                USB_EPClearStall
 .text.USB_SetDevAddress
                0x08001cac        0xc Drivers\STM32F1xx_HAL_Driver\Src\stm32f1xx_ll_usb.o
                0x08001cac                USB_SetDevAddress
 .text.USB_DevConnect
                0x08001cb8        0x4 Drivers\STM32F1xx_HAL_Driver\Src\stm32f1xx_ll_usb.o
                0x08001cb8                USB_DevConnect
 .text.USB_DevDisconnect
                0x08001cbc        0x4 Drivers\STM32F1xx_HAL_Driver\Src\stm32f1xx_ll_usb.o
                0x08001cbc                USB_DevDisconnect
 .text.USB_ReadInterrupts
                0x08001cc0        0x8 Drivers\STM32F1xx_HAL_Driver\Src\stm32f1xx_ll_usb.o
                0x08001cc0                USB_ReadInterrupts
 .text.USB_EP0_OutStart
                0x08001cc8        0x4 Drivers\STM32F1xx_HAL_Driver\Src\stm32f1xx_ll_usb.o
                0x08001cc8                USB_EP0_OutStart
 .text.USB_WritePMA
                0x08001ccc       0x22 Drivers\STM32F1xx_HAL_Driver\Src\stm32f1xx_ll_usb.o
                0x08001ccc                USB_WritePMA
 *fill*         0x08001cee        0x2 
 .text.USB_EPStartXfer
                0x08001cf0      0x200 Drivers\STM32F1xx_HAL_Driver\Src\stm32f1xx_ll_usb.o
                0x08001cf0                USB_EPStartXfer
 .text.USB_ReadPMA
                0x08001ef0       0x22 Drivers\STM32F1xx_HAL_Driver\Src\stm32f1xx_ll_usb.o
                0x08001ef0                USB_ReadPMA
 .text.USBD_CDC_DataIn
                0x08001f12       0x12 Middlewares\ST\STM32_USB_Device_Library\Class\CDC\Src\usbd_cdc.o
 .text.USBD_CDC_EP0_RxReady
                0x08001f24       0x28 Middlewares\ST\STM32_USB_Device_Library\Class\CDC\Src\usbd_cdc.o
 .text.USBD_CDC_GetFSCfgDesc
                0x08001f4c        0xc Middlewares\ST\STM32_USB_Device_Library\Class\CDC\Src\usbd_cdc.o
 .text.USBD_CDC_GetHSCfgDesc
                0x08001f58        0xc Middlewares\ST\STM32_USB_Device_Library\Class\CDC\Src\usbd_cdc.o
 .text.USBD_CDC_GetOtherSpeedCfgDesc
                0x08001f64        0xc Middlewares\ST\STM32_USB_Device_Library\Class\CDC\Src\usbd_cdc.o
 .text.USBD_CDC_GetDeviceQualifierDescriptor
                0x08001f70        0xc Middlewares\ST\STM32_USB_Device_Library\Class\CDC\Src\usbd_cdc.o
                0x08001f70                USBD_CDC_GetDeviceQualifierDescriptor
 .text.USBD_CDC_DataOut
                0x08001f7c       0x2e Middlewares\ST\STM32_USB_Device_Library\Class\CDC\Src\usbd_cdc.o
 *fill*         0x08001faa        0x2 
 .text.USBD_CDC_Setup
                0x08001fac       0x68 Middlewares\ST\STM32_USB_Device_Library\Class\CDC\Src\usbd_cdc.o
 .text.USBD_CDC_DeInit
                0x08002014       0x3a Middlewares\ST\STM32_USB_Device_Library\Class\CDC\Src\usbd_cdc.o
 .text.USBD_CDC_Init
                0x0800204e       0x8c Middlewares\ST\STM32_USB_Device_Library\Class\CDC\Src\usbd_cdc.o
 .text.USBD_CDC_RegisterInterface
                0x080020da        0xe Middlewares\ST\STM32_USB_Device_Library\Class\CDC\Src\usbd_cdc.o
                0x080020da                USBD_CDC_RegisterInterface
 .text.USBD_CDC_SetTxBuffer
                0x080020e8       0x10 Middlewares\ST\STM32_USB_Device_Library\Class\CDC\Src\usbd_cdc.o
                0x080020e8                USBD_CDC_SetTxBuffer
 .text.USBD_CDC_SetRxBuffer
                0x080020f8        0xc Middlewares\ST\STM32_USB_Device_Library\Class\CDC\Src\usbd_cdc.o
                0x080020f8                USBD_CDC_SetRxBuffer
 .text.USBD_CDC_ReceivePacket
                0x08002104       0x26 Middlewares\ST\STM32_USB_Device_Library\Class\CDC\Src\usbd_cdc.o
                0x08002104                USBD_CDC_ReceivePacket
 .text.USBD_Init
                0x0800212a       0x2a Middlewares\ST\STM32_USB_Device_Library\Core\Src\usbd_core.o
                0x0800212a                USBD_Init
 .text.USBD_RegisterClass
                0x08002154        0xe Middlewares\ST\STM32_USB_Device_Library\Core\Src\usbd_core.o
                0x08002154                USBD_RegisterClass
 .text.USBD_Start
                0x08002162        0xa Middlewares\ST\STM32_USB_Device_Library\Core\Src\usbd_core.o
                0x08002162                USBD_Start
 .text.USBD_SetClassConfig
                0x0800216c       0x16 Middlewares\ST\STM32_USB_Device_Library\Core\Src\usbd_core.o
                0x0800216c                USBD_SetClassConfig
 .text.USBD_ClrClassConfig
                0x08002182        0xe Middlewares\ST\STM32_USB_Device_Library\Core\Src\usbd_core.o
                0x08002182                USBD_ClrClassConfig
 .text.USBD_LL_SetupStage
                0x08002190       0x5a Middlewares\ST\STM32_USB_Device_Library\Core\Src\usbd_core.o
                0x08002190                USBD_LL_SetupStage
 .text.USBD_LL_DataOutStage
                0x080021ea       0x64 Middlewares\ST\STM32_USB_Device_Library\Core\Src\usbd_core.o
                0x080021ea                USBD_LL_DataOutStage
 .text.USBD_LL_DataInStage
                0x0800224e       0x9e Middlewares\ST\STM32_USB_Device_Library\Core\Src\usbd_core.o
                0x0800224e                USBD_LL_DataInStage
 .text.USBD_LL_Reset
                0x080022ec       0x3e Middlewares\ST\STM32_USB_Device_Library\Core\Src\usbd_core.o
                0x080022ec                USBD_LL_Reset
 .text.USBD_LL_SetSpeed
                0x0800232a        0x6 Middlewares\ST\STM32_USB_Device_Library\Core\Src\usbd_core.o
                0x0800232a                USBD_LL_SetSpeed
 .text.USBD_LL_Suspend
                0x08002330       0x12 Middlewares\ST\STM32_USB_Device_Library\Core\Src\usbd_core.o
                0x08002330                USBD_LL_Suspend
 .text.USBD_LL_Resume
                0x08002342        0xc Middlewares\ST\STM32_USB_Device_Library\Core\Src\usbd_core.o
                0x08002342                USBD_LL_Resume
 .text.USBD_LL_SOF
                0x0800234e       0x18 Middlewares\ST\STM32_USB_Device_Library\Core\Src\usbd_core.o
                0x0800234e                USBD_LL_SOF
 .text.USBD_CtlError.constprop.0
                0x08002366       0x16 Middlewares\ST\STM32_USB_Device_Library\Core\Src\usbd_ctlreq.o
 .text.USBD_StdDevReq
                0x0800237c      0x1f4 Middlewares\ST\STM32_USB_Device_Library\Core\Src\usbd_ctlreq.o
                0x0800237c                USBD_StdDevReq
 .text.USBD_StdItfReq
                0x08002570       0x30 Middlewares\ST\STM32_USB_Device_Library\Core\Src\usbd_ctlreq.o
                0x08002570                USBD_StdItfReq
 .text.USBD_StdEPReq
                0x080025a0       0xc6 Middlewares\ST\STM32_USB_Device_Library\Core\Src\usbd_ctlreq.o
                0x080025a0                USBD_StdEPReq
 .text.USBD_ParseSetupRequest
                0x08002666       0x28 Middlewares\ST\STM32_USB_Device_Library\Core\Src\usbd_ctlreq.o
                0x08002666                USBD_ParseSetupRequest
 .text.USBD_GetString
                0x0800268e       0x38 Middlewares\ST\STM32_USB_Device_Library\Core\Src\usbd_ctlreq.o
                0x0800268e                USBD_GetString
 .text.USBD_CtlSendData
                0x080026c6       0x1a Middlewares\ST\STM32_USB_Device_Library\Core\Src\usbd_ioreq.o
                0x080026c6                USBD_CtlSendData
 .text.USBD_CtlContinueSendData
                0x080026e0       0x10 Middlewares\ST\STM32_USB_Device_Library\Core\Src\usbd_ioreq.o
                0x080026e0                USBD_CtlContinueSendData
 .text.USBD_CtlPrepareRx
                0x080026f0       0x1e Middlewares\ST\STM32_USB_Device_Library\Core\Src\usbd_ioreq.o
                0x080026f0                USBD_CtlPrepareRx
 .text.USBD_CtlContinueRx
                0x0800270e       0x10 Middlewares\ST\STM32_USB_Device_Library\Core\Src\usbd_ioreq.o
                0x0800270e                USBD_CtlContinueRx
 .text.USBD_CtlSendStatus
                0x0800271e       0x16 Middlewares\ST\STM32_USB_Device_Library\Core\Src\usbd_ioreq.o
                0x0800271e                USBD_CtlSendStatus
 .text.USBD_CtlReceiveStatus
                0x08002734       0x16 Middlewares\ST\STM32_USB_Device_Library\Core\Src\usbd_ioreq.o
                0x08002734                USBD_CtlReceiveStatus
 .text.dwt_writetodevice
                0x0800274a       0x40 Src\decadriver\deca_device.o
                0x0800274a                dwt_writetodevice
 .text.dwt_readfromdevice
                0x0800278a       0x3c Src\decadriver\deca_device.o
                0x0800278a                dwt_readfromdevice
 .text.dwt_read32bitoffsetreg
                0x080027c6       0x24 Src\decadriver\deca_device.o
                0x080027c6                dwt_read32bitoffsetreg
 .text.dwt_read16bitoffsetreg
                0x080027ea       0x22 Src\decadriver\deca_device.o
                0x080027ea                dwt_read16bitoffsetreg
 .text.dwt_read8bitoffsetreg
                0x0800280c       0x1a Src\decadriver\deca_device.o
                0x0800280c                dwt_read8bitoffsetreg
 .text.dwt_write8bitoffsetreg
                0x08002826       0x18 Src\decadriver\deca_device.o
                0x08002826                dwt_write8bitoffsetreg
 .text.dwt_write32bitoffsetreg
                0x0800283e       0x2a Src\decadriver\deca_device.o
                0x0800283e                dwt_write32bitoffsetreg
 .text.dwt_syncrxbufptrs
                0x08002868       0x22 Src\decadriver\deca_device.o
                0x08002868                dwt_syncrxbufptrs
 *fill*         0x0800288a        0x2 
 .text.dwt_forcetrxoff
                0x0800288c       0x54 Src\decadriver\deca_device.o
                0x0800288c                dwt_forcetrxoff
 .text.dwt_rxreset
                0x080028e0       0x1a Src\decadriver\deca_device.o
                0x080028e0                dwt_rxreset
 *fill*         0x080028fa        0x2 
 .text.dwt_isr  0x080028fc      0x11c Src\decadriver\deca_device.o
                0x080028fc                dwt_isr
 .text.SystemClock_Config
                0x08002a18       0x7e Src\main.o
                0x08002a18                SystemClock_Config
 *fill*         0x08002a96        0x2 
 .text.startup.main
                0x08002a98      0x128 Src\main.o
                0x08002a98                main
 .text._Error_Handler
                0x08002bc0        0x2 Src\main.o
                0x08002bc0                _Error_Handler
 .text.decamutexon
                0x08002bc2       0x12 Src\platform\deca_mutex.o
                0x08002bc2                decamutexon
 .text.decamutexoff
                0x08002bd4        0x8 Src\platform\deca_mutex.o
                0x08002bd4                decamutexoff
 .text.writetospi
                0x08002bdc       0x54 Src\platform\deca_spi.o
                0x08002bdc                writetospi
 .text.readfromspi
                0x08002c30       0x68 Src\platform\deca_spi.o
                0x08002c30                readfromspi
 .text.NVIC_EnableIRQ
                0x08002c98       0x18 Src\platform\port.o
 .text.NVIC_DisableIRQ
                0x08002cb0       0x1c Src\platform\port.o
 .text.EXTI_GetITEnStatus
                0x08002ccc       0x38 Src\platform\port.o
                0x08002ccc                EXTI_GetITEnStatus
 .text.setup_DW1000RSTnIRQ
                0x08002d04       0x74 Src\platform\port.o
                0x08002d04                setup_DW1000RSTnIRQ
 .text.HAL_GPIO_EXTI_Callback
                0x08002d78       0x30 Src\platform\port.o
                0x08002d78                HAL_GPIO_EXTI_Callback
 .text.process_deca_irq
                0x08002da8       0x18 Src\platform\port.o
                0x08002da8                process_deca_irq
 .text.port_DisableEXT_IRQ
                0x08002dc0        0xe Src\platform\port.o
                0x08002dc0                port_DisableEXT_IRQ
 .text.port_EnableEXT_IRQ
                0x08002dce        0xe Src\platform\port.o
                0x08002dce                port_EnableEXT_IRQ
 .text.port_GetEXT_IRQStatus
                0x08002ddc       0x10 Src\platform\port.o
                0x08002ddc                port_GetEXT_IRQStatus
 .text.port_CheckEXT_IRQ
                0x08002dec       0x18 Src\platform\port.o
                0x08002dec                port_CheckEXT_IRQ
 .text.HAL_MspInit
                0x08002e04       0x90 Src\stm32f1xx_hal_msp.o
                0x08002e04                HAL_MspInit
 .text.HAL_SPI_MspInit
                0x08002e94       0x54 Src\stm32f1xx_hal_msp.o
                0x08002e94                HAL_SPI_MspInit
 .text.NMI_Handler
                0x08002ee8        0x2 Src\stm32f1xx_it.o
                0x08002ee8                NMI_Handler
 .text.HardFault_Handler
                0x08002eea        0x2 Src\stm32f1xx_it.o
                0x08002eea                HardFault_Handler
 .text.MemManage_Handler
                0x08002eec        0x2 Src\stm32f1xx_it.o
                0x08002eec                MemManage_Handler
 .text.BusFault_Handler
                0x08002eee        0x2 Src\stm32f1xx_it.o
                0x08002eee                BusFault_Handler
 .text.UsageFault_Handler
                0x08002ef0        0x2 Src\stm32f1xx_it.o
                0x08002ef0                UsageFault_Handler
 .text.SVC_Handler
                0x08002ef2        0x2 Src\stm32f1xx_it.o
                0x08002ef2                SVC_Handler
 .text.DebugMon_Handler
                0x08002ef4        0x2 Src\stm32f1xx_it.o
                0x08002ef4                DebugMon_Handler
 .text.PendSV_Handler
                0x08002ef6        0x2 Src\stm32f1xx_it.o
                0x08002ef6                PendSV_Handler
 .text.SysTick_Handler
                0x08002ef8        0xe Src\stm32f1xx_it.o
                0x08002ef8                SysTick_Handler
 .text.EXTI0_IRQHandler
                0x08002f06        0x6 Src\stm32f1xx_it.o
                0x08002f06                EXTI0_IRQHandler
 .text.USB_LP_CAN1_RX0_IRQHandler
                0x08002f0c        0xc Src\stm32f1xx_it.o
                0x08002f0c                USB_LP_CAN1_RX0_IRQHandler
 .text.SystemInit
                0x08002f18       0x4c Src\system_stm32f1xx.o
                0x08002f18                SystemInit
 .text.MX_USB_DEVICE_Init
                0x08002f64       0x38 Src\usb_device.o
                0x08002f64                MX_USB_DEVICE_Init
 .text.CDC_DeInit_FS
                0x08002f9c        0x4 Src\usbd_cdc_if.o
 .text.CDC_Control_FS
                0x08002fa0        0x4 Src\usbd_cdc_if.o
 .text.CDC_Receive_FS
                0x08002fa4       0x1c Src\usbd_cdc_if.o
 .text.CDC_Init_FS
                0x08002fc0       0x28 Src\usbd_cdc_if.o
 .text.HAL_PCD_MspInit
                0x08002fe8       0x3c Src\usbd_conf.o
                0x08002fe8                HAL_PCD_MspInit
 .text.HAL_PCD_SetupStageCallback
                0x08003024        0xc Src\usbd_conf.o
                0x08003024                HAL_PCD_SetupStageCallback
 .text.HAL_PCD_DataOutStageCallback
                0x08003030       0x10 Src\usbd_conf.o
                0x08003030                HAL_PCD_DataOutStageCallback
 .text.HAL_PCD_DataInStageCallback
                0x08003040        0xe Src\usbd_conf.o
                0x08003040                HAL_PCD_DataInStageCallback
 .text.HAL_PCD_SOFCallback
                0x0800304e        0x8 Src\usbd_conf.o
                0x0800304e                HAL_PCD_SOFCallback
 .text.HAL_PCD_ResetCallback
                0x08003056       0x1a Src\usbd_conf.o
                0x08003056                HAL_PCD_ResetCallback
 .text.HAL_PCD_SuspendCallback
                0x08003070       0x20 Src\usbd_conf.o
                0x08003070                HAL_PCD_SuspendCallback
 .text.HAL_PCD_ResumeCallback
                0x08003090        0x8 Src\usbd_conf.o
                0x08003090                HAL_PCD_ResumeCallback
 .text.USBD_LL_Init
                0x08003098       0x90 Src\usbd_conf.o
                0x08003098                USBD_LL_Init
 .text.USBD_LL_Start
                0x08003128       0x1c Src\usbd_conf.o
                0x08003128                USBD_LL_Start
 .text.USBD_LL_OpenEP
                0x08003144       0x20 Src\usbd_conf.o
                0x08003144                USBD_LL_OpenEP
 .text.USBD_LL_CloseEP
                0x08003164       0x1c Src\usbd_conf.o
                0x08003164                USBD_LL_CloseEP
 .text.USBD_LL_StallEP
                0x08003180       0x1c Src\usbd_conf.o
                0x08003180                USBD_LL_StallEP
 .text.USBD_LL_ClearStallEP
                0x0800319c       0x1c Src\usbd_conf.o
                0x0800319c                USBD_LL_ClearStallEP
 .text.USBD_LL_IsStallEP
                0x080031b8       0x20 Src\usbd_conf.o
                0x080031b8                USBD_LL_IsStallEP
 .text.USBD_LL_SetUSBAddress
                0x080031d8       0x1c Src\usbd_conf.o
                0x080031d8                USBD_LL_SetUSBAddress
 .text.USBD_LL_Transmit
                0x080031f4       0x1c Src\usbd_conf.o
                0x080031f4                USBD_LL_Transmit
 .text.USBD_LL_PrepareReceive
                0x08003210       0x1c Src\usbd_conf.o
                0x08003210                USBD_LL_PrepareReceive
 .text.USBD_LL_GetRxDataSize
                0x0800322c        0xc Src\usbd_conf.o
                0x0800322c                USBD_LL_GetRxDataSize
 .text.USBD_static_malloc
                0x08003238        0x8 Src\usbd_conf.o
                0x08003238                USBD_static_malloc
 .text.USBD_static_free
                0x08003240        0x2 Src\usbd_conf.o
                0x08003240                USBD_static_free
 .text.HAL_PCDEx_SetConnectionState
                0x08003242        0x2 Src\usbd_conf.o
                0x08003242                HAL_PCDEx_SetConnectionState
 .text.USBD_FS_DeviceDescriptor
                0x08003244        0xc Src\usbd_desc.o
                0x08003244                USBD_FS_DeviceDescriptor
 .text.USBD_FS_LangIDStrDescriptor
                0x08003250        0xc Src\usbd_desc.o
                0x08003250                USBD_FS_LangIDStrDescriptor
 .text.USBD_FS_ManufacturerStrDescriptor
                0x0800325c       0x1c Src\usbd_desc.o
                0x0800325c                USBD_FS_ManufacturerStrDescriptor
 .text.USBD_FS_ProductStrDescriptor
                0x08003278       0x1c Src\usbd_desc.o
                0x08003278                USBD_FS_ProductStrDescriptor
 .text.USBD_FS_SerialStrDescriptor
                0x08003294       0x1c Src\usbd_desc.o
                0x08003294                USBD_FS_SerialStrDescriptor
 .text.USBD_FS_ConfigStrDescriptor
                0x080032b0       0x1c Src\usbd_desc.o
                0x080032b0                USBD_FS_ConfigStrDescriptor
 .text.USBD_FS_InterfaceStrDescriptor
                0x080032cc       0x1c Src\usbd_desc.o
                0x080032cc                USBD_FS_InterfaceStrDescriptor
 .text.Reset_Handler
                0x080032e8       0x48 startup\startup_stm32f103xb.o
                0x080032e8                Reset_Handler
 .text.Default_Handler
                0x08003330        0x2 startup\startup_stm32f103xb.o
                0x08003330                RTC_Alarm_IRQHandler
                0x08003330                EXTI2_IRQHandler
                0x08003330                TIM1_CC_IRQHandler
                0x08003330                PVD_IRQHandler
                0x08003330                EXTI3_IRQHandler
                0x08003330                I2C2_EV_IRQHandler
                0x08003330                ADC1_2_IRQHandler
                0x08003330                SPI1_IRQHandler
                0x08003330                TAMPER_IRQHandler
                0x08003330                DMA1_Channel4_IRQHandler
                0x08003330                USART3_IRQHandler
                0x08003330                RTC_IRQHandler
                0x08003330                DMA1_Channel7_IRQHandler
                0x08003330                CAN1_RX1_IRQHandler
                0x08003330                TIM4_IRQHandler
                0x08003330                I2C1_EV_IRQHandler
                0x08003330                DMA1_Channel6_IRQHandler
                0x08003330                TIM3_IRQHandler
                0x08003330                RCC_IRQHandler
                0x08003330                TIM1_TRG_COM_IRQHandler
                0x08003330                DMA1_Channel1_IRQHandler
                0x08003330                Default_Handler
                0x08003330                EXTI15_10_IRQHandler
                0x08003330                EXTI9_5_IRQHandler
                0x08003330                SPI2_IRQHandler
                0x08003330                DMA1_Channel5_IRQHandler
                0x08003330                EXTI4_IRQHandler
                0x08003330                USB_HP_CAN1_TX_IRQHandler
                0x08003330                DMA1_Channel3_IRQHandler
                0x08003330                TIM1_UP_IRQHandler
                0x08003330                WWDG_IRQHandler
                0x08003330                TIM2_IRQHandler
                0x08003330                TIM1_BRK_IRQHandler
                0x08003330                EXTI1_IRQHandler
                0x08003330                USART2_IRQHandler
                0x08003330                I2C2_ER_IRQHandler
                0x08003330                DMA1_Channel2_IRQHandler
                0x08003330                CAN1_SCE_IRQHandler
                0x08003330                FLASH_IRQHandler
                0x08003330                USART1_IRQHandler
                0x08003330                I2C1_ER_IRQHandler
                0x08003330                USBWakeUp_IRQHandler
 *fill*         0x08003332        0x2 
 .text.__libc_init_array
                0x08003334       0x48 c:/program files (x86)/atollic/truestudio for arm 8.0.0/armtools/bin/../lib/gcc/arm-atollic-eabi/6.3.1/../../../../arm-atollic-eabi/lib/armv7-m\libc_nano.a(lib_a-init.o)
                0x08003334                __libc_init_array
 .text.memcpy   0x0800337c       0x16 c:/program files (x86)/atollic/truestudio for arm 8.0.0/armtools/bin/../lib/gcc/arm-atollic-eabi/6.3.1/../../../../arm-atollic-eabi/lib/armv7-m\libc_nano.a(lib_a-memcpy-stub.o)
                0x0800337c                memcpy
 *(.glue_7)
 .glue_7        0x08003392        0x0 linker stubs
 *(.glue_7t)
 .glue_7t       0x08003392        0x0 linker stubs
 *(.eh_frame)
 *fill*         0x08003392        0x2 
 .eh_frame      0x08003394        0x0 c:/program files (x86)/atollic/truestudio for arm 8.0.0/armtools/bin/../lib/gcc/arm-atollic-eabi/6.3.1/armv7-m/crtbegin.o
 *(.init)
 .init          0x08003394        0x4 c:/program files (x86)/atollic/truestudio for arm 8.0.0/armtools/bin/../lib/gcc/arm-atollic-eabi/6.3.1/armv7-m/crti.o
                0x08003394                _init
 .init          0x08003398        0x8 c:/program files (x86)/atollic/truestudio for arm 8.0.0/armtools/bin/../lib/gcc/arm-atollic-eabi/6.3.1/armv7-m/crtn.o
 *(.fini)
 .fini          0x080033a0        0x4 c:/program files (x86)/atollic/truestudio for arm 8.0.0/armtools/bin/../lib/gcc/arm-atollic-eabi/6.3.1/armv7-m/crti.o
                0x080033a0                _fini
 .fini          0x080033a4        0x8 c:/program files (x86)/atollic/truestudio for arm 8.0.0/armtools/bin/../lib/gcc/arm-atollic-eabi/6.3.1/armv7-m/crtn.o
                0x080033ac                . = ALIGN (0x4)
                0x080033ac                _etext = .

.vfp11_veneer   0x080033ac        0x0
 .vfp11_veneer  0x080033ac        0x0 linker stubs

.v4_bx          0x080033ac        0x0
 .v4_bx         0x080033ac        0x0 linker stubs

.iplt           0x080033ac        0x0
 .iplt          0x080033ac        0x0 c:/program files (x86)/atollic/truestudio for arm 8.0.0/armtools/bin/../lib/gcc/arm-atollic-eabi/6.3.1/armv7-m/crtbegin.o

.rodata         0x080033ac       0x88
                0x080033ac                . = ALIGN (0x4)
 *(.rodata)
 .rodata        0x080033ac       0x10 Drivers\STM32F1xx_HAL_Driver\Src\stm32f1xx_hal_rcc.o
 *(.rodata*)
 .rodata.AHBPrescTable
                0x080033bc       0x10 Src\system_stm32f1xx.o
                0x080033bc                AHBPrescTable
 .rodata.CSWTCH.39
                0x080033cc        0x4 Src\usbd_conf.o
 .rodata.USBD_LL_Init.str1.1
                0x080033d0       0x13 Src\usbd_conf.o
 .rodata.USBD_FS_ConfigStrDescriptor.str1.1
                0x080033e3        0xb Src\usbd_desc.o
 .rodata.USBD_FS_InterfaceStrDescriptor.str1.1
                0x080033ee        0xe Src\usbd_desc.o
 .rodata.USBD_FS_ManufacturerStrDescriptor.str1.1
                0x080033fc       0x13 Src\usbd_desc.o
 .rodata.USBD_FS_ProductStrDescriptor.str1.1
                0x0800340f       0x16 Src\usbd_desc.o
 .rodata.USBD_FS_SerialStrDescriptor.str1.1
                0x08003425        0xd Src\usbd_desc.o
                0x08003434                . = ALIGN (0x4)
 *fill*         0x08003432        0x2 

.rel.dyn        0x08003434        0x0
 .rel.iplt      0x08003434        0x0 c:/program files (x86)/atollic/truestudio for arm 8.0.0/armtools/bin/../lib/gcc/arm-atollic-eabi/6.3.1/armv7-m/crtbegin.o

.ARM.extab
 *(.ARM.extab* .gnu.linkonce.armextab.*)

.ARM            0x08003434        0x0
                0x08003434                __exidx_start = .
 *(.ARM.exidx*)
                0x08003434                __exidx_end = .

.preinit_array  0x08003434        0x0
                0x08003434                PROVIDE (__preinit_array_start, .)
 *(.preinit_array*)
                0x08003434                PROVIDE (__preinit_array_end, .)

.init_array     0x08003434        0x4
                0x08003434                PROVIDE (__init_array_start, .)
 *(SORT(.init_array.*))
 *(.init_array*)
 .init_array    0x08003434        0x4 c:/program files (x86)/atollic/truestudio for arm 8.0.0/armtools/bin/../lib/gcc/arm-atollic-eabi/6.3.1/armv7-m/crtbegin.o
                0x08003438                PROVIDE (__init_array_end, .)

.fini_array     0x08003438        0x4
                [!provide]                PROVIDE (__fini_array_start, .)
 *(SORT(.fini_array.*))
 *(.fini_array*)
 .fini_array    0x08003438        0x4 c:/program files (x86)/atollic/truestudio for arm 8.0.0/armtools/bin/../lib/gcc/arm-atollic-eabi/6.3.1/armv7-m/crtbegin.o
                [!provide]                PROVIDE (__fini_array_end, .)
                0x0800343c                _sidata = LOADADDR (.data)

.data           0x20000000      0x158 load address 0x0800343c
                0x20000000                . = ALIGN (0x4)
                0x20000000                _sdata = .
 *(.data)
 *(.data*)
 .data.USBD_CDC
                0x20000000       0x38 Middlewares\ST\STM32_USB_Device_Library\Class\CDC\Src\usbd_cdc.o
                0x20000000                USBD_CDC
 .data.USBD_CDC_CfgFSDesc
                0x20000038       0x43 Middlewares\ST\STM32_USB_Device_Library\Class\CDC\Src\usbd_cdc.o
                0x20000038                USBD_CDC_CfgFSDesc
 *fill*         0x2000007b        0x1 
 .data.USBD_CDC_CfgHSDesc
                0x2000007c       0x43 Middlewares\ST\STM32_USB_Device_Library\Class\CDC\Src\usbd_cdc.o
                0x2000007c                USBD_CDC_CfgHSDesc
 *fill*         0x200000bf        0x1 
 .data.USBD_CDC_DeviceQualifierDesc
                0x200000c0        0xa Middlewares\ST\STM32_USB_Device_Library\Class\CDC\Src\usbd_cdc.o
 *fill*         0x200000ca        0x2 
 .data.USBD_CDC_OtherSpeedCfgDesc
                0x200000cc       0x43 Middlewares\ST\STM32_USB_Device_Library\Class\CDC\Src\usbd_cdc.o
                0x200000cc                USBD_CDC_OtherSpeedCfgDesc
 *fill*         0x2000010f        0x1 
 .data.SystemCoreClock
                0x20000110        0x4 Src\system_stm32f1xx.o
                0x20000110                SystemCoreClock
 .data.USBD_Interface_fops_FS
                0x20000114       0x10 Src\usbd_cdc_if.o
                0x20000114                USBD_Interface_fops_FS
 .data.FS_Desc  0x20000124       0x1c Src\usbd_desc.o
                0x20000124                FS_Desc
 .data.USBD_FS_DeviceDesc
                0x20000140       0x12 Src\usbd_desc.o
                0x20000140                USBD_FS_DeviceDesc
 *fill*         0x20000152        0x2 
 .data.USBD_LangIDDesc
                0x20000154        0x4 Src\usbd_desc.o
                0x20000154                USBD_LangIDDesc
                0x20000158                . = ALIGN (0x4)
                0x20000158                _edata = .

.igot.plt       0x20000158        0x0 load address 0x08003594
 .igot.plt      0x20000158        0x0 c:/program files (x86)/atollic/truestudio for arm 8.0.0/armtools/bin/../lib/gcc/arm-atollic-eabi/6.3.1/armv7-m/crtbegin.o
                0x20000158                . = ALIGN (0x4)

.bss            0x20000158     0x1b5c load address 0x08003594
                0x20000158                _sbss = .
                0x20000158                __bss_start__ = _sbss
 *(.bss)
 .bss           0x20000158       0x1c c:/program files (x86)/atollic/truestudio for arm 8.0.0/armtools/bin/../lib/gcc/arm-atollic-eabi/6.3.1/armv7-m/crtbegin.o
 *(.bss*)
 .bss.ifalt.7604
                0x20000174        0x1 Middlewares\ST\STM32_USB_Device_Library\Class\CDC\Src\usbd_cdc.o
 .bss.cfgidx.7609
                0x20000175        0x1 Middlewares\ST\STM32_USB_Device_Library\Core\Src\usbd_ctlreq.o
 *fill*         0x20000176        0x2 
 .bss.dw1000local
                0x20000178       0x38 Src\decadriver\deca_device.o
 .bss.signalResetDone
                0x200001b0        0x4 Src\platform\port.o
 .bss.mem.7763  0x200001b4      0x220 Src\usbd_conf.o
 *(COMMON)
 COMMON         0x200003d4        0x4 Drivers\STM32F1xx_HAL_Driver\Src\stm32f1xx_hal.o
                0x200003d4                uwTick
 COMMON         0x200003d8       0x58 Src\main.o
                0x200003d8                hspi1
 COMMON         0x20000430      0x224 Src\usb_device.o
                0x20000430                hUsbDeviceFS
 COMMON         0x20000654     0x1000 Src\usbd_cdc_if.o
                0x20000654                UserRxBufferFS
                0x20000e54                UserTxBufferFS
 COMMON         0x20001654      0x460 Src\usbd_conf.o
                0x20001654                hpcd_USB_FS
 COMMON         0x20001ab4      0x200 Src\usbd_desc.o
                0x20001ab4                USBD_StrDesc
                0x20001cb4                . = ALIGN (0x4)
                0x20001cb4                _ebss = .
                0x20001cb4                __bss_end__ = _ebss

._user_heap_stack
                0x20001cb4      0x600 load address 0x08003594
                0x20001cb4                . = ALIGN (0x4)
                [!provide]                PROVIDE (end, .)
                [!provide]                PROVIDE (_end, .)
                0x20001eb4                . = (. + _Min_Heap_Size)
 *fill*         0x20001cb4      0x200 
                0x200022b4                . = (. + _Min_Stack_Size)
 *fill*         0x20001eb4      0x400 
                0x200022b4                . = ALIGN (0x4)

/DISCARD/
 libc.a(*)
 libm.a(*)
 libgcc.a(*)

.ARM.attributes
                0x00000000       0x29
 *(.ARM.attributes)
 .ARM.attributes
                0x00000000       0x1d c:/program files (x86)/atollic/truestudio for arm 8.0.0/armtools/bin/../lib/gcc/arm-atollic-eabi/6.3.1/armv7-m/crti.o
 .ARM.attributes
                0x0000001d       0x2d c:/program files (x86)/atollic/truestudio for arm 8.0.0/armtools/bin/../lib/gcc/arm-atollic-eabi/6.3.1/armv7-m/crtbegin.o
 .ARM.attributes
                0x0000004a       0x33 Drivers\STM32F1xx_HAL_Driver\Src\stm32f1xx_hal.o
 .ARM.attributes
                0x0000007d       0x33 Drivers\STM32F1xx_HAL_Driver\Src\stm32f1xx_hal_cortex.o
 .ARM.attributes
                0x000000b0       0x33 Drivers\STM32F1xx_HAL_Driver\Src\stm32f1xx_hal_gpio.o
 .ARM.attributes
                0x000000e3       0x33 Drivers\STM32F1xx_HAL_Driver\Src\stm32f1xx_hal_pcd.o
 .ARM.attributes
                0x00000116       0x33 Drivers\STM32F1xx_HAL_Driver\Src\stm32f1xx_hal_pcd_ex.o
 .ARM.attributes
                0x00000149       0x33 Drivers\STM32F1xx_HAL_Driver\Src\stm32f1xx_hal_rcc.o
 .ARM.attributes
                0x0000017c       0x33 Drivers\STM32F1xx_HAL_Driver\Src\stm32f1xx_hal_rcc_ex.o
 .ARM.attributes
                0x000001af       0x33 Drivers\STM32F1xx_HAL_Driver\Src\stm32f1xx_hal_spi.o
 .ARM.attributes
                0x000001e2       0x33 Drivers\STM32F1xx_HAL_Driver\Src\stm32f1xx_hal_spi_ex.o
 .ARM.attributes
                0x00000215       0x33 Drivers\STM32F1xx_HAL_Driver\Src\stm32f1xx_ll_usb.o
 .ARM.attributes
                0x00000248       0x33 Middlewares\ST\STM32_USB_Device_Library\Class\CDC\Src\usbd_cdc.o
 .ARM.attributes
                0x0000027b       0x33 Middlewares\ST\STM32_USB_Device_Library\Core\Src\usbd_core.o
 .ARM.attributes
                0x000002ae       0x33 Middlewares\ST\STM32_USB_Device_Library\Core\Src\usbd_ctlreq.o
 .ARM.attributes
                0x000002e1       0x33 Middlewares\ST\STM32_USB_Device_Library\Core\Src\usbd_ioreq.o
 .ARM.attributes
                0x00000314       0x33 Src\decadriver\deca_device.o
 .ARM.attributes
                0x00000347       0x33 Src\main.o
 .ARM.attributes
                0x0000037a       0x33 Src\platform\deca_mutex.o
 .ARM.attributes
                0x000003ad       0x33 Src\platform\deca_spi.o
 .ARM.attributes
                0x000003e0       0x33 Src\platform\port.o
 .ARM.attributes
                0x00000413       0x33 Src\stm32f1xx_hal_msp.o
 .ARM.attributes
                0x00000446       0x33 Src\stm32f1xx_it.o
 .ARM.attributes
                0x00000479       0x33 Src\system_stm32f1xx.o
 .ARM.attributes
                0x000004ac       0x33 Src\usb_device.o
 .ARM.attributes
                0x000004df       0x33 Src\usbd_cdc_if.o
 .ARM.attributes
                0x00000512       0x33 Src\usbd_conf.o
 .ARM.attributes
                0x00000545       0x33 Src\usbd_desc.o
 .ARM.attributes
                0x00000578       0x21 startup\startup_stm32f103xb.o
 .ARM.attributes
                0x00000599       0x2d c:/program files (x86)/atollic/truestudio for arm 8.0.0/armtools/bin/../lib/gcc/arm-atollic-eabi/6.3.1/../../../../arm-atollic-eabi/lib/armv7-m\libc_nano.a(lib_a-init.o)
 .ARM.attributes
                0x000005c6       0x2d c:/program files (x86)/atollic/truestudio for arm 8.0.0/armtools/bin/../lib/gcc/arm-atollic-eabi/6.3.1/../../../../arm-atollic-eabi/lib/armv7-m\libc_nano.a(lib_a-memcpy-stub.o)
 .ARM.attributes
                0x000005f3       0x1d c:/program files (x86)/atollic/truestudio for arm 8.0.0/armtools/bin/../lib/gcc/arm-atollic-eabi/6.3.1/armv7-m/crtn.o
OUTPUT(TD.elf elf32-littlearm)

.debug_info     0x00000000    0x20f0d
 .debug_info    0x00000000      0xece Drivers\STM32F1xx_HAL_Driver\Src\stm32f1xx_hal.o
 .debug_info    0x00000ece     0x1463 Drivers\STM32F1xx_HAL_Driver\Src\stm32f1xx_hal_cortex.o
 .debug_info    0x00002331      0xe7c Drivers\STM32F1xx_HAL_Driver\Src\stm32f1xx_hal_gpio.o
 .debug_info    0x000031ad     0x197a Drivers\STM32F1xx_HAL_Driver\Src\stm32f1xx_hal_pcd.o
 .debug_info    0x00004b27      0xdfe Drivers\STM32F1xx_HAL_Driver\Src\stm32f1xx_hal_pcd_ex.o
 .debug_info    0x00005925     0x118f Drivers\STM32F1xx_HAL_Driver\Src\stm32f1xx_hal_rcc.o
 .debug_info    0x00006ab4      0xc57 Drivers\STM32F1xx_HAL_Driver\Src\stm32f1xx_hal_rcc_ex.o
 .debug_info    0x0000770b     0x2318 Drivers\STM32F1xx_HAL_Driver\Src\stm32f1xx_hal_spi.o
 .debug_info    0x00009a23      0xe1b Drivers\STM32F1xx_HAL_Driver\Src\stm32f1xx_hal_spi_ex.o
 .debug_info    0x0000a83e     0x1701 Drivers\STM32F1xx_HAL_Driver\Src\stm32f1xx_ll_usb.o
 .debug_info    0x0000bf3f     0x14f6 Middlewares\ST\STM32_USB_Device_Library\Class\CDC\Src\usbd_cdc.o
 .debug_info    0x0000d435     0x1466 Middlewares\ST\STM32_USB_Device_Library\Core\Src\usbd_core.o
 .debug_info    0x0000e89b     0x1499 Middlewares\ST\STM32_USB_Device_Library\Core\Src\usbd_ctlreq.o
 .debug_info    0x0000fd34      0xfc5 Middlewares\ST\STM32_USB_Device_Library\Core\Src\usbd_ioreq.o
 .debug_info    0x00010cf9     0x3748 Src\decadriver\deca_device.o
 .debug_info    0x00014441     0x19cb Src\main.o
 .debug_info    0x00015e0c      0xa10 Src\platform\deca_mutex.o
 .debug_info    0x0001681c     0x10fb Src\platform\deca_spi.o
 .debug_info    0x00017917     0x1bb5 Src\platform\port.o
 .debug_info    0x000194cc     0x129f Src\stm32f1xx_hal_msp.o
 .debug_info    0x0001a76b      0xe45 Src\stm32f1xx_it.o
 .debug_info    0x0001b5b0      0xc07 Src\system_stm32f1xx.o
 .debug_info    0x0001c1b7      0xe80 Src\usb_device.o
 .debug_info    0x0001d037     0x1090 Src\usbd_cdc_if.o
 .debug_info    0x0001e0c7     0x205d Src\usbd_conf.o
 .debug_info    0x00020124      0xd71 Src\usbd_desc.o
 .debug_info    0x00020e95       0x78 startup\startup_stm32f103xb.o

.debug_abbrev   0x00000000     0x463f
 .debug_abbrev  0x00000000      0x2c2 Drivers\STM32F1xx_HAL_Driver\Src\stm32f1xx_hal.o
 .debug_abbrev  0x000002c2      0x399 Drivers\STM32F1xx_HAL_Driver\Src\stm32f1xx_hal_cortex.o
 .debug_abbrev  0x0000065b      0x268 Drivers\STM32F1xx_HAL_Driver\Src\stm32f1xx_hal_gpio.o
 .debug_abbrev  0x000008c3      0x39a Drivers\STM32F1xx_HAL_Driver\Src\stm32f1xx_hal_pcd.o
 .debug_abbrev  0x00000c5d      0x1f5 Drivers\STM32F1xx_HAL_Driver\Src\stm32f1xx_hal_pcd_ex.o
 .debug_abbrev  0x00000e52      0x354 Drivers\STM32F1xx_HAL_Driver\Src\stm32f1xx_hal_rcc.o
 .debug_abbrev  0x000011a6      0x277 Drivers\STM32F1xx_HAL_Driver\Src\stm32f1xx_hal_rcc_ex.o
 .debug_abbrev  0x0000141d      0x39b Drivers\STM32F1xx_HAL_Driver\Src\stm32f1xx_hal_spi.o
 .debug_abbrev  0x000017b8      0x1d8 Drivers\STM32F1xx_HAL_Driver\Src\stm32f1xx_hal_spi_ex.o
 .debug_abbrev  0x00001990      0x31c Drivers\STM32F1xx_HAL_Driver\Src\stm32f1xx_ll_usb.o
 .debug_abbrev  0x00001cac      0x2e8 Middlewares\ST\STM32_USB_Device_Library\Class\CDC\Src\usbd_cdc.o
 .debug_abbrev  0x00001f94      0x308 Middlewares\ST\STM32_USB_Device_Library\Core\Src\usbd_core.o
 .debug_abbrev  0x0000229c      0x3aa Middlewares\ST\STM32_USB_Device_Library\Core\Src\usbd_ctlreq.o
 .debug_abbrev  0x00002646      0x1da Middlewares\ST\STM32_USB_Device_Library\Core\Src\usbd_ioreq.o
 .debug_abbrev  0x00002820      0x313 Src\decadriver\deca_device.o
 .debug_abbrev  0x00002b33      0x2f1 Src\main.o
 .debug_abbrev  0x00002e24      0x201 Src\platform\deca_mutex.o
 .debug_abbrev  0x00003025      0x269 Src\platform\deca_spi.o
 .debug_abbrev  0x0000328e      0x372 Src\platform\port.o
 .debug_abbrev  0x00003600      0x223 Src\stm32f1xx_hal_msp.o
 .debug_abbrev  0x00003823      0x238 Src\stm32f1xx_it.o
 .debug_abbrev  0x00003a5b      0x1eb Src\system_stm32f1xx.o
 .debug_abbrev  0x00003c46      0x1e0 Src\usb_device.o
 .debug_abbrev  0x00003e26      0x2ab Src\usbd_cdc_if.o
 .debug_abbrev  0x000040d1      0x2ea Src\usbd_conf.o
 .debug_abbrev  0x000043bb      0x272 Src\usbd_desc.o
 .debug_abbrev  0x0000462d       0x12 startup\startup_stm32f103xb.o

.debug_loc      0x00000000     0x7c48
 .debug_loc     0x00000000       0x69 Drivers\STM32F1xx_HAL_Driver\Src\stm32f1xx_hal.o
 .debug_loc     0x00000069      0x46b Drivers\STM32F1xx_HAL_Driver\Src\stm32f1xx_hal_cortex.o
 .debug_loc     0x000004d4      0x36a Drivers\STM32F1xx_HAL_Driver\Src\stm32f1xx_hal_gpio.o
 .debug_loc     0x0000083e      0x995 Drivers\STM32F1xx_HAL_Driver\Src\stm32f1xx_hal_pcd.o
 .debug_loc     0x000011d3       0xe0 Drivers\STM32F1xx_HAL_Driver\Src\stm32f1xx_hal_pcd_ex.o
 .debug_loc     0x000012b3      0x404 Drivers\STM32F1xx_HAL_Driver\Src\stm32f1xx_hal_rcc.o
 .debug_loc     0x000016b7      0x29d Drivers\STM32F1xx_HAL_Driver\Src\stm32f1xx_hal_rcc_ex.o
 .debug_loc     0x00001954     0x1525 Drivers\STM32F1xx_HAL_Driver\Src\stm32f1xx_hal_spi.o
 .debug_loc     0x00002e79       0x34 Drivers\STM32F1xx_HAL_Driver\Src\stm32f1xx_hal_spi_ex.o
 .debug_loc     0x00002ead      0xb9c Drivers\STM32F1xx_HAL_Driver\Src\stm32f1xx_ll_usb.o
 .debug_loc     0x00003a49      0x4cf Middlewares\ST\STM32_USB_Device_Library\Class\CDC\Src\usbd_cdc.o
 .debug_loc     0x00003f18      0x5f2 Middlewares\ST\STM32_USB_Device_Library\Core\Src\usbd_core.o
 .debug_loc     0x0000450a      0x7cd Middlewares\ST\STM32_USB_Device_Library\Core\Src\usbd_ctlreq.o
 .debug_loc     0x00004cd7      0x23c Middlewares\ST\STM32_USB_Device_Library\Core\Src\usbd_ioreq.o
 .debug_loc     0x00004f13     0x1bb0 Src\decadriver\deca_device.o
 .debug_loc     0x00006ac3       0x4a Src\platform\deca_mutex.o
 .debug_loc     0x00006b0d      0x14a Src\platform\deca_spi.o
 .debug_loc     0x00006c57      0x1f3 Src\platform\port.o
 .debug_loc     0x00006e4a       0x4d Src\stm32f1xx_hal_msp.o
 .debug_loc     0x00006e97       0xcd Src\system_stm32f1xx.o
 .debug_loc     0x00006f64      0x10c Src\usbd_cdc_if.o
 .debug_loc     0x00007070      0x965 Src\usbd_conf.o
 .debug_loc     0x000079d5      0x273 Src\usbd_desc.o

.debug_aranges  0x00000000      0xe48
 .debug_aranges
                0x00000000       0xb0 Drivers\STM32F1xx_HAL_Driver\Src\stm32f1xx_hal.o
 .debug_aranges
                0x000000b0       0x90 Drivers\STM32F1xx_HAL_Driver\Src\stm32f1xx_hal_cortex.o
 .debug_aranges
                0x00000140       0x58 Drivers\STM32F1xx_HAL_Driver\Src\stm32f1xx_hal_gpio.o
 .debug_aranges
                0x00000198       0xc0 Drivers\STM32F1xx_HAL_Driver\Src\stm32f1xx_hal_pcd.o
 .debug_aranges
                0x00000258       0x28 Drivers\STM32F1xx_HAL_Driver\Src\stm32f1xx_hal_pcd_ex.o
 .debug_aranges
                0x00000280       0x88 Drivers\STM32F1xx_HAL_Driver\Src\stm32f1xx_hal_rcc.o
 .debug_aranges
                0x00000308       0x30 Drivers\STM32F1xx_HAL_Driver\Src\stm32f1xx_hal_rcc_ex.o
 .debug_aranges
                0x00000338      0x188 Drivers\STM32F1xx_HAL_Driver\Src\stm32f1xx_hal_spi.o
 .debug_aranges
                0x000004c0       0x20 Drivers\STM32F1xx_HAL_Driver\Src\stm32f1xx_hal_spi_ex.o
 .debug_aranges
                0x000004e0       0xe0 Drivers\STM32F1xx_HAL_Driver\Src\stm32f1xx_ll_usb.o
 .debug_aranges
                0x000005c0       0x90 Middlewares\ST\STM32_USB_Device_Library\Class\CDC\Src\usbd_cdc.o
 .debug_aranges
                0x00000650       0xa8 Middlewares\ST\STM32_USB_Device_Library\Core\Src\usbd_core.o
 .debug_aranges
                0x000006f8       0x50 Middlewares\ST\STM32_USB_Device_Library\Core\Src\usbd_ctlreq.o
 .debug_aranges
                0x00000748       0x50 Middlewares\ST\STM32_USB_Device_Library\Core\Src\usbd_ioreq.o
 .debug_aranges
                0x00000798      0x2d8 Src\decadriver\deca_device.o
 .debug_aranges
                0x00000a70       0x30 Src\main.o
 .debug_aranges
                0x00000aa0       0x28 Src\platform\deca_mutex.o
 .debug_aranges
                0x00000ac8       0x30 Src\platform\deca_spi.o
 .debug_aranges
                0x00000af8       0xb8 Src\platform\port.o
 .debug_aranges
                0x00000bb0       0x30 Src\stm32f1xx_hal_msp.o
 .debug_aranges
                0x00000be0       0x58 Src\stm32f1xx_it.o
 .debug_aranges
                0x00000c38       0x28 Src\system_stm32f1xx.o
 .debug_aranges
                0x00000c60       0x20 Src\usb_device.o
 .debug_aranges
                0x00000c80       0x40 Src\usbd_cdc_if.o
 .debug_aranges
                0x00000cc0      0x110 Src\usbd_conf.o
 .debug_aranges
                0x00000dd0       0x50 Src\usbd_desc.o
 .debug_aranges
                0x00000e20       0x28 startup\startup_stm32f103xb.o

.debug_ranges   0x00000000     0x1178
 .debug_ranges  0x00000000       0xa0 Drivers\STM32F1xx_HAL_Driver\Src\stm32f1xx_hal.o
 .debug_ranges  0x000000a0      0x128 Drivers\STM32F1xx_HAL_Driver\Src\stm32f1xx_hal_cortex.o
 .debug_ranges  0x000001c8       0x60 Drivers\STM32F1xx_HAL_Driver\Src\stm32f1xx_hal_gpio.o
 .debug_ranges  0x00000228      0x118 Drivers\STM32F1xx_HAL_Driver\Src\stm32f1xx_hal_pcd.o
 .debug_ranges  0x00000340       0x18 Drivers\STM32F1xx_HAL_Driver\Src\stm32f1xx_hal_pcd_ex.o
 .debug_ranges  0x00000358       0xa0 Drivers\STM32F1xx_HAL_Driver\Src\stm32f1xx_hal_rcc.o
 .debug_ranges  0x000003f8       0x40 Drivers\STM32F1xx_HAL_Driver\Src\stm32f1xx_hal_rcc_ex.o
 .debug_ranges  0x00000438      0x1d8 Drivers\STM32F1xx_HAL_Driver\Src\stm32f1xx_hal_spi.o
 .debug_ranges  0x00000610       0x10 Drivers\STM32F1xx_HAL_Driver\Src\stm32f1xx_hal_spi_ex.o
 .debug_ranges  0x00000620      0x260 Drivers\STM32F1xx_HAL_Driver\Src\stm32f1xx_ll_usb.o
 .debug_ranges  0x00000880       0x80 Middlewares\ST\STM32_USB_Device_Library\Class\CDC\Src\usbd_cdc.o
 .debug_ranges  0x00000900       0x98 Middlewares\ST\STM32_USB_Device_Library\Core\Src\usbd_core.o
 .debug_ranges  0x00000998       0xc0 Middlewares\ST\STM32_USB_Device_Library\Core\Src\usbd_ctlreq.o
 .debug_ranges  0x00000a58       0x40 Middlewares\ST\STM32_USB_Device_Library\Core\Src\usbd_ioreq.o
 .debug_ranges  0x00000a98      0x2f8 Src\decadriver\deca_device.o
 .debug_ranges  0x00000d90       0x80 Src\main.o
 .debug_ranges  0x00000e10       0x18 Src\platform\deca_mutex.o
 .debug_ranges  0x00000e28       0x20 Src\platform\deca_spi.o
 .debug_ranges  0x00000e48       0xa8 Src\platform\port.o
 .debug_ranges  0x00000ef0       0x60 Src\stm32f1xx_hal_msp.o
 .debug_ranges  0x00000f50       0x48 Src\stm32f1xx_it.o
 .debug_ranges  0x00000f98       0x18 Src\system_stm32f1xx.o
 .debug_ranges  0x00000fb0       0x10 Src\usb_device.o
 .debug_ranges  0x00000fc0       0x30 Src\usbd_cdc_if.o
 .debug_ranges  0x00000ff0      0x128 Src\usbd_conf.o
 .debug_ranges  0x00001118       0x40 Src\usbd_desc.o
 .debug_ranges  0x00001158       0x20 startup\startup_stm32f103xb.o

.debug_line     0x00000000     0x7c64
 .debug_line    0x00000000      0x406 Drivers\STM32F1xx_HAL_Driver\Src\stm32f1xx_hal.o
 .debug_line    0x00000406      0x42c Drivers\STM32F1xx_HAL_Driver\Src\stm32f1xx_hal_cortex.o
 .debug_line    0x00000832      0x445 Drivers\STM32F1xx_HAL_Driver\Src\stm32f1xx_hal_gpio.o
 .debug_line    0x00000c77      0x6e9 Drivers\STM32F1xx_HAL_Driver\Src\stm32f1xx_hal_pcd.o
 .debug_line    0x00001360      0x2e6 Drivers\STM32F1xx_HAL_Driver\Src\stm32f1xx_hal_pcd_ex.o
 .debug_line    0x00001646      0x5f9 Drivers\STM32F1xx_HAL_Driver\Src\stm32f1xx_hal_rcc.o
 .debug_line    0x00001c3f      0x3c6 Drivers\STM32F1xx_HAL_Driver\Src\stm32f1xx_hal_rcc_ex.o
 .debug_line    0x00002005      0xbe5 Drivers\STM32F1xx_HAL_Driver\Src\stm32f1xx_hal_spi.o
 .debug_line    0x00002bea      0x2ec Drivers\STM32F1xx_HAL_Driver\Src\stm32f1xx_hal_spi_ex.o
 .debug_line    0x00002ed6      0x60f Drivers\STM32F1xx_HAL_Driver\Src\stm32f1xx_ll_usb.o
 .debug_line    0x000034e5      0x504 Middlewares\ST\STM32_USB_Device_Library\Class\CDC\Src\usbd_cdc.o
 .debug_line    0x000039e9      0x4ee Middlewares\ST\STM32_USB_Device_Library\Core\Src\usbd_core.o
 .debug_line    0x00003ed7      0x46e Middlewares\ST\STM32_USB_Device_Library\Core\Src\usbd_ctlreq.o
 .debug_line    0x00004345      0x384 Middlewares\ST\STM32_USB_Device_Library\Core\Src\usbd_ioreq.o
 .debug_line    0x000046c9      0xa08 Src\decadriver\deca_device.o
 .debug_line    0x000050d1      0x4ba Src\main.o
 .debug_line    0x0000558b      0x30c Src\platform\deca_mutex.o
 .debug_line    0x00005897      0x368 Src\platform\deca_spi.o
 .debug_line    0x00005bff      0x659 Src\platform\port.o
 .debug_line    0x00006258      0x329 Src\stm32f1xx_hal_msp.o
 .debug_line    0x00006581      0x35a Src\stm32f1xx_it.o
 .debug_line    0x000068db      0x282 Src\system_stm32f1xx.o
 .debug_line    0x00006b5d      0x35e Src\usb_device.o
 .debug_line    0x00006ebb      0x37f Src\usbd_cdc_if.o
 .debug_line    0x0000723a      0x649 Src\usbd_conf.o
 .debug_line    0x00007883      0x364 Src\usbd_desc.o
 .debug_line    0x00007be7       0x7d startup\startup_stm32f103xb.o

.debug_str      0x00000000     0x41f6
 .debug_str     0x00000000      0xb04 Drivers\STM32F1xx_HAL_Driver\Src\stm32f1xx_hal.o
                                0xbb8 (size before relaxing)
 .debug_str     0x00000b04      0x2e1 Drivers\STM32F1xx_HAL_Driver\Src\stm32f1xx_hal_cortex.o
                                0xd1c (size before relaxing)
 .debug_str     0x00000de5      0x1c4 Drivers\STM32F1xx_HAL_Driver\Src\stm32f1xx_hal_gpio.o
                                0x889 (size before relaxing)
 .debug_str     0x00000fa9      0x7d3 Drivers\STM32F1xx_HAL_Driver\Src\stm32f1xx_hal_pcd.o
                                0xe83 (size before relaxing)
 .debug_str     0x0000177c       0x57 Drivers\STM32F1xx_HAL_Driver\Src\stm32f1xx_hal_pcd_ex.o
                                0x9ae (size before relaxing)
 .debug_str     0x000017d3      0x326 Drivers\STM32F1xx_HAL_Driver\Src\stm32f1xx_hal_rcc.o
                                0xa67 (size before relaxing)
 .debug_str     0x00001af9      0x12b Drivers\STM32F1xx_HAL_Driver\Src\stm32f1xx_hal_rcc_ex.o
                                0x844 (size before relaxing)
 .debug_str     0x00001c24      0x856 Drivers\STM32F1xx_HAL_Driver\Src\stm32f1xx_hal_spi.o
                                0xf5c (size before relaxing)
 .debug_str     0x0000247a       0x3b Drivers\STM32F1xx_HAL_Driver\Src\stm32f1xx_hal_spi_ex.o
                                0xa44 (size before relaxing)
 .debug_str     0x000024b5      0x151 Drivers\STM32F1xx_HAL_Driver\Src\stm32f1xx_ll_usb.o
                                0xb81 (size before relaxing)
 .debug_str     0x00002606      0x64f Middlewares\ST\STM32_USB_Device_Library\Class\CDC\Src\usbd_cdc.o
                                0xd2d (size before relaxing)
 .debug_str     0x00002c55      0x2a0 Middlewares\ST\STM32_USB_Device_Library\Core\Src\usbd_core.o
                                0xc9f (size before relaxing)
 .debug_str     0x00002ef5      0x12e Middlewares\ST\STM32_USB_Device_Library\Core\Src\usbd_ctlreq.o
                                0xbb9 (size before relaxing)
 .debug_str     0x00003023       0x51 Middlewares\ST\STM32_USB_Device_Library\Core\Src\usbd_ioreq.o
                                0xae6 (size before relaxing)
 .debug_str     0x00003074      0xb34 Src\decadriver\deca_device.o
                                0xd2c (size before relaxing)
 .debug_str     0x00003ba8      0x113 Src\main.o
                               0x1431 (size before relaxing)
 .debug_str     0x00003cbb       0x46 Src\platform\deca_mutex.o
                                0x6f7 (size before relaxing)
 .debug_str     0x00003d01       0x87 Src\platform\deca_spi.o
                                0xb44 (size before relaxing)
 .debug_str     0x00003d88      0x13a Src\platform\port.o
                               0x1408 (size before relaxing)
 .debug_str     0x00003ec2       0x1b Src\stm32f1xx_hal_msp.o
                                0xdd9 (size before relaxing)
 .debug_str     0x00003edd       0xde Src\stm32f1xx_it.o
                                0xa1c (size before relaxing)
 .debug_str     0x00003fbb       0x4d Src\system_stm32f1xx.o
                                0x6f2 (size before relaxing)
 .debug_str     0x00004008       0x14 Src\usb_device.o
                                0xa7f (size before relaxing)
 .debug_str     0x0000401c       0x7b Src\usbd_cdc_if.o
                                0xb79 (size before relaxing)
 .debug_str     0x00004097       0x51 Src\usbd_conf.o
                               0x1580 (size before relaxing)
 .debug_str     0x000040e8      0x10e Src\usbd_desc.o
                                0x85a (size before relaxing)

.comment        0x00000000       0x7c
 .comment       0x00000000       0x7c Drivers\STM32F1xx_HAL_Driver\Src\stm32f1xx_hal.o
                                 0x7d (size before relaxing)
 .comment       0x0000007c       0x7d Drivers\STM32F1xx_HAL_Driver\Src\stm32f1xx_hal_cortex.o
 .comment       0x0000007c       0x7d Drivers\STM32F1xx_HAL_Driver\Src\stm32f1xx_hal_gpio.o
 .comment       0x0000007c       0x7d Drivers\STM32F1xx_HAL_Driver\Src\stm32f1xx_hal_pcd.o
 .comment       0x0000007c       0x7d Drivers\STM32F1xx_HAL_Driver\Src\stm32f1xx_hal_pcd_ex.o
 .comment       0x0000007c       0x7d Drivers\STM32F1xx_HAL_Driver\Src\stm32f1xx_hal_rcc.o
 .comment       0x0000007c       0x7d Drivers\STM32F1xx_HAL_Driver\Src\stm32f1xx_hal_rcc_ex.o
 .comment       0x0000007c       0x7d Drivers\STM32F1xx_HAL_Driver\Src\stm32f1xx_hal_spi.o
 .comment       0x0000007c       0x7d Drivers\STM32F1xx_HAL_Driver\Src\stm32f1xx_hal_spi_ex.o
 .comment       0x0000007c       0x7d Drivers\STM32F1xx_HAL_Driver\Src\stm32f1xx_ll_usb.o
 .comment       0x0000007c       0x7d Middlewares\ST\STM32_USB_Device_Library\Class\CDC\Src\usbd_cdc.o
 .comment       0x0000007c       0x7d Middlewares\ST\STM32_USB_Device_Library\Core\Src\usbd_core.o
 .comment       0x0000007c       0x7d Middlewares\ST\STM32_USB_Device_Library\Core\Src\usbd_ctlreq.o
 .comment       0x0000007c       0x7d Middlewares\ST\STM32_USB_Device_Library\Core\Src\usbd_ioreq.o
 .comment       0x0000007c       0x7d Src\decadriver\deca_device.o
 .comment       0x0000007c       0x7d Src\main.o
 .comment       0x0000007c       0x7d Src\platform\deca_mutex.o
 .comment       0x0000007c       0x7d Src\platform\deca_spi.o
 .comment       0x0000007c       0x7d Src\platform\port.o
 .comment       0x0000007c       0x7d Src\stm32f1xx_hal_msp.o
 .comment       0x0000007c       0x7d Src\stm32f1xx_it.o
 .comment       0x0000007c       0x7d Src\system_stm32f1xx.o
 .comment       0x0000007c       0x7d Src\usb_device.o
 .comment       0x0000007c       0x7d Src\usbd_cdc_if.o
 .comment       0x0000007c       0x7d Src\usbd_conf.o
 .comment       0x0000007c       0x7d Src\usbd_desc.o

.debug_frame    0x00000000     0x2624
 .debug_frame   0x00000000      0x174 Drivers\STM32F1xx_HAL_Driver\Src\stm32f1xx_hal.o
 .debug_frame   0x00000174      0x120 Drivers\STM32F1xx_HAL_Driver\Src\stm32f1xx_hal_cortex.o
 .debug_frame   0x00000294       0xd4 Drivers\STM32F1xx_HAL_Driver\Src\stm32f1xx_hal_gpio.o
 .debug_frame   0x00000368      0x2c4 Drivers\STM32F1xx_HAL_Driver\Src\stm32f1xx_hal_pcd.o
 .debug_frame   0x0000062c       0x30 Drivers\STM32F1xx_HAL_Driver\Src\stm32f1xx_hal_pcd_ex.o
 .debug_frame   0x0000065c      0x144 Drivers\STM32F1xx_HAL_Driver\Src\stm32f1xx_hal_rcc.o
 .debug_frame   0x000007a0       0x6c Drivers\STM32F1xx_HAL_Driver\Src\stm32f1xx_hal_rcc_ex.o
 .debug_frame   0x0000080c      0x570 Drivers\STM32F1xx_HAL_Driver\Src\stm32f1xx_hal_spi.o
 .debug_frame   0x00000d7c       0x28 Drivers\STM32F1xx_HAL_Driver\Src\stm32f1xx_hal_spi_ex.o
 .debug_frame   0x00000da4      0x22c Drivers\STM32F1xx_HAL_Driver\Src\stm32f1xx_ll_usb.o
 .debug_frame   0x00000fd0      0x14c Middlewares\ST\STM32_USB_Device_Library\Class\CDC\Src\usbd_cdc.o
 .debug_frame   0x0000111c      0x1c0 Middlewares\ST\STM32_USB_Device_Library\Core\Src\usbd_core.o
 .debug_frame   0x000012dc       0xcc Middlewares\ST\STM32_USB_Device_Library\Core\Src\usbd_ctlreq.o
 .debug_frame   0x000013a8       0xb8 Middlewares\ST\STM32_USB_Device_Library\Core\Src\usbd_ioreq.o
 .debug_frame   0x00001460      0x8d4 Src\decadriver\deca_device.o
 .debug_frame   0x00001d34       0x58 Src\main.o
 .debug_frame   0x00001d8c       0x38 Src\platform\deca_mutex.o
 .debug_frame   0x00001dc4       0x80 Src\platform\deca_spi.o
 .debug_frame   0x00001e44      0x264 Src\platform\port.o
 .debug_frame   0x000020a8       0x54 Src\stm32f1xx_hal_msp.o
 .debug_frame   0x000020fc       0xcc Src\stm32f1xx_it.o
 .debug_frame   0x000021c8       0x30 Src\system_stm32f1xx.o
 .debug_frame   0x000021f8       0x2c Src\usb_device.o
 .debug_frame   0x00002224       0x80 Src\usbd_cdc_if.o
 .debug_frame   0x000022a4      0x284 Src\usbd_conf.o
 .debug_frame   0x00002528       0xa8 Src\usbd_desc.o
 .debug_frame   0x000025d0       0x2c c:/program files (x86)/atollic/truestudio for arm 8.0.0/armtools/bin/../lib/gcc/arm-atollic-eabi/6.3.1/../../../../arm-atollic-eabi/lib/armv7-m\libc_nano.a(lib_a-init.o)
 .debug_frame   0x000025fc       0x28 c:/program files (x86)/atollic/truestudio for arm 8.0.0/armtools/bin/../lib/gcc/arm-atollic-eabi/6.3.1/../../../../arm-atollic-eabi/lib/armv7-m\libc_nano.a(lib_a-memcpy-stub.o)
