Archive member included to satisfy reference by file (symbol)

c:/program files (x86)/atollic/truestudio for arm 8.0.0/armtools/bin/../lib/gcc/arm-atollic-eabi/6.3.1/../../../../arm-atollic-eabi/lib/armv7-m\libc_nano.a(lib_a-init.o)
                              startup\startup_stm32f103xb.o (__libc_init_array)
c:/program files (x86)/atollic/truestudio for arm 8.0.0/armtools/bin/../lib/gcc/arm-atollic-eabi/6.3.1/../../../../arm-atollic-eabi/lib/armv7-m\libc_nano.a(lib_a-memcmp.o)
                              Src\main.o (memcmp)
c:/program files (x86)/atollic/truestudio for arm 8.0.0/armtools/bin/../lib/gcc/arm-atollic-eabi/6.3.1/../../../../arm-atollic-eabi/lib/armv7-m\libc_nano.a(lib_a-memcpy-stub.o)
                              Src\platform\deca_spi.o (memcpy)
c:/program files (x86)/atollic/truestudio for arm 8.0.0/armtools/bin/../lib/gcc/arm-atollic-eabi/6.3.1/../../../../arm-atollic-eabi/lib/armv7-m\libc_nano.a(lib_a-memset.o)
                              Drivers\STM32F1xx_HAL_Driver\Src\stm32f1xx_hal_rcc.o (memset)
c:/program files (x86)/atollic/truestudio for arm 8.0.0/armtools/bin/../lib/gcc/arm-atollic-eabi/6.3.1/armv7-m\libgcc.a(_lshrdi3.o)
                              Drivers\STM32F1xx_HAL_Driver\Src\stm32f1xx_hal_flash.o (__aeabi_llsr)
c:/program files (x86)/atollic/truestudio for arm 8.0.0/armtools/bin/../lib/gcc/arm-atollic-eabi/6.3.1/armv7-m\libgcc.a(_arm_addsubdf3.o)
                              Src\platform\deca_range_tables.o (__aeabi_f2d)
c:/program files (x86)/atollic/truestudio for arm 8.0.0/armtools/bin/../lib/gcc/arm-atollic-eabi/6.3.1/armv7-m\libgcc.a(_arm_muldivdf3.o)
                              Src\platform\deca_range_tables.o (__aeabi_dmul)
c:/program files (x86)/atollic/truestudio for arm 8.0.0/armtools/bin/../lib/gcc/arm-atollic-eabi/6.3.1/armv7-m\libgcc.a(_arm_fixdfsi.o)
                              Src\platform\deca_range_tables.o (__aeabi_d2iz)
c:/program files (x86)/atollic/truestudio for arm 8.0.0/armtools/bin/../lib/gcc/arm-atollic-eabi/6.3.1/armv7-m\libgcc.a(_arm_addsubsf3.o)
                              Src\platform\deca_range_tables.o (__aeabi_i2f)

Allocating common symbols
Common symbol       size              file

hUsbDeviceFS        0x224             Src\usb_device.o
uwTick              0x4               Drivers\STM32F1xx_HAL_Driver\Src\stm32f1xx_hal.o
pFlash              0x20              Drivers\STM32F1xx_HAL_Driver\Src\stm32f1xx_hal_flash.o
UserRxBufferFS      0x800             Src\usbd_cdc_if.o
UserTxBufferFS      0x800             Src\usbd_cdc_if.o
hspi1               0x58              Src\main.o
hpcd_USB_FS         0x460             Src\usbd_conf.o
USBD_StrDesc        0x200             Src\usbd_desc.o

Discarded input sections

 .text          0x00000000        0x0 c:/program files (x86)/atollic/truestudio for arm 8.0.0/armtools/bin/../lib/gcc/arm-atollic-eabi/6.3.1/armv7-m/crti.o
 .data          0x00000000        0x0 c:/program files (x86)/atollic/truestudio for arm 8.0.0/armtools/bin/../lib/gcc/arm-atollic-eabi/6.3.1/armv7-m/crti.o
 .bss           0x00000000        0x0 c:/program files (x86)/atollic/truestudio for arm 8.0.0/armtools/bin/../lib/gcc/arm-atollic-eabi/6.3.1/armv7-m/crti.o
 .data          0x00000000        0x4 c:/program files (x86)/atollic/truestudio for arm 8.0.0/armtools/bin/../lib/gcc/arm-atollic-eabi/6.3.1/armv7-m/crtbegin.o
 .text          0x00000000        0x0 Drivers\STM32F1xx_HAL_Driver\Src\stm32f1xx_hal.o
 .data          0x00000000        0x0 Drivers\STM32F1xx_HAL_Driver\Src\stm32f1xx_hal.o
 .bss           0x00000000        0x0 Drivers\STM32F1xx_HAL_Driver\Src\stm32f1xx_hal.o
 .text.HAL_MspInit
                0x00000000        0x2 Drivers\STM32F1xx_HAL_Driver\Src\stm32f1xx_hal.o
 .text.HAL_MspDeInit
                0x00000000        0x2 Drivers\STM32F1xx_HAL_Driver\Src\stm32f1xx_hal.o
 .text.HAL_DeInit
                0x00000000       0x20 Drivers\STM32F1xx_HAL_Driver\Src\stm32f1xx_hal.o
 .text.HAL_SuspendTick
                0x00000000       0x10 Drivers\STM32F1xx_HAL_Driver\Src\stm32f1xx_hal.o
 .text.HAL_ResumeTick
                0x00000000       0x10 Drivers\STM32F1xx_HAL_Driver\Src\stm32f1xx_hal.o
 .text.HAL_GetHalVersion
                0x00000000        0x8 Drivers\STM32F1xx_HAL_Driver\Src\stm32f1xx_hal.o
 .text.HAL_GetREVID
                0x00000000        0xc Drivers\STM32F1xx_HAL_Driver\Src\stm32f1xx_hal.o
 .text.HAL_GetDEVID
                0x00000000       0x10 Drivers\STM32F1xx_HAL_Driver\Src\stm32f1xx_hal.o
 .text.HAL_DBGMCU_EnableDBGSleepMode
                0x00000000       0x10 Drivers\STM32F1xx_HAL_Driver\Src\stm32f1xx_hal.o
 .text.HAL_DBGMCU_DisableDBGSleepMode
                0x00000000       0x10 Drivers\STM32F1xx_HAL_Driver\Src\stm32f1xx_hal.o
 .text.HAL_DBGMCU_EnableDBGStopMode
                0x00000000       0x10 Drivers\STM32F1xx_HAL_Driver\Src\stm32f1xx_hal.o
 .text.HAL_DBGMCU_DisableDBGStopMode
                0x00000000       0x10 Drivers\STM32F1xx_HAL_Driver\Src\stm32f1xx_hal.o
[...]
Memory Configuration

Name             Origin             Length             Attributes
RAM              0x20000000         0x00005000         xrw
FLASH            0x08000000         0x00010000         xr
*default*        0x00000000         0xffffffff

Linker script and memory map

LOAD c:/program files (x86)/atollic/truestudio for arm 8.0.0/armtools/bin/../lib/gcc/arm-atollic-eabi/6.3.1/armv7-m/crti.o
LOAD c:/program files (x86)/atollic/truestudio for arm 8.0.0/armtools/bin/../lib/gcc/arm-atollic-eabi/6.3.1/armv7-m/crtbegin.o
LOAD Drivers\STM32F1xx_HAL_Driver\Src\stm32f1xx_hal.o
LOAD Drivers\STM32F1xx_HAL_Driver\Src\stm32f1xx_hal_cortex.o
LOAD Drivers\STM32F1xx_HAL_Driver\Src\stm32f1xx_hal_dma.o
LOAD Drivers\STM32F1xx_HAL_Driver\Src\stm32f1xx_hal_flash.o
LOAD Drivers\STM32F1xx_HAL_Driver\Src\stm32f1xx_hal_flash_ex.o
LOAD Drivers\STM32F1xx_HAL_Driver\Src\stm32f1xx_hal_gpio.o
LOAD Drivers\STM32F1xx_HAL_Driver\Src\stm32f1xx_hal_gpio_ex.o
LOAD Drivers\STM32F1xx_HAL_Driver\Src\stm32f1xx_hal_pcd.o
LOAD Drivers\STM32F1xx_HAL_Driver\Src\stm32f1xx_hal_pcd_ex.o
LOAD Drivers\STM32F1xx_HAL_Driver\Src\stm32f1xx_hal_pwr.o
LOAD Drivers\STM32F1xx_HAL_Driver\Src\stm32f1xx_hal_rcc.o
LOAD Drivers\STM32F1xx_HAL_Driver\Src\stm32f1xx_hal_rcc_ex.o
LOAD Drivers\STM32F1xx_HAL_Driver\Src\stm32f1xx_hal_spi.o
LOAD Drivers\STM32F1xx_HAL_Driver\Src\stm32f1xx_hal_spi_ex.o
LOAD Drivers\STM32F1xx_HAL_Driver\Src\stm32f1xx_hal_tim.o
LOAD Drivers\STM32F1xx_HAL_Driver\Src\stm32f1xx_hal_tim_ex.o
LOAD Drivers\STM32F1xx_HAL_Driver\Src\stm32f1xx_ll_usb.o
LOAD Middlewares\ST\STM32_USB_Device_Library\Class\CDC\Src\usbd_cdc.o
LOAD Middlewares\ST\STM32_USB_Device_Library\Core\Src\usbd_core.o
LOAD Middlewares\ST\STM32_USB_Device_Library\Core\Src\usbd_ctlreq.o
LOAD Middlewares\ST\STM32_USB_Device_Library\Core\Src\usbd_ioreq.o
LOAD Src\decadriver\deca_device.o
LOAD Src\decadriver\deca_params_init.o
LOAD Src\main.o
LOAD Src\platform\deca_mutex.o
LOAD Src\platform\deca_range_tables.o
LOAD Src\platform\deca_sleep.o
LOAD Src\platform\deca_spi.o
LOAD Src\platform\port.o
LOAD Src\stm32f1xx_hal_msp.o
LOAD Src\stm32f1xx_it.o
LOAD Src\system_stm32f1xx.o
LOAD Src\usb_device.o
LOAD Src\usbd_cdc_if.o
LOAD Src\usbd_conf.o
LOAD Src\usbd_desc.o
LOAD startup\startup_stm32f103xb.o
                0x00000080                malloc_getpagesize_P = 0x80
START GROUP
LOAD c:/program files (x86)/atollic/truestudio for arm 8.0.0/armtools/bin/../lib/gcc/arm-atollic-eabi/6.3.1/../../../../arm-atollic-eabi/lib/armv7-m\libc_nano.a
LOAD c:/program files (x86)/atollic/truestudio for arm 8.0.0/armtools/bin/../lib/gcc/arm-atollic-eabi/6.3.1/../../../../arm-atollic-eabi/lib/armv7-m\libm.a
END GROUP
START GROUP
LOAD c:/program files (x86)/atollic/truestudio for arm 8.0.0/armtools/bin/../lib/gcc/arm-atollic-eabi/6.3.1/armv7-m\libgcc.a
LOAD c:/program files (x86)/atollic/truestudio for arm 8.0.0/armtools/bin/../lib/gcc/arm-atollic-eabi/6.3.1/../../../../arm-atollic-eabi/lib/armv7-m\libc_nano.a
END GROUP
START GROUP
LOAD c:/program files (x86)/atollic/truestudio for arm 8.0.0/armtools/bin/../lib/gcc/arm-atollic-eabi/6.3.1/armv7-m\libgcc.a
LOAD c:/program files (x86)/atollic/truestudio for arm 8.0.0/armtools/bin/../lib/gcc/arm-atollic-eabi/6.3.1/../../../../arm-atollic-eabi/lib/armv7-m\libc_nano.a
LOAD c:/program files (x86)/atollic/truestudio for arm 8.0.0/armtools/bin/../lib/gcc/arm-atollic-eabi/6.3.1/../../../../arm-atollic-eabi/lib/armv7-m\libnosys.a
END GROUP
START GROUP
LOAD c:/program files (x86)/atollic/truestudio for arm 8.0.0/armtools/bin/../lib/gcc/arm-atollic-eabi/6.3.1/armv7-m\libgcc.a
LOAD c:/program files (x86)/atollic/truestudio for arm 8.0.0/armtools/bin/../lib/gcc/arm-atollic-eabi/6.3.1/../../../../arm-atollic-eabi/lib/armv7-m\libc_nano.a
LOAD c:/program files (x86)/atollic/truestudio for arm 8.0.0/armtools/bin/../lib/gcc/arm-atollic-eabi/6.3.1/../../../../arm-atollic-eabi/lib/armv7-m\libnosys.a
END GROUP
LOAD c:/program files (x86)/atollic/truestudio for arm 8.0.0/armtools/bin/../lib/gcc/arm-atollic-eabi/6.3.1/armv7-m/crtend.o
LOAD c:/program files (x86)/atollic/truestudio for arm 8.0.0/armtools/bin/../lib/gcc/arm-atollic-eabi/6.3.1/armv7-m/crtn.o
                0x20005000                _estack = 0x20005000
                0x00000200                _Min_Heap_Size = 0x200
                0x00000400                _Min_Stack_Size = 0x400

.isr_vector     0x08000000      0x10c
                0x08000000                . = ALIGN (0x4)
 *(.isr_vector)
 .isr_vector    0x08000000      0x10c startup\startup_stm32f103xb.o
                0x08000000                g_pfnVectors
                0x0800010c                . = ALIGN (0x4)

.text           0x0800010c     0x3b54
                0x0800010c                . = ALIGN (0x4)
 *(.text)
 .text          0x0800010c       0x40 c:/program files (x86)/atollic/truestudio for arm 8.0.0/armtools/bin/../lib/gcc/arm-atollic-eabi/6.3.1/armv7-m/crtbegin.o
 *(.text*)
 .text.HAL_InitTick
                0x0800014c       0x28 Drivers\STM32F1xx_HAL_Driver\Src\stm32f1xx_hal.o
                0x0800014c                HAL_InitTick
 .text.HAL_Init
                0x08000174       0x24 Drivers\STM32F1xx_HAL_Driver\Src\stm32f1xx_hal.o
                0x08000174                HAL_Init
 .text.HAL_IncTick
                0x08000198       0x10 Drivers\STM32F1xx_HAL_Driver\Src\stm32f1xx_hal.o
                0x08000198                HAL_IncTick
 .text.HAL_GetTick
                0x080001a8        0xc Drivers\STM32F1xx_HAL_Driver\Src\stm32f1xx_hal.o
                0x080001a8                HAL_GetTick
 .text.HAL_Delay
                0x080001b4       0x20 Drivers\STM32F1xx_HAL_Driver\Src\stm32f1xx_hal.o
                0x080001b4                HAL_Delay
 .text.HAL_NVIC_SetPriorityGrouping
                0x080001d4       0x24 Drivers\STM32F1xx_HAL_Driver\Src\stm32f1xx_hal_cortex.o
                0x080001d4                HAL_NVIC_SetPriorityGrouping
 .text.HAL_NVIC_SetPriority
                0x080001f8       0x68 Drivers\STM32F1xx_HAL_Driver\Src\stm32f1xx_hal_cortex.o
                0x080001f8                HAL_NVIC_SetPriority
 .text.HAL_NVIC_EnableIRQ
                0x08000260       0x18 Drivers\STM32F1xx_HAL_Driver\Src\stm32f1xx_hal_cortex.o
                0x08000260                HAL_NVIC_EnableIRQ
 .text.HAL_NVIC_DisableIRQ
                0x08000278       0x1c Drivers\STM32F1xx_HAL_Driver\Src\stm32f1xx_hal_cortex.o
                0x08000278                HAL_NVIC_DisableIRQ
 .text.HAL_SYSTICK_Config
                0x08000294       0x2c Drivers\STM32F1xx_HAL_Driver\Src\stm32f1xx_hal_cortex.o
                0x08000294                HAL_SYSTICK_Config
 .text.HAL_SYSTICK_CLKSourceConfig
                0x080002c0       0x18 Drivers\STM32F1xx_HAL_Driver\Src\stm32f1xx_hal_cortex.o
                0x080002c0                HAL_SYSTICK_CLKSourceConfig
 .text.HAL_SYSTICK_Callback
                0x080002d8        0x2 Drivers\STM32F1xx_HAL_Driver\Src\stm32f1xx_hal_cortex.o
                0x080002d8                HAL_SYSTICK_Callback
 .text.HAL_SYSTICK_IRQHandler
                0x080002da        0x8 Drivers\STM32F1xx_HAL_Driver\Src\stm32f1xx_hal_cortex.o
                0x080002da                HAL_SYSTICK_IRQHandler
 *fill*         0x080002e2        0x2 
 .text.HAL_GPIO_Init
                0x080002e4      0x1c0 Drivers\STM32F1xx_HAL_Driver\Src\stm32f1xx_hal_gpio.o
                0x080002e4                HAL_GPIO_Init
 .text.HAL_GPIO_ReadPin
                0x080004a4        0xc Drivers\STM32F1xx_HAL_Driver\Src\stm32f1xx_hal_gpio.o
                0x080004a4                HAL_GPIO_ReadPin
 .text.HAL_GPIO_WritePin
                0x080004b0        0xa Drivers\STM32F1xx_HAL_Driver\Src\stm32f1xx_hal_gpio.o
                0x080004b0                HAL_GPIO_WritePin
 *fill*         0x080004ba        0x2 
 .text.HAL_GPIO_EXTI_IRQHandler
                0x080004bc       0x18 Drivers\STM32F1xx_HAL_Driver\Src\stm32f1xx_hal_gpio.o
                0x080004bc                HAL_GPIO_EXTI_IRQHandler
 .text.HAL_PCD_Init
                0x080004d4       0xd2 Drivers\STM32F1xx_HAL_Driver\Src\stm32f1xx_hal_pcd.o
                0x080004d4                HAL_PCD_Init
 .text.HAL_PCD_Start
                0x080005a6       0x2e Drivers\STM32F1xx_HAL_Driver\Src\stm32f1xx_hal_pcd.o
                0x080005a6                HAL_PCD_Start
 .text.HAL_PCD_SetAddress
                0x080005d4       0x28 Drivers\STM32F1xx_HAL_Driver\Src\stm32f1xx_hal_pcd.o
                0x080005d4                HAL_PCD_SetAddress
 .text.HAL_PCD_EP_Open
                0x080005fc       0x46 Drivers\STM32F1xx_HAL_Driver\Src\stm32f1xx_hal_pcd.o
                0x080005fc                HAL_PCD_EP_Open
 .text.HAL_PCD_EP_Close
                0x08000642       0x42 Drivers\STM32F1xx_HAL_Driver\Src\stm32f1xx_hal_pcd.o
                0x08000642                HAL_PCD_EP_Close
 .text.HAL_PCD_EP_Receive
                0x08000684       0x30 Drivers\STM32F1xx_HAL_Driver\Src\stm32f1xx_hal_pcd.o
                0x08000684                HAL_PCD_EP_Receive
 .text.HAL_PCD_EP_GetRxCount
                0x080006b4        0xe Drivers\STM32F1xx_HAL_Driver\Src\stm32f1xx_hal_pcd.o
                0x080006b4                HAL_PCD_EP_GetRxCount
 .text.HAL_PCD_EP_Transmit
                0x080006c2       0x2c Drivers\STM32F1xx_HAL_Driver\Src\stm32f1xx_hal_pcd.o
                0x080006c2                HAL_PCD_EP_Transmit
 *fill*         0x080006ee        0x2 
 .text.HAL_PCD_IRQHandler
                0x080006f0      0x4f0 Drivers\STM32F1xx_HAL_Driver\Src\stm32f1xx_hal_pcd.o
                0x080006f0                HAL_PCD_IRQHandler
 .text.HAL_PCD_EP_SetStall
                0x08000be0       0x52 Drivers\STM32F1xx_HAL_Driver\Src\stm32f1xx_hal_pcd.o
                0x08000be0                HAL_PCD_EP_SetStall
 .text.HAL_PCD_EP_ClrStall
                0x08000c32       0x46 Drivers\STM32F1xx_HAL_Driver\Src\stm32f1xx_hal_pcd.o
                0x08000c32                HAL_PCD_EP_ClrStall
 .text.HAL_PCDEx_PMAConfig
                0x08000c78       0x30 Drivers\STM32F1xx_HAL_Driver\Src\stm32f1xx_hal_pcd_ex.o
                0x08000c78                HAL_PCDEx_PMAConfig
 .text.HAL_RCC_OscConfig
                0x08000ca8      0x318 Drivers\STM32F1xx_HAL_Driver\Src\stm32f1xx_hal_rcc.o
                0x08000ca8                HAL_RCC_OscConfig
 .text.HAL_RCC_GetSysClockFreq
                0x08000fc0       0x7c Drivers\STM32F1xx_HAL_Driver\Src\stm32f1xx_hal_rcc.o
                0x08000fc0                HAL_RCC_GetSysClockFreq
 .text.HAL_RCC_ClockConfig
                0x0800103c      0x148 Drivers\STM32F1xx_HAL_Driver\Src\stm32f1xx_hal_rcc.o
                0x0800103c                HAL_RCC_ClockConfig
 .text.HAL_RCC_GetHCLKFreq
                0x08001184        0xc Drivers\STM32F1xx_HAL_Driver\Src\stm32f1xx_hal_rcc.o
                0x08001184                HAL_RCC_GetHCLKFreq
 .text.HAL_RCCEx_PeriphCLKConfig
                0x08001190       0xf0 Drivers\STM32F1xx_HAL_Driver\Src\stm32f1xx_hal_rcc_ex.o
                0x08001190                HAL_RCCEx_PeriphCLKConfig
 .text.SPI_WaitFlagStateUntilTimeout
                0x08001280       0x8e Drivers\STM32F1xx_HAL_Driver\Src\stm32f1xx_hal_spi.o
 .text.SPI_CheckFlag_BSY
                0x0800130e       0x20 Drivers\STM32F1xx_HAL_Driver\Src\stm32f1xx_hal_spi.o
 .text.HAL_SPI_Transmit
                0x0800132e      0x152 Drivers\STM32F1xx_HAL_Driver\Src\stm32f1xx_hal_spi.o
                0x0800132e                HAL_SPI_Transmit
 .text.HAL_SPI_TransmitReceive
                0x08001480      0x1fa Drivers\STM32F1xx_HAL_Driver\Src\stm32f1xx_hal_spi.o
                0x08001480                HAL_SPI_TransmitReceive
 .text.HAL_SPI_GetState
                0x0800167a        0x6 Drivers\STM32F1xx_HAL_Driver\Src\stm32f1xx_hal_spi.o
                0x0800167a                HAL_SPI_GetState
 .text.HAL_SPI_Init
                0x08001680       0x76 Drivers\STM32F1xx_HAL_Driver\Src\stm32f1xx_hal_spi_ex.o
                0x08001680                HAL_SPI_Init
 .text.USB_CoreInit
                0x080016f6        0xe Drivers\STM32F1xx_HAL_Driver\Src\stm32f1xx_ll_usb.o
                0x080016f6                USB_CoreInit
 .text.USB_EnableGlobalInt
                0x08001704       0x12 Drivers\STM32F1xx_HAL_Driver\Src\stm32f1xx_ll_usb.o
                0x08001704                USB_EnableGlobalInt
 .text.USB_DisableGlobalInt
                0x08001716       0x14 Drivers\STM32F1xx_HAL_Driver\Src\stm32f1xx_ll_usb.o
                0x08001716                USB_DisableGlobalInt
 .text.USB_SetCurrentMode
                0x0800172a        0x4 Drivers\STM32F1xx_HAL_Driver\Src\stm32f1xx_ll_usb.o
                0x0800172a                USB_SetCurrentMode
 .text.USB_DevInit
                0x0800172e       0x36 Drivers\STM32F1xx_HAL_Driver\Src\stm32f1xx_ll_usb.o
                0x0800172e                USB_DevInit
 .text.USB_ActivateEndpoint
                0x08001764      0x2e4 Drivers\STM32F1xx_HAL_Driver\Src\stm32f1xx_ll_usb.o
                0x08001764                USB_ActivateEndpoint
 .text.USB_DeactivateEndpoint
                0x08001a48      0x19c Drivers\STM32F1xx_HAL_Driver\Src\stm32f1xx_ll_usb.o
                0x08001a48                USB_DeactivateEndpoint
 .text.USB_EPSetStall
                0x08001be4       0x64 Drivers\STM32F1xx_HAL_Driver\Src\stm32f1xx_ll_usb.o
                0x08001be4                USB_EPSetStall
 .text.USB_EPClearStall
                0x08001c48       0x84 Drivers\STM32F1xx_HAL_Driver\Src\stm32f1xx_ll_usb.o
                0x08001c48                USB_EPClearStall
 .text.USB_SetDevAddress
                0x08001ccc        0xc Drivers\STM32F1xx_HAL_Driver\Src\stm32f1xx_ll_usb.o
                0x08001ccc                USB_SetDevAddress
 .text.USB_DevConnect
                0x08001cd8        0x4 Drivers\STM32F1xx_HAL_Driver\Src\stm32f1xx_ll_usb.o
                0x08001cd8                USB_DevConnect
 .text.USB_DevDisconnect
                0x08001cdc        0x4 Drivers\STM32F1xx_HAL_Driver\Src\stm32f1xx_ll_usb.o
                0x08001cdc                USB_DevDisconnect
 .text.USB_ReadInterrupts
                0x08001ce0        0x8 Drivers\STM32F1xx_HAL_Driver\Src\stm32f1xx_ll_usb.o
                0x08001ce0                USB_ReadInterrupts
 .text.USB_EP0_OutStart
                0x08001ce8        0x4 Drivers\STM32F1xx_HAL_Driver\Src\stm32f1xx_ll_usb.o
                0x08001ce8                USB_EP0_OutStart
 .text.USB_WritePMA
                0x08001cec       0x22 Drivers\STM32F1xx_HAL_Driver\Src\stm32f1xx_ll_usb.o
                0x08001cec                USB_WritePMA
 *fill*         0x08001d0e        0x2 
 .text.USB_EPStartXfer
                0x08001d10      0x200 Drivers\STM32F1xx_HAL_Driver\Src\stm32f1xx_ll_usb.o
                0x08001d10                USB_EPStartXfer
 .text.USB_ReadPMA
                0x08001f10       0x22 Drivers\STM32F1xx_HAL_Driver\Src\stm32f1xx_ll_usb.o
                0x08001f10                USB_ReadPMA
 .text.USBD_CDC_DataIn
                0x08001f32       0x12 Middlewares\ST\STM32_USB_Device_Library\Class\CDC\Src\usbd_cdc.o
 .text.USBD_CDC_EP0_RxReady
                0x08001f44       0x28 Middlewares\ST\STM32_USB_Device_Library\Class\CDC\Src\usbd_cdc.o
 .text.USBD_CDC_GetFSCfgDesc
                0x08001f6c        0xc Middlewares\ST\STM32_USB_Device_Library\Class\CDC\Src\usbd_cdc.o
 .text.USBD_CDC_GetHSCfgDesc
                0x08001f78        0xc Middlewares\ST\STM32_USB_Device_Library\Class\CDC\Src\usbd_cdc.o
 .text.USBD_CDC_GetOtherSpeedCfgDesc
                0x08001f84        0xc Middlewares\ST\STM32_USB_Device_Library\Class\CDC\Src\usbd_cdc.o
 .text.USBD_CDC_GetDeviceQualifierDescriptor
                0x08001f90        0xc Middlewares\ST\STM32_USB_Device_Library\Class\CDC\Src\usbd_cdc.o
                0x08001f90                USBD_CDC_GetDeviceQualifierDescriptor
 .text.USBD_CDC_DataOut
                0x08001f9c       0x2e Middlewares\ST\STM32_USB_Device_Library\Class\CDC\Src\usbd_cdc.o
 *fill*         0x08001fca        0x2 
 .text.USBD_CDC_Setup
                0x08001fcc       0x68 Middlewares\ST\STM32_USB_Device_Library\Class\CDC\Src\usbd_cdc.o
 .text.USBD_CDC_DeInit
                0x08002034       0x3a Middlewares\ST\STM32_USB_Device_Library\Class\CDC\Src\usbd_cdc.o
 .text.USBD_CDC_Init
                0x0800206e       0x8c Middlewares\ST\STM32_USB_Device_Library\Class\CDC\Src\usbd_cdc.o
 .text.USBD_CDC_RegisterInterface
                0x080020fa        0xe Middlewares\ST\STM32_USB_Device_Library\Class\CDC\Src\usbd_cdc.o
                0x080020fa                USBD_CDC_RegisterInterface
 .text.USBD_CDC_SetTxBuffer
                0x08002108       0x10 Middlewares\ST\STM32_USB_Device_Library\Class\CDC\Src\usbd_cdc.o
                0x08002108                USBD_CDC_SetTxBuffer
 .text.USBD_CDC_SetRxBuffer
                0x08002118        0xc Middlewares\ST\STM32_USB_Device_Library\Class\CDC\Src\usbd_cdc.o
                0x08002118                USBD_CDC_SetRxBuffer
 .text.USBD_CDC_ReceivePacket
                0x08002124       0x26 Middlewares\ST\STM32_USB_Device_Library\Class\CDC\Src\usbd_cdc.o
                0x08002124                USBD_CDC_ReceivePacket
 .text.USBD_Init
                0x0800214a       0x2a Middlewares\ST\STM32_USB_Device_Library\Core\Src\usbd_core.o
                0x0800214a                USBD_Init
 .text.USBD_RegisterClass
                0x08002174        0xe Middlewares\ST\STM32_USB_Device_Library\Core\Src\usbd_core.o
                0x08002174                USBD_RegisterClass
 .text.USBD_Start
                0x08002182        0xa Middlewares\ST\STM32_USB_Device_Library\Core\Src\usbd_core.o
                0x08002182                USBD_Start
 .text.USBD_SetClassConfig
                0x0800218c       0x16 Middlewares\ST\STM32_USB_Device_Library\Core\Src\usbd_core.o
                0x0800218c                USBD_SetClassConfig
 .text.USBD_ClrClassConfig
                0x080021a2        0xe Middlewares\ST\STM32_USB_Device_Library\Core\Src\usbd_core.o
                0x080021a2                USBD_ClrClassConfig
 .text.USBD_LL_SetupStage
                0x080021b0       0x5a Middlewares\ST\STM32_USB_Device_Library\Core\Src\usbd_core.o
                0x080021b0                USBD_LL_SetupStage
 .text.USBD_LL_DataOutStage
                0x0800220a       0x64 Middlewares\ST\STM32_USB_Device_Library\Core\Src\usbd_core.o
                0x0800220a                USBD_LL_DataOutStage
 .text.USBD_LL_DataInStage
                0x0800226e       0x9e Middlewares\ST\STM32_USB_Device_Library\Core\Src\usbd_core.o
                0x0800226e                USBD_LL_DataInStage
 .text.USBD_LL_Reset
                0x0800230c       0x3e Middlewares\ST\STM32_USB_Device_Library\Core\Src\usbd_core.o
                0x0800230c                USBD_LL_Reset
 .text.USBD_LL_SetSpeed
                0x0800234a        0x6 Middlewares\ST\STM32_USB_Device_Library\Core\Src\usbd_core.o
                0x0800234a                USBD_LL_SetSpeed
 .text.USBD_LL_Suspend
                0x08002350       0x12 Middlewares\ST\STM32_USB_Device_Library\Core\Src\usbd_core.o
                0x08002350                USBD_LL_Suspend
 .text.USBD_LL_Resume
                0x08002362        0xc Middlewares\ST\STM32_USB_Device_Library\Core\Src\usbd_core.o
                0x08002362                USBD_LL_Resume
 .text.USBD_LL_SOF
                0x0800236e       0x18 Middlewares\ST\STM32_USB_Device_Library\Core\Src\usbd_core.o
                0x0800236e                USBD_LL_SOF
 .text.USBD_CtlError.constprop.0
                0x08002386       0x16 Middlewares\ST\STM32_USB_Device_Library\Core\Src\usbd_ctlreq.o
 .text.USBD_StdDevReq
                0x0800239c      0x1f4 Middlewares\ST\STM32_USB_Device_Library\Core\Src\usbd_ctlreq.o
                0x0800239c                USBD_StdDevReq
 .text.USBD_StdItfReq
                0x08002590       0x30 Middlewares\ST\STM32_USB_Device_Library\Core\Src\usbd_ctlreq.o
                0x08002590                USBD_StdItfReq
 .text.USBD_StdEPReq
                0x080025c0       0xc6 Middlewares\ST\STM32_USB_Device_Library\Core\Src\usbd_ctlreq.o
                0x080025c0                USBD_StdEPReq
 .text.USBD_ParseSetupRequest
                0x08002686       0x28 Middlewares\ST\STM32_USB_Device_Library\Core\Src\usbd_ctlreq.o
                0x08002686                USBD_ParseSetupRequest
 .text.USBD_GetString
                0x080026ae       0x38 Middlewares\ST\STM32_USB_Device_Library\Core\Src\usbd_ctlreq.o
                0x080026ae                USBD_GetString
 .text.USBD_CtlSendData
                0x080026e6       0x1a Middlewares\ST\STM32_USB_Device_Library\Core\Src\usbd_ioreq.o
                0x080026e6                USBD_CtlSendData
 .text.USBD_CtlContinueSendData
                0x08002700       0x10 Middlewares\ST\STM32_USB_Device_Library\Core\Src\usbd_ioreq.o
                0x08002700                USBD_CtlContinueSendData
 .text.USBD_CtlPrepareRx
                0x08002710       0x1e Middlewares\ST\STM32_USB_Device_Library\Core\Src\usbd_ioreq.o
                0x08002710                USBD_CtlPrepareRx
 .text.USBD_CtlContinueRx
                0x0800272e       0x10 Middlewares\ST\STM32_USB_Device_Library\Core\Src\usbd_ioreq.o
                0x0800272e                USBD_CtlContinueRx
 .text.USBD_CtlSendStatus
                0x0800273e       0x16 Middlewares\ST\STM32_USB_Device_Library\Core\Src\usbd_ioreq.o
                0x0800273e                USBD_CtlSendStatus
 .text.USBD_CtlReceiveStatus
                0x08002754       0x16 Middlewares\ST\STM32_USB_Device_Library\Core\Src\usbd_ioreq.o
                0x08002754                USBD_CtlReceiveStatus
 .text.dwt_writetodevice
                0x0800276a       0x40 Src\decadriver\deca_device.o
                0x0800276a                dwt_writetodevice
 .text.dwt_writetxdata
                0x080027aa       0x20 Src\decadriver\deca_device.o
                0x080027aa                dwt_writetxdata
 .text.dwt_readfromdevice
                0x080027ca       0x3c Src\decadriver\deca_device.o
                0x080027ca                dwt_readfromdevice
 .text.dwt_readrxdata
                0x08002806       0x12 Src\decadriver\deca_device.o
                0x08002806                dwt_readrxdata
 .text.dwt_readrxtimestamp
                0x08002818        0xc Src\decadriver\deca_device.o
                0x08002818                dwt_readrxtimestamp
 .text.dwt_read32bitoffsetreg
                0x08002824       0x24 Src\decadriver\deca_device.o
                0x08002824                dwt_read32bitoffsetreg
 .text.dwt_readdevid
                0x08002848        0x8 Src\decadriver\deca_device.o
                0x08002848                dwt_readdevid
 .text.dwt_read16bitoffsetreg
                0x08002850       0x22 Src\decadriver\deca_device.o
                0x08002850                dwt_read16bitoffsetreg
 .text.dwt_read8bitoffsetreg
                0x08002872       0x1a Src\decadriver\deca_device.o
                0x08002872                dwt_read8bitoffsetreg
 .text.dwt_write8bitoffsetreg
                0x0800288c       0x18 Src\decadriver\deca_device.o
                0x0800288c                dwt_write8bitoffsetreg
 .text.dwt_write16bitoffsetreg
                0x080028a4       0x1e Src\decadriver\deca_device.o
                0x080028a4                dwt_write16bitoffsetreg
 .text.dwt_setrxantennadelay
                0x080028c2        0xc Src\decadriver\deca_device.o
                0x080028c2                dwt_setrxantennadelay
 .text.dwt_settxantennadelay
                0x080028ce        0xa Src\decadriver\deca_device.o
                0x080028ce                dwt_settxantennadelay
 .text.dwt_write32bitoffsetreg
                0x080028d8       0x2a Src\decadriver\deca_device.o
                0x080028d8                dwt_write32bitoffsetreg
 *fill*         0x08002902        0x2 
 .text.dwt_writetxfctrl
                0x08002904       0x1c Src\decadriver\deca_device.o
                0x08002904                dwt_writetxfctrl
 .text._dwt_otpread
                0x08002920       0x2c Src\decadriver\deca_device.o
                0x08002920                _dwt_otpread
 .text._dwt_aonarrayupload
                0x0800294c       0x1a Src\decadriver\deca_device.o
                0x0800294c                _dwt_aonarrayupload
 .text._dwt_configlde
                0x08002966       0x2a Src\decadriver\deca_device.o
                0x08002966                _dwt_configlde
 .text.dwt_configure
                0x08002990      0x208 Src\decadriver\deca_device.o
                0x08002990                dwt_configure
 .text._dwt_enableclocks
                0x08002b98       0xd4 Src\decadriver\deca_device.o
                0x08002b98                _dwt_enableclocks
 .text._dwt_loaducodefromrom
                0x08002c6c       0x24 Src\decadriver\deca_device.o
                0x08002c6c                _dwt_loaducodefromrom
 .text._dwt_disablesequencing
                0x08002c90       0x16 Src\decadriver\deca_device.o
                0x08002c90                _dwt_disablesequencing
 .text.dwt_setdelayedtrxtime
                0x08002ca6        0xa Src\decadriver\deca_device.o
                0x08002ca6                dwt_setdelayedtrxtime
 .text.dwt_starttx
                0x08002cb0       0x68 Src\decadriver\deca_device.o
                0x08002cb0                dwt_starttx
 .text.dwt_syncrxbufptrs
                0x08002d18       0x22 Src\decadriver\deca_device.o
                0x08002d18                dwt_syncrxbufptrs
 *fill*         0x08002d3a        0x2 
 .text.dwt_forcetrxoff
                0x08002d3c       0x54 Src\decadriver\deca_device.o
                0x08002d3c                dwt_forcetrxoff
 .text.dwt_rxenable
                0x08002d90       0x4e Src\decadriver\deca_device.o
                0x08002d90                dwt_rxenable
 .text.dwt_rxreset
                0x08002dde       0x1a Src\decadriver\deca_device.o
                0x08002dde                dwt_rxreset
 .text.dwt_isr  0x08002df8      0x11c Src\decadriver\deca_device.o
                0x08002df8                dwt_isr
 .text.dwt_softreset
                0x08002f14       0x44 Src\decadriver\deca_device.o
                0x08002f14                dwt_softreset
 .text.dwt_setxtaltrim
                0x08002f58       0x10 Src\decadriver\deca_device.o
                0x08002f58                dwt_setxtaltrim
 .text.dwt_initialise
                0x08002f68       0xd8 Src\decadriver\deca_device.o
                0x08002f68                dwt_initialise
 .text.SystemClock_Config
                0x08003040       0x7e Src\main.o
                0x08003040                SystemClock_Config
 *fill*         0x080030be        0x2 
 .text.startup.main
                0x080030c0      0x2a8 Src\main.o
                0x080030c0                main
 .text._Error_Handler
                0x08003368        0x2 Src\main.o
                0x08003368                _Error_Handler
 .text.decamutexon
                0x0800336a       0x12 Src\platform\deca_mutex.o
                0x0800336a                decamutexon
 .text.decamutexoff
                0x0800337c        0x8 Src\platform\deca_mutex.o
                0x0800337c                decamutexoff
 .text.deca_sleep
                0x08003384        0x4 Src\platform\deca_sleep.o
                0x08003384                deca_sleep
 .text.writetospi
                0x08003388       0x54 Src\platform\deca_spi.o
                0x08003388                writetospi
 .text.readfromspi
                0x080033dc       0x68 Src\platform\deca_spi.o
                0x080033dc                readfromspi
 .text.NVIC_EnableIRQ
                0x08003444       0x18 Src\platform\port.o
 .text.NVIC_DisableIRQ
                0x0800345c       0x1c Src\platform\port.o
 .text.usleep   0x08003478       0x52 Src\platform\port.o
                0x08003478                usleep
 .text.Sleep    0x080034ca       0x16 Src\platform\port.o
                0x080034ca                Sleep
 .text.peripherals_init
                0x080034e0        0xe Src\platform\port.o
                0x080034e0                peripherals_init
 *fill*         0x080034ee        0x2 
 .text.EXTI_GetITEnStatus
                0x080034f0       0x38 Src\platform\port.o
                0x080034f0                EXTI_GetITEnStatus
 .text.reset_DW1000
                0x08003528       0x44 Src\platform\port.o
                0x08003528                reset_DW1000
 .text.setup_DW1000RSTnIRQ
                0x0800356c       0x74 Src\platform\port.o
                0x0800356c                setup_DW1000RSTnIRQ
 .text.port_set_dw1000_slowrate
                0x080035e0       0x18 Src\platform\port.o
                0x080035e0                port_set_dw1000_slowrate
 .text.port_set_dw1000_fastrate
                0x080035f8       0x18 Src\platform\port.o
                0x080035f8                port_set_dw1000_fastrate
 .text.HAL_GPIO_EXTI_Callback
                0x08003610       0x30 Src\platform\port.o
                0x08003610                HAL_GPIO_EXTI_Callback
 .text.process_deca_irq
                0x08003640       0x18 Src\platform\port.o
                0x08003640                process_deca_irq
 .text.port_DisableEXT_IRQ
                0x08003658        0xe Src\platform\port.o
                0x08003658                port_DisableEXT_IRQ
 .text.port_EnableEXT_IRQ
                0x08003666        0xe Src\platform\port.o
                0x08003666                port_EnableEXT_IRQ
 .text.port_GetEXT_IRQStatus
                0x08003674       0x10 Src\platform\port.o
                0x08003674                port_GetEXT_IRQStatus
 .text.port_CheckEXT_IRQ
                0x08003684       0x18 Src\platform\port.o
                0x08003684                port_CheckEXT_IRQ
 .text.HAL_MspInit
                0x0800369c       0x90 Src\stm32f1xx_hal_msp.o
                0x0800369c                HAL_MspInit
 .text.HAL_SPI_MspInit
                0x0800372c       0x54 Src\stm32f1xx_hal_msp.o
                0x0800372c                HAL_SPI_MspInit
 .text.NMI_Handler
                0x08003780        0x2 Src\stm32f1xx_it.o
                0x08003780                NMI_Handler
 .text.HardFault_Handler
                0x08003782        0x2 Src\stm32f1xx_it.o
                0x08003782                HardFault_Handler
 .text.MemManage_Handler
                0x08003784        0x2 Src\stm32f1xx_it.o
                0x08003784                MemManage_Handler
 .text.BusFault_Handler
                0x08003786        0x2 Src\stm32f1xx_it.o
                0x08003786                BusFault_Handler
 .text.UsageFault_Handler
                0x08003788        0x2 Src\stm32f1xx_it.o
                0x08003788                UsageFault_Handler
 .text.SVC_Handler
                0x0800378a        0x2 Src\stm32f1xx_it.o
                0x0800378a                SVC_Handler
 .text.DebugMon_Handler
                0x0800378c        0x2 Src\stm32f1xx_it.o
                0x0800378c                DebugMon_Handler
 .text.PendSV_Handler
                0x0800378e        0x2 Src\stm32f1xx_it.o
                0x0800378e                PendSV_Handler
 .text.SysTick_Handler
                0x08003790        0xe Src\stm32f1xx_it.o
                0x08003790                SysTick_Handler
 .text.EXTI0_IRQHandler
                0x0800379e        0x6 Src\stm32f1xx_it.o
                0x0800379e                EXTI0_IRQHandler
 .text.USB_LP_CAN1_RX0_IRQHandler
                0x080037a4        0xc Src\stm32f1xx_it.o
                0x080037a4                USB_LP_CAN1_RX0_IRQHandler
 .text.SystemInit
                0x080037b0       0x4c Src\system_stm32f1xx.o
                0x080037b0                SystemInit
 .text.MX_USB_DEVICE_Init
                0x080037fc       0x38 Src\usb_device.o
                0x080037fc                MX_USB_DEVICE_Init
 .text.CDC_DeInit_FS
                0x08003834        0x4 Src\usbd_cdc_if.o
 .text.CDC_Control_FS
                0x08003838        0x4 Src\usbd_cdc_if.o
 .text.CDC_Receive_FS
                0x0800383c       0x1c Src\usbd_cdc_if.o
 .text.CDC_Init_FS
                0x08003858       0x28 Src\usbd_cdc_if.o
 .text.HAL_PCD_MspInit
                0x08003880       0x3c Src\usbd_conf.o
                0x08003880                HAL_PCD_MspInit
 .text.HAL_PCD_SetupStageCallback
                0x080038bc        0xc Src\usbd_conf.o
                0x080038bc                HAL_PCD_SetupStageCallback
 .text.HAL_PCD_DataOutStageCallback
                0x080038c8       0x10 Src\usbd_conf.o
                0x080038c8                HAL_PCD_DataOutStageCallback
 .text.HAL_PCD_DataInStageCallback
                0x080038d8        0xe Src\usbd_conf.o
                0x080038d8                HAL_PCD_DataInStageCallback
 .text.HAL_PCD_SOFCallback
                0x080038e6        0x8 Src\usbd_conf.o
                0x080038e6                HAL_PCD_SOFCallback
 .text.HAL_PCD_ResetCallback
                0x080038ee       0x1a Src\usbd_conf.o
                0x080038ee                HAL_PCD_ResetCallback
 .text.HAL_PCD_SuspendCallback
                0x08003908       0x20 Src\usbd_conf.o
                0x08003908                HAL_PCD_SuspendCallback
 .text.HAL_PCD_ResumeCallback
                0x08003928        0x8 Src\usbd_conf.o
                0x08003928                HAL_PCD_ResumeCallback
 .text.USBD_LL_Init
                0x08003930       0x90 Src\usbd_conf.o
                0x08003930                USBD_LL_Init
 .text.USBD_LL_Start
                0x080039c0       0x1c Src\usbd_conf.o
                0x080039c0                USBD_LL_Start
 .text.USBD_LL_OpenEP
                0x080039dc       0x20 Src\usbd_conf.o
                0x080039dc                USBD_LL_OpenEP
 .text.USBD_LL_CloseEP
                0x080039fc       0x1c Src\usbd_conf.o
                0x080039fc                USBD_LL_CloseEP
 .text.USBD_LL_StallEP
                0x08003a18       0x1c Src\usbd_conf.o
                0x08003a18                USBD_LL_StallEP
 .text.USBD_LL_ClearStallEP
                0x08003a34       0x1c Src\usbd_conf.o
                0x08003a34                USBD_LL_ClearStallEP
 .text.USBD_LL_IsStallEP
                0x08003a50       0x20 Src\usbd_conf.o
                0x08003a50                USBD_LL_IsStallEP
 .text.USBD_LL_SetUSBAddress
                0x08003a70       0x1c Src\usbd_conf.o
                0x08003a70                USBD_LL_SetUSBAddress
 .text.USBD_LL_Transmit
                0x08003a8c       0x1c Src\usbd_conf.o
                0x08003a8c                USBD_LL_Transmit
 .text.USBD_LL_PrepareReceive
                0x08003aa8       0x1c Src\usbd_conf.o
                0x08003aa8                USBD_LL_PrepareReceive
 .text.USBD_LL_GetRxDataSize
                0x08003ac4        0xc Src\usbd_conf.o
                0x08003ac4                USBD_LL_GetRxDataSize
 .text.USBD_static_malloc
                0x08003ad0        0x8 Src\usbd_conf.o
                0x08003ad0                USBD_static_malloc
 .text.USBD_static_free
                0x08003ad8        0x2 Src\usbd_conf.o
                0x08003ad8                USBD_static_free
 .text.HAL_PCDEx_SetConnectionState
                0x08003ada        0x2 Src\usbd_conf.o
                0x08003ada                HAL_PCDEx_SetConnectionState
 .text.USBD_FS_DeviceDescriptor
                0x08003adc        0xc Src\usbd_desc.o
                0x08003adc                USBD_FS_DeviceDescriptor
 .text.USBD_FS_LangIDStrDescriptor
                0x08003ae8        0xc Src\usbd_desc.o
                0x08003ae8                USBD_FS_LangIDStrDescriptor
 .text.USBD_FS_ManufacturerStrDescriptor
                0x08003af4       0x1c Src\usbd_desc.o
                0x08003af4                USBD_FS_ManufacturerStrDescriptor
 .text.USBD_FS_ProductStrDescriptor
                0x08003b10       0x1c Src\usbd_desc.o
                0x08003b10                USBD_FS_ProductStrDescriptor
 .text.USBD_FS_SerialStrDescriptor
                0x08003b2c       0x1c Src\usbd_desc.o
                0x08003b2c                USBD_FS_SerialStrDescriptor
 .text.USBD_FS_ConfigStrDescriptor
                0x08003b48       0x1c Src\usbd_desc.o
                0x08003b48                USBD_FS_ConfigStrDescriptor
 .text.USBD_FS_InterfaceStrDescriptor
                0x08003b64       0x1c Src\usbd_desc.o
                0x08003b64                USBD_FS_InterfaceStrDescriptor
 .text.Reset_Handler
                0x08003b80       0x48 startup\startup_stm32f103xb.o
                0x08003b80                Reset_Handler
 .text.Default_Handler
                0x08003bc8        0x2 startup\startup_stm32f103xb.o
                0x08003bc8                RTC_Alarm_IRQHandler
                0x08003bc8                EXTI2_IRQHandler
                0x08003bc8                TIM1_CC_IRQHandler
                0x08003bc8                PVD_IRQHandler
                0x08003bc8                EXTI3_IRQHandler
                0x08003bc8                I2C2_EV_IRQHandler
                0x08003bc8                ADC1_2_IRQHandler
                0x08003bc8                SPI1_IRQHandler
                0x08003bc8                TAMPER_IRQHandler
                0x08003bc8                DMA1_Channel4_IRQHandler
                0x08003bc8                USART3_IRQHandler
                0x08003bc8                RTC_IRQHandler
                0x08003bc8                DMA1_Channel7_IRQHandler
                0x08003bc8                CAN1_RX1_IRQHandler
                0x08003bc8                TIM4_IRQHandler
                0x08003bc8                I2C1_EV_IRQHandler
                0x08003bc8                DMA1_Channel6_IRQHandler
                0x08003bc8                TIM3_IRQHandler
                0x08003bc8                RCC_IRQHandler
                0x08003bc8                TIM1_TRG_COM_IRQHandler
                0x08003bc8                DMA1_Channel1_IRQHandler
                0x08003bc8                Default_Handler
                0x08003bc8                EXTI15_10_IRQHandler
                0x08003bc8                EXTI9_5_IRQHandler
                0x08003bc8                SPI2_IRQHandler
                0x08003bc8                DMA1_Channel5_IRQHandler
                0x08003bc8                EXTI4_IRQHandler
                0x08003bc8                USB_HP_CAN1_TX_IRQHandler
                0x08003bc8                DMA1_Channel3_IRQHandler
                0x08003bc8                TIM1_UP_IRQHandler
                0x08003bc8                WWDG_IRQHandler
                0x08003bc8                TIM2_IRQHandler
                0x08003bc8                TIM1_BRK_IRQHandler
                0x08003bc8                EXTI1_IRQHandler
                0x08003bc8                USART2_IRQHandler
                0x08003bc8                I2C2_ER_IRQHandler
                0x08003bc8                DMA1_Channel2_IRQHandler
                0x08003bc8                CAN1_SCE_IRQHandler
                0x08003bc8                FLASH_IRQHandler
                0x08003bc8                USART1_IRQHandler
                0x08003bc8                I2C1_ER_IRQHandler
                0x08003bc8                USBWakeUp_IRQHandler
 *fill*         0x08003bca        0x2 
 .text.__libc_init_array
                0x08003bcc       0x48 c:/program files (x86)/atollic/truestudio for arm 8.0.0/armtools/bin/../lib/gcc/arm-atollic-eabi/6.3.1/../../../../arm-atollic-eabi/lib/armv7-m\libc_nano.a(lib_a-init.o)
                0x08003bcc                __libc_init_array
 .text.memcmp   0x08003c14       0x1e c:/program files (x86)/atollic/truestudio for arm 8.0.0/armtools/bin/../lib/gcc/arm-atollic-eabi/6.3.1/../../../../arm-atollic-eabi/lib/armv7-m\libc_nano.a(lib_a-memcmp.o)
                0x08003c14                memcmp
 .text.memcpy   0x08003c32       0x16 c:/program files (x86)/atollic/truestudio for arm 8.0.0/armtools/bin/../lib/gcc/arm-atollic-eabi/6.3.1/../../../../arm-atollic-eabi/lib/armv7-m\libc_nano.a(lib_a-memcpy-stub.o)
                0x08003c32                memcpy
 *(.glue_7)
 .glue_7        0x08003c48        0x0 linker stubs
 *(.glue_7t)
 .glue_7t       0x08003c48        0x0 linker stubs
 *(.eh_frame)
 .eh_frame      0x08003c48        0x0 c:/program files (x86)/atollic/truestudio for arm 8.0.0/armtools/bin/../lib/gcc/arm-atollic-eabi/6.3.1/armv7-m/crtbegin.o
 *(.init)
 .init          0x08003c48        0x4 c:/program files (x86)/atollic/truestudio for arm 8.0.0/armtools/bin/../lib/gcc/arm-atollic-eabi/6.3.1/armv7-m/crti.o
                0x08003c48                _init
 .init          0x08003c4c        0x8 c:/program files (x86)/atollic/truestudio for arm 8.0.0/armtools/bin/../lib/gcc/arm-atollic-eabi/6.3.1/armv7-m/crtn.o
 *(.fini)
 .fini          0x08003c54        0x4 c:/program files (x86)/atollic/truestudio for arm 8.0.0/armtools/bin/../lib/gcc/arm-atollic-eabi/6.3.1/armv7-m/crti.o
                0x08003c54                _fini
 .fini          0x08003c58        0x8 c:/program files (x86)/atollic/truestudio for arm 8.0.0/armtools/bin/../lib/gcc/arm-atollic-eabi/6.3.1/armv7-m/crtn.o
                0x08003c60                . = ALIGN (0x4)
                0x08003c60                _etext = .

.vfp11_veneer   0x08003c60        0x0
 .vfp11_veneer  0x08003c60        0x0 linker stubs

.v4_bx          0x08003c60        0x0
 .v4_bx         0x08003c60        0x0 linker stubs

.iplt           0x08003c60        0x0
 .iplt          0x08003c60        0x0 c:/program files (x86)/atollic/truestudio for arm 8.0.0/armtools/bin/../lib/gcc/arm-atollic-eabi/6.3.1/armv7-m/crtbegin.o

.rodata         0x08003c60      0x138
                0x08003c60                . = ALIGN (0x4)
 *(.rodata)
 .rodata        0x08003c60       0x10 Drivers\STM32F1xx_HAL_Driver\Src\stm32f1xx_hal_rcc.o
 *(.rodata*)
 .rodata.agc_config
                0x08003c70        0x8 Src\decadriver\deca_params_init.o
                0x08003c70                agc_config
 .rodata.chan_idx
                0x08003c78        0x8 Src\decadriver\deca_params_init.o
                0x08003c78                chan_idx
 .rodata.digital_bb_config
                0x08003c80       0x20 Src\decadriver\deca_params_init.o
                0x08003c80                digital_bb_config
 .rodata.dtune1
                0x08003ca0        0x4 Src\decadriver\deca_params_init.o
                0x08003ca0                dtune1
 .rodata.dwnsSFDlen
                0x08003ca4        0x3 Src\decadriver\deca_params_init.o
                0x08003ca4                dwnsSFDlen
 *fill*         0x08003ca7        0x1 
 .rodata.fs_pll_cfg
                0x08003ca8       0x18 Src\decadriver\deca_params_init.o
                0x08003ca8                fs_pll_cfg
 .rodata.fs_pll_tune
                0x08003cc0        0x6 Src\decadriver\deca_params_init.o
                0x08003cc0                fs_pll_tune
 .rodata.lde_replicaCoeff
                0x08003cc6       0x32 Src\decadriver\deca_params_init.o
                0x08003cc6                lde_replicaCoeff
 .rodata.rx_config
                0x08003cf8        0x2 Src\decadriver\deca_params_init.o
                0x08003cf8                rx_config
 .rodata.sftsh  0x08003cfa        0xc Src\decadriver\deca_params_init.o
                0x08003cfa                sftsh
 *fill*         0x08003d06        0x2 
 .rodata.tx_config
                0x08003d08       0x18 Src\decadriver\deca_params_init.o
                0x08003d08                tx_config
 .rodata.AHBPrescTable
                0x08003d20       0x10 Src\system_stm32f1xx.o
                0x08003d20                AHBPrescTable
 .rodata.CSWTCH.39
                0x08003d30        0x4 Src\usbd_conf.o
 .rodata.USBD_LL_Init.str1.1
                0x08003d34       0x13 Src\usbd_conf.o
 .rodata.USBD_FS_ConfigStrDescriptor.str1.1
                0x08003d47        0xb Src\usbd_desc.o
 .rodata.USBD_FS_InterfaceStrDescriptor.str1.1
                0x08003d52        0xe Src\usbd_desc.o
 .rodata.USBD_FS_ManufacturerStrDescriptor.str1.1
                0x08003d60       0x13 Src\usbd_desc.o
 .rodata.USBD_FS_ProductStrDescriptor.str1.1
                0x08003d73       0x16 Src\usbd_desc.o
 .rodata.USBD_FS_SerialStrDescriptor.str1.1
                0x08003d89        0xd Src\usbd_desc.o
                0x08003d98                . = ALIGN (0x4)
 *fill*         0x08003d96        0x2 

.rel.dyn        0x08003d98        0x0
 .rel.iplt      0x08003d98        0x0 c:/program files (x86)/atollic/truestudio for arm 8.0.0/armtools/bin/../lib/gcc/arm-atollic-eabi/6.3.1/armv7-m/crtbegin.o

.ARM.extab
 *(.ARM.extab* .gnu.linkonce.armextab.*)

.ARM            0x08003d98        0x0
                0x08003d98                __exidx_start = .
 *(.ARM.exidx*)
                0x08003d98                __exidx_end = .

.preinit_array  0x08003d98        0x0
                0x08003d98                PROVIDE (__preinit_array_start, .)
 *(.preinit_array*)
                0x08003d98                PROVIDE (__preinit_array_end, .)

.init_array     0x08003d98        0x4
                0x08003d98                PROVIDE (__init_array_start, .)
 *(SORT(.init_array.*))
 *(.init_array*)
 .init_array    0x08003d98        0x4 c:/program files (x86)/atollic/truestudio for arm 8.0.0/armtools/bin/../lib/gcc/arm-atollic-eabi/6.3.1/armv7-m/crtbegin.o
                0x08003d9c                PROVIDE (__init_array_end, .)

.fini_array     0x08003d9c        0x4
                [!provide]                PROVIDE (__fini_array_start, .)
 *(SORT(.fini_array.*))
 *(.fini_array*)
 .fini_array    0x08003d9c        0x4 c:/program files (x86)/atollic/truestudio for arm 8.0.0/armtools/bin/../lib/gcc/arm-atollic-eabi/6.3.1/armv7-m/crtbegin.o
                [!provide]                PROVIDE (__fini_array_end, .)
                0x08003da0                _sidata = LOADADDR (.data)

.data           0x20000000      0x184 load address 0x08003da0
                0x20000000                . = ALIGN (0x4)
                0x20000000                _sdata = .
 *(.data)
 *(.data*)
 .data.USBD_CDC
                0x20000000       0x38 Middlewares\ST\STM32_USB_Device_Library\Class\CDC\Src\usbd_cdc.o
                0x20000000                USBD_CDC
 .data.USBD_CDC_CfgFSDesc
                0x20000038       0x43 Middlewares\ST\STM32_USB_Device_Library\Class\CDC\Src\usbd_cdc.o
                0x20000038                USBD_CDC_CfgFSDesc
 *fill*         0x2000007b        0x1 
 .data.USBD_CDC_CfgHSDesc
                0x2000007c       0x43 Middlewares\ST\STM32_USB_Device_Library\Class\CDC\Src\usbd_cdc.o
                0x2000007c                USBD_CDC_CfgHSDesc
 *fill*         0x200000bf        0x1 
 .data.USBD_CDC_DeviceQualifierDesc
                0x200000c0        0xa Middlewares\ST\STM32_USB_Device_Library\Class\CDC\Src\usbd_cdc.o
 *fill*         0x200000ca        0x2 
 .data.USBD_CDC_OtherSpeedCfgDesc
                0x200000cc       0x43 Middlewares\ST\STM32_USB_Device_Library\Class\CDC\Src\usbd_cdc.o
                0x200000cc                USBD_CDC_OtherSpeedCfgDesc
 *fill*         0x2000010f        0x1 
 .data.config   0x20000110        0xc Src\main.o
 .data.rx_poll_msg
                0x2000011c        0xc Src\main.o
 .data.tx_resp_msg
                0x20000128       0x14 Src\main.o
 .data.SystemCoreClock
                0x2000013c        0x4 Src\system_stm32f1xx.o
                0x2000013c                SystemCoreClock
 .data.USBD_Interface_fops_FS
                0x20000140       0x10 Src\usbd_cdc_if.o
                0x20000140                USBD_Interface_fops_FS
 .data.FS_Desc  0x20000150       0x1c Src\usbd_desc.o
                0x20000150                FS_Desc
 .data.USBD_FS_DeviceDesc
                0x2000016c       0x12 Src\usbd_desc.o
                0x2000016c                USBD_FS_DeviceDesc
 *fill*         0x2000017e        0x2 
 .data.USBD_LangIDDesc
                0x20000180        0x4 Src\usbd_desc.o
                0x20000180                USBD_LangIDDesc
                0x20000184                . = ALIGN (0x4)
                0x20000184                _edata = .

.igot.plt       0x20000184        0x0 load address 0x08003f24
 .igot.plt      0x20000184        0x0 c:/program files (x86)/atollic/truestudio for arm 8.0.0/armtools/bin/../lib/gcc/arm-atollic-eabi/6.3.1/armv7-m/crtbegin.o
                0x20000184                . = ALIGN (0x4)

.bss            0x20000188     0x1b80 load address 0x08003f24
                0x20000188                _sbss = .
                0x20000188                __bss_start__ = _sbss
 *(.bss)
 .bss           0x20000188       0x1c c:/program files (x86)/atollic/truestudio for arm 8.0.0/armtools/bin/../lib/gcc/arm-atollic-eabi/6.3.1/armv7-m/crtbegin.o
 *(.bss*)
 .bss.ifalt.7604
                0x200001a4        0x1 Middlewares\ST\STM32_USB_Device_Library\Class\CDC\Src\usbd_cdc.o
 .bss.cfgidx.7609
                0x200001a5        0x1 Middlewares\ST\STM32_USB_Device_Library\Core\Src\usbd_ctlreq.o
 *fill*         0x200001a6        0x2 
 .bss.dw1000local
                0x200001a8       0x38 Src\decadriver\deca_device.o
 .bss.frame_seq_nb
                0x200001e0        0x1 Src\main.o
 *fill*         0x200001e1        0x7 
 .bss.poll_rx_ts
                0x200001e8        0x8 Src\main.o
 .bss.resp_tx_ts
                0x200001f0        0x8 Src\main.o
 .bss.rx_buffer
                0x200001f8        0xc Src\main.o
 .bss.signalResetDone
                0x20000204        0x4 Src\platform\port.o
 .bss.mem.7763  0x20000208      0x220 Src\usbd_conf.o
 *(COMMON)
 COMMON         0x20000428        0x4 Drivers\STM32F1xx_HAL_Driver\Src\stm32f1xx_hal.o
                0x20000428                uwTick
 COMMON         0x2000042c       0x58 Src\main.o
                0x2000042c                hspi1
 COMMON         0x20000484      0x224 Src\usb_device.o
                0x20000484                hUsbDeviceFS
 COMMON         0x200006a8     0x1000 Src\usbd_cdc_if.o
                0x200006a8                UserRxBufferFS
                0x20000ea8                UserTxBufferFS
 COMMON         0x200016a8      0x460 Src\usbd_conf.o
                0x200016a8                hpcd_USB_FS
 COMMON         0x20001b08      0x200 Src\usbd_desc.o
                0x20001b08                USBD_StrDesc
                0x20001d08                . = ALIGN (0x4)
                0x20001d08                _ebss = .
                0x20001d08                __bss_end__ = _ebss

._user_heap_stack
                0x20001d08      0x600 load address 0x08003f24
                0x20001d08                . = ALIGN (0x4)
                [!provide]                PROVIDE (end, .)
                [!provide]                PROVIDE (_end, .)
                0x20001f08                . = (. + _Min_Heap_Size)
 *fill*         0x20001d08      0x200 
                0x20002308                . = (. + _Min_Stack_Size)
 *fill*         0x20001f08      0x400 
                0x20002308                . = ALIGN (0x4)

/DISCARD/
 libc.a(*)
 libm.a(*)
 libgcc.a(*)

.ARM.attributes
                0x00000000       0x29
 *(.ARM.attributes)
 .ARM.attributes
                0x00000000       0x1d c:/program files (x86)/atollic/truestudio for arm 8.0.0/armtools/bin/../lib/gcc/arm-atollic-eabi/6.3.1/armv7-m/crti.o
 .ARM.attributes
                0x0000001d       0x2d c:/program files (x86)/atollic/truestudio for arm 8.0.0/armtools/bin/../lib/gcc/arm-atollic-eabi/6.3.1/armv7-m/crtbegin.o
 .ARM.attributes
                0x0000004a       0x33 Drivers\STM32F1xx_HAL_Driver\Src\stm32f1xx_hal.o
 .ARM.attributes
                0x0000007d       0x33 Drivers\STM32F1xx_HAL_Driver\Src\stm32f1xx_hal_cortex.o
 .ARM.attributes
                0x000000b0       0x33 Drivers\STM32F1xx_HAL_Driver\Src\stm32f1xx_hal_gpio.o
 .ARM.attributes
                0x000000e3       0x33 Drivers\STM32F1xx_HAL_Driver\Src\stm32f1xx_hal_pcd.o
 .ARM.attributes
                0x00000116       0x33 Drivers\STM32F1xx_HAL_Driver\Src\stm32f1xx_hal_pcd_ex.o
 .ARM.attributes
                0x00000149       0x33 Drivers\STM32F1xx_HAL_Driver\Src\stm32f1xx_hal_rcc.o
 .ARM.attributes
                0x0000017c       0x33 Drivers\STM32F1xx_HAL_Driver\Src\stm32f1xx_hal_rcc_ex.o
 .ARM.attributes
                0x000001af       0x33 Drivers\STM32F1xx_HAL_Driver\Src\stm32f1xx_hal_spi.o
 .ARM.attributes
                0x000001e2       0x33 Drivers\STM32F1xx_HAL_Driver\Src\stm32f1xx_hal_spi_ex.o
 .ARM.attributes
                0x00000215       0x33 Drivers\STM32F1xx_HAL_Driver\Src\stm32f1xx_ll_usb.o
 .ARM.attributes
                0x00000248       0x33 Middlewares\ST\STM32_USB_Device_Library\Class\CDC\Src\usbd_cdc.o
 .ARM.attributes
                0x0000027b       0x33 Middlewares\ST\STM32_USB_Device_Library\Core\Src\usbd_core.o
 .ARM.attributes
                0x000002ae       0x33 Middlewares\ST\STM32_USB_Device_Library\Core\Src\usbd_ctlreq.o
 .ARM.attributes
                0x000002e1       0x33 Middlewares\ST\STM32_USB_Device_Library\Core\Src\usbd_ioreq.o
 .ARM.attributes
                0x00000314       0x33 Src\decadriver\deca_device.o
 .ARM.attributes
                0x00000347       0x33 Src\decadriver\deca_params_init.o
 .ARM.attributes
                0x0000037a       0x33 Src\main.o
 .ARM.attributes
                0x000003ad       0x33 Src\platform\deca_mutex.o
 .ARM.attributes
                0x000003e0       0x33 Src\platform\deca_sleep.o
 .ARM.attributes
                0x00000413       0x33 Src\platform\deca_spi.o
 .ARM.attributes
                0x00000446       0x33 Src\platform\port.o
 .ARM.attributes
                0x00000479       0x33 Src\stm32f1xx_hal_msp.o
 .ARM.attributes
                0x000004ac       0x33 Src\stm32f1xx_it.o
 .ARM.attributes
                0x000004df       0x33 Src\system_stm32f1xx.o
 .ARM.attributes
                0x00000512       0x33 Src\usb_device.o
 .ARM.attributes
                0x00000545       0x33 Src\usbd_cdc_if.o
 .ARM.attributes
                0x00000578       0x33 Src\usbd_conf.o
 .ARM.attributes
                0x000005ab       0x33 Src\usbd_desc.o
 .ARM.attributes
                0x000005de       0x21 startup\startup_stm32f103xb.o
 .ARM.attributes
                0x000005ff       0x2d c:/program files (x86)/atollic/truestudio for arm 8.0.0/armtools/bin/../lib/gcc/arm-atollic-eabi/6.3.1/../../../../arm-atollic-eabi/lib/armv7-m\libc_nano.a(lib_a-init.o)
 .ARM.attributes
                0x0000062c       0x2d c:/program files (x86)/atollic/truestudio for arm 8.0.0/armtools/bin/../lib/gcc/arm-atollic-eabi/6.3.1/../../../../arm-atollic-eabi/lib/armv7-m\libc_nano.a(lib_a-memcmp.o)
 .ARM.attributes
                0x00000659       0x2d c:/program files (x86)/atollic/truestudio for arm 8.0.0/armtools/bin/../lib/gcc/arm-atollic-eabi/6.3.1/../../../../arm-atollic-eabi/lib/armv7-m\libc_nano.a(lib_a-memcpy-stub.o)
 .ARM.attributes
                0x00000686       0x1d c:/program files (x86)/atollic/truestudio for arm 8.0.0/armtools/bin/../lib/gcc/arm-atollic-eabi/6.3.1/armv7-m/crtn.o
OUTPUT(TD.elf elf32-littlearm)

.debug_info     0x00000000    0x22919
 .debug_info    0x00000000      0xece Drivers\STM32F1xx_HAL_Driver\Src\stm32f1xx_hal.o
 .debug_info    0x00000ece     0x1463 Drivers\STM32F1xx_HAL_Driver\Src\stm32f1xx_hal_cortex.o
 .debug_info    0x00002331      0xe7c Drivers\STM32F1xx_HAL_Driver\Src\stm32f1xx_hal_gpio.o
 .debug_info    0x000031ad     0x197a Drivers\STM32F1xx_HAL_Driver\Src\stm32f1xx_hal_pcd.o
 .debug_info    0x00004b27      0xdfe Drivers\STM32F1xx_HAL_Driver\Src\stm32f1xx_hal_pcd_ex.o
 .debug_info    0x00005925     0x118f Drivers\STM32F1xx_HAL_Driver\Src\stm32f1xx_hal_rcc.o
 .debug_info    0x00006ab4      0xc57 Drivers\STM32F1xx_HAL_Driver\Src\stm32f1xx_hal_rcc_ex.o
 .debug_info    0x0000770b     0x2318 Drivers\STM32F1xx_HAL_Driver\Src\stm32f1xx_hal_spi.o
 .debug_info    0x00009a23      0xe1b Drivers\STM32F1xx_HAL_Driver\Src\stm32f1xx_hal_spi_ex.o
 .debug_info    0x0000a83e     0x1701 Drivers\STM32F1xx_HAL_Driver\Src\stm32f1xx_ll_usb.o
 .debug_info    0x0000bf3f     0x14f6 Middlewares\ST\STM32_USB_Device_Library\Class\CDC\Src\usbd_cdc.o
 .debug_info    0x0000d435     0x1466 Middlewares\ST\STM32_USB_Device_Library\Core\Src\usbd_core.o
 .debug_info    0x0000e89b     0x1499 Middlewares\ST\STM32_USB_Device_Library\Core\Src\usbd_ctlreq.o
 .debug_info    0x0000fd34      0xfc5 Middlewares\ST\STM32_USB_Device_Library\Core\Src\usbd_ioreq.o
 .debug_info    0x00010cf9     0x3748 Src\decadriver\deca_device.o
 .debug_info    0x00014441      0xad1 Src\decadriver\deca_params_init.o
 .debug_info    0x00014f12     0x1f3e Src\main.o
 .debug_info    0x00016e50      0xa10 Src\platform\deca_mutex.o
 .debug_info    0x00017860      0x9bf Src\platform\deca_sleep.o
 .debug_info    0x0001821f     0x10fb Src\platform\deca_spi.o
 .debug_info    0x0001931a     0x1bb5 Src\platform\port.o
 .debug_info    0x0001aecf     0x129f Src\stm32f1xx_hal_msp.o
 .debug_info    0x0001c16e      0xe45 Src\stm32f1xx_it.o
 .debug_info    0x0001cfb3      0xc07 Src\system_stm32f1xx.o
 .debug_info    0x0001dbba      0xe80 Src\usb_device.o
 .debug_info    0x0001ea3a     0x1090 Src\usbd_cdc_if.o
 .debug_info    0x0001faca     0x205d Src\usbd_conf.o
 .debug_info    0x00021b27      0xd71 Src\usbd_desc.o
 .debug_info    0x00022898       0x81 startup\startup_stm32f103xb.o

.debug_abbrev   0x00000000     0x4a12
 .debug_abbrev  0x00000000      0x2c2 Drivers\STM32F1xx_HAL_Driver\Src\stm32f1xx_hal.o
 .debug_abbrev  0x000002c2      0x399 Drivers\STM32F1xx_HAL_Driver\Src\stm32f1xx_hal_cortex.o
 .debug_abbrev  0x0000065b      0x268 Drivers\STM32F1xx_HAL_Driver\Src\stm32f1xx_hal_gpio.o
 .debug_abbrev  0x000008c3      0x39a Drivers\STM32F1xx_HAL_Driver\Src\stm32f1xx_hal_pcd.o
 .debug_abbrev  0x00000c5d      0x1f5 Drivers\STM32F1xx_HAL_Driver\Src\stm32f1xx_hal_pcd_ex.o
 .debug_abbrev  0x00000e52      0x354 Drivers\STM32F1xx_HAL_Driver\Src\stm32f1xx_hal_rcc.o
 .debug_abbrev  0x000011a6      0x277 Drivers\STM32F1xx_HAL_Driver\Src\stm32f1xx_hal_rcc_ex.o
 .debug_abbrev  0x0000141d      0x39b Drivers\STM32F1xx_HAL_Driver\Src\stm32f1xx_hal_spi.o
 .debug_abbrev  0x000017b8      0x1d8 Drivers\STM32F1xx_HAL_Driver\Src\stm32f1xx_hal_spi_ex.o
 .debug_abbrev  0x00001990      0x31c Drivers\STM32F1xx_HAL_Driver\Src\stm32f1xx_ll_usb.o
 .debug_abbrev  0x00001cac      0x2e8 Middlewares\ST\STM32_USB_Device_Library\Class\CDC\Src\usbd_cdc.o
 .debug_abbrev  0x00001f94      0x308 Middlewares\ST\STM32_USB_Device_Library\Core\Src\usbd_core.o
 .debug_abbrev  0x0000229c      0x3aa Middlewares\ST\STM32_USB_Device_Library\Core\Src\usbd_ctlreq.o
 .debug_abbrev  0x00002646      0x1da Middlewares\ST\STM32_USB_Device_Library\Core\Src\usbd_ioreq.o
 .debug_abbrev  0x00002820      0x313 Src\decadriver\deca_device.o
 .debug_abbrev  0x00002b33      0x162 Src\decadriver\deca_params_init.o
 .debug_abbrev  0x00002c95      0x38b Src\main.o
 .debug_abbrev  0x00003020      0x201 Src\platform\deca_mutex.o
 .debug_abbrev  0x00003221      0x1d7 Src\platform\deca_sleep.o
 .debug_abbrev  0x000033f8      0x269 Src\platform\deca_spi.o
 .debug_abbrev  0x00003661      0x372 Src\platform\port.o
 .debug_abbrev  0x000039d3      0x223 Src\stm32f1xx_hal_msp.o
 .debug_abbrev  0x00003bf6      0x238 Src\stm32f1xx_it.o
 .debug_abbrev  0x00003e2e      0x1eb Src\system_stm32f1xx.o
 .debug_abbrev  0x00004019      0x1e0 Src\usb_device.o
 .debug_abbrev  0x000041f9      0x2ab Src\usbd_cdc_if.o
 .debug_abbrev  0x000044a4      0x2ea Src\usbd_conf.o
 .debug_abbrev  0x0000478e      0x272 Src\usbd_desc.o
 .debug_abbrev  0x00004a00       0x12 startup\startup_stm32f103xb.o

.debug_loc      0x00000000     0x7d9b
 .debug_loc     0x00000000       0x69 Drivers\STM32F1xx_HAL_Driver\Src\stm32f1xx_hal.o
 .debug_loc     0x00000069      0x46b Drivers\STM32F1xx_HAL_Driver\Src\stm32f1xx_hal_cortex.o
 .debug_loc     0x000004d4      0x36a Drivers\STM32F1xx_HAL_Driver\Src\stm32f1xx_hal_gpio.o
 .debug_loc     0x0000083e      0x995 Drivers\STM32F1xx_HAL_Driver\Src\stm32f1xx_hal_pcd.o
 .debug_loc     0x000011d3       0xe0 Drivers\STM32F1xx_HAL_Driver\Src\stm32f1xx_hal_pcd_ex.o
 .debug_loc     0x000012b3      0x404 Drivers\STM32F1xx_HAL_Driver\Src\stm32f1xx_hal_rcc.o
 .debug_loc     0x000016b7      0x29d Drivers\STM32F1xx_HAL_Driver\Src\stm32f1xx_hal_rcc_ex.o
 .debug_loc     0x00001954     0x1525 Drivers\STM32F1xx_HAL_Driver\Src\stm32f1xx_hal_spi.o
 .debug_loc     0x00002e79       0x34 Drivers\STM32F1xx_HAL_Driver\Src\stm32f1xx_hal_spi_ex.o
 .debug_loc     0x00002ead      0xb9c Drivers\STM32F1xx_HAL_Driver\Src\stm32f1xx_ll_usb.o
 .debug_loc     0x00003a49      0x4cf Middlewares\ST\STM32_USB_Device_Library\Class\CDC\Src\usbd_cdc.o
 .debug_loc     0x00003f18      0x5f2 Middlewares\ST\STM32_USB_Device_Library\Core\Src\usbd_core.o
 .debug_loc     0x0000450a      0x7cd Middlewares\ST\STM32_USB_Device_Library\Core\Src\usbd_ctlreq.o
 .debug_loc     0x00004cd7      0x23c Middlewares\ST\STM32_USB_Device_Library\Core\Src\usbd_ioreq.o
 .debug_loc     0x00004f13     0x1bb0 Src\decadriver\deca_device.o
 .debug_loc     0x00006ac3      0x132 Src\main.o
 .debug_loc     0x00006bf5       0x4a Src\platform\deca_mutex.o
 .debug_loc     0x00006c3f       0x21 Src\platform\deca_sleep.o
 .debug_loc     0x00006c60      0x14a Src\platform\deca_spi.o
 .debug_loc     0x00006daa      0x1f3 Src\platform\port.o
 .debug_loc     0x00006f9d       0x4d Src\stm32f1xx_hal_msp.o
 .debug_loc     0x00006fea       0xcd Src\system_stm32f1xx.o
 .debug_loc     0x000070b7      0x10c Src\usbd_cdc_if.o
 .debug_loc     0x000071c3      0x965 Src\usbd_conf.o
 .debug_loc     0x00007b28      0x273 Src\usbd_desc.o

.debug_aranges  0x00000000      0xe80
 .debug_aranges
                0x00000000       0xb0 Drivers\STM32F1xx_HAL_Driver\Src\stm32f1xx_hal.o
 .debug_aranges
                0x000000b0       0x90 Drivers\STM32F1xx_HAL_Driver\Src\stm32f1xx_hal_cortex.o
 .debug_aranges
                0x00000140       0x58 Drivers\STM32F1xx_HAL_Driver\Src\stm32f1xx_hal_gpio.o
 .debug_aranges
                0x00000198       0xc0 Drivers\STM32F1xx_HAL_Driver\Src\stm32f1xx_hal_pcd.o
 .debug_aranges
                0x00000258       0x28 Drivers\STM32F1xx_HAL_Driver\Src\stm32f1xx_hal_pcd_ex.o
 .debug_aranges
                0x00000280       0x88 Drivers\STM32F1xx_HAL_Driver\Src\stm32f1xx_hal_rcc.o
 .debug_aranges
                0x00000308       0x30 Drivers\STM32F1xx_HAL_Driver\Src\stm32f1xx_hal_rcc_ex.o
 .debug_aranges
                0x00000338      0x188 Drivers\STM32F1xx_HAL_Driver\Src\stm32f1xx_hal_spi.o
 .debug_aranges
                0x000004c0       0x20 Drivers\STM32F1xx_HAL_Driver\Src\stm32f1xx_hal_spi_ex.o
 .debug_aranges
                0x000004e0       0xe0 Drivers\STM32F1xx_HAL_Driver\Src\stm32f1xx_ll_usb.o
 .debug_aranges
                0x000005c0       0x90 Middlewares\ST\STM32_USB_Device_Library\Class\CDC\Src\usbd_cdc.o
 .debug_aranges
                0x00000650       0xa8 Middlewares\ST\STM32_USB_Device_Library\Core\Src\usbd_core.o
 .debug_aranges
                0x000006f8       0x50 Middlewares\ST\STM32_USB_Device_Library\Core\Src\usbd_ctlreq.o
 .debug_aranges
                0x00000748       0x50 Middlewares\ST\STM32_USB_Device_Library\Core\Src\usbd_ioreq.o
 .debug_aranges
                0x00000798      0x2d8 Src\decadriver\deca_device.o
 .debug_aranges
                0x00000a70       0x18 Src\decadriver\deca_params_init.o
 .debug_aranges
                0x00000a88       0x30 Src\main.o
 .debug_aranges
                0x00000ab8       0x28 Src\platform\deca_mutex.o
 .debug_aranges
                0x00000ae0       0x20 Src\platform\deca_sleep.o
 .debug_aranges
                0x00000b00       0x30 Src\platform\deca_spi.o
 .debug_aranges
                0x00000b30       0xb8 Src\platform\port.o
 .debug_aranges
                0x00000be8       0x30 Src\stm32f1xx_hal_msp.o
 .debug_aranges
                0x00000c18       0x58 Src\stm32f1xx_it.o
 .debug_aranges
                0x00000c70       0x28 Src\system_stm32f1xx.o
 .debug_aranges
                0x00000c98       0x20 Src\usb_device.o
 .debug_aranges
                0x00000cb8       0x40 Src\usbd_cdc_if.o
 .debug_aranges
                0x00000cf8      0x110 Src\usbd_conf.o
 .debug_aranges
                0x00000e08       0x50 Src\usbd_desc.o
 .debug_aranges
                0x00000e58       0x28 startup\startup_stm32f103xb.o

.debug_ranges   0x00000000     0x1208
 .debug_ranges  0x00000000       0xa0 Drivers\STM32F1xx_HAL_Driver\Src\stm32f1xx_hal.o
 .debug_ranges  0x000000a0      0x128 Drivers\STM32F1xx_HAL_Driver\Src\stm32f1xx_hal_cortex.o
 .debug_ranges  0x000001c8       0x60 Drivers\STM32F1xx_HAL_Driver\Src\stm32f1xx_hal_gpio.o
 .debug_ranges  0x00000228      0x118 Drivers\STM32F1xx_HAL_Driver\Src\stm32f1xx_hal_pcd.o
 .debug_ranges  0x00000340       0x18 Drivers\STM32F1xx_HAL_Driver\Src\stm32f1xx_hal_pcd_ex.o
 .debug_ranges  0x00000358       0xa0 Drivers\STM32F1xx_HAL_Driver\Src\stm32f1xx_hal_rcc.o
 .debug_ranges  0x000003f8       0x40 Drivers\STM32F1xx_HAL_Driver\Src\stm32f1xx_hal_rcc_ex.o
 .debug_ranges  0x00000438      0x1d8 Drivers\STM32F1xx_HAL_Driver\Src\stm32f1xx_hal_spi.o
 .debug_ranges  0x00000610       0x10 Drivers\STM32F1xx_HAL_Driver\Src\stm32f1xx_hal_spi_ex.o
 .debug_ranges  0x00000620      0x260 Drivers\STM32F1xx_HAL_Driver\Src\stm32f1xx_ll_usb.o
 .debug_ranges  0x00000880       0x80 Middlewares\ST\STM32_USB_Device_Library\Class\CDC\Src\usbd_cdc.o
 .debug_ranges  0x00000900       0x98 Middlewares\ST\STM32_USB_Device_Library\Core\Src\usbd_core.o
 .debug_ranges  0x00000998       0xc0 Middlewares\ST\STM32_USB_Device_Library\Core\Src\usbd_ctlreq.o
 .debug_ranges  0x00000a58       0x40 Middlewares\ST\STM32_USB_Device_Library\Core\Src\usbd_ioreq.o
 .debug_ranges  0x00000a98      0x2f8 Src\decadriver\deca_device.o
 .debug_ranges  0x00000d90      0x100 Src\main.o
 .debug_ranges  0x00000e90       0x18 Src\platform\deca_mutex.o
 .debug_ranges  0x00000ea8       0x10 Src\platform\deca_sleep.o
 .debug_ranges  0x00000eb8       0x20 Src\platform\deca_spi.o
 .debug_ranges  0x00000ed8       0xa8 Src\platform\port.o
 .debug_ranges  0x00000f80       0x60 Src\stm32f1xx_hal_msp.o
 .debug_ranges  0x00000fe0       0x48 Src\stm32f1xx_it.o
 .debug_ranges  0x00001028       0x18 Src\system_stm32f1xx.o
 .debug_ranges  0x00001040       0x10 Src\usb_device.o
 .debug_ranges  0x00001050       0x30 Src\usbd_cdc_if.o
 .debug_ranges  0x00001080      0x128 Src\usbd_conf.o
 .debug_ranges  0x000011a8       0x40 Src\usbd_desc.o
 .debug_ranges  0x000011e8       0x20 startup\startup_stm32f103xb.o

.debug_line     0x00000000     0x81b4
 .debug_line    0x00000000      0x406 Drivers\STM32F1xx_HAL_Driver\Src\stm32f1xx_hal.o
 .debug_line    0x00000406      0x42c Drivers\STM32F1xx_HAL_Driver\Src\stm32f1xx_hal_cortex.o
 .debug_line    0x00000832      0x445 Drivers\STM32F1xx_HAL_Driver\Src\stm32f1xx_hal_gpio.o
 .debug_line    0x00000c77      0x6e9 Drivers\STM32F1xx_HAL_Driver\Src\stm32f1xx_hal_pcd.o
 .debug_line    0x00001360      0x2e6 Drivers\STM32F1xx_HAL_Driver\Src\stm32f1xx_hal_pcd_ex.o
 .debug_line    0x00001646      0x5f9 Drivers\STM32F1xx_HAL_Driver\Src\stm32f1xx_hal_rcc.o
 .debug_line    0x00001c3f      0x3c6 Drivers\STM32F1xx_HAL_Driver\Src\stm32f1xx_hal_rcc_ex.o
 .debug_line    0x00002005      0xbe5 Drivers\STM32F1xx_HAL_Driver\Src\stm32f1xx_hal_spi.o
 .debug_line    0x00002bea      0x2ec Drivers\STM32F1xx_HAL_Driver\Src\stm32f1xx_hal_spi_ex.o
 .debug_line    0x00002ed6      0x60f Drivers\STM32F1xx_HAL_Driver\Src\stm32f1xx_ll_usb.o
 .debug_line    0x000034e5      0x504 Middlewares\ST\STM32_USB_Device_Library\Class\CDC\Src\usbd_cdc.o
 .debug_line    0x000039e9      0x4ee Middlewares\ST\STM32_USB_Device_Library\Core\Src\usbd_core.o
 .debug_line    0x00003ed7      0x46e Middlewares\ST\STM32_USB_Device_Library\Core\Src\usbd_ctlreq.o
 .debug_line    0x00004345      0x384 Middlewares\ST\STM32_USB_Device_Library\Core\Src\usbd_ioreq.o
 .debug_line    0x000046c9      0xa08 Src\decadriver\deca_device.o
 .debug_line    0x000050d1      0x1c9 Src\decadriver\deca_params_init.o
 .debug_line    0x0000529a      0x588 Src\main.o
 .debug_line    0x00005822      0x315 Src\platform\deca_mutex.o
 .debug_line    0x00005b37      0x2a7 Src\platform\deca_sleep.o
 .debug_line    0x00005dde      0x368 Src\platform\deca_spi.o
 .debug_line    0x00006146      0x662 Src\platform\port.o
 .debug_line    0x000067a8      0x329 Src\stm32f1xx_hal_msp.o
 .debug_line    0x00006ad1      0x35a Src\stm32f1xx_it.o
 .debug_line    0x00006e2b      0x282 Src\system_stm32f1xx.o
 .debug_line    0x000070ad      0x35e Src\usb_device.o
 .debug_line    0x0000740b      0x37f Src\usbd_cdc_if.o
 .debug_line    0x0000778a      0x649 Src\usbd_conf.o
 .debug_line    0x00007dd3      0x364 Src\usbd_desc.o
 .debug_line    0x00008137       0x7d startup\startup_stm32f103xb.o

.debug_str      0x00000000     0x42fe
 .debug_str     0x00000000      0xb0d Drivers\STM32F1xx_HAL_Driver\Src\stm32f1xx_hal.o
                                0xbc1 (size before relaxing)
 .debug_str     0x00000b0d      0x2e1 Drivers\STM32F1xx_HAL_Driver\Src\stm32f1xx_hal_cortex.o
                                0xd25 (size before relaxing)
 .debug_str     0x00000dee      0x1c4 Drivers\STM32F1xx_HAL_Driver\Src\stm32f1xx_hal_gpio.o
                                0x892 (size before relaxing)
 .debug_str     0x00000fb2      0x7d3 Drivers\STM32F1xx_HAL_Driver\Src\stm32f1xx_hal_pcd.o
                                0xe8c (size before relaxing)
 .debug_str     0x00001785       0x57 Drivers\STM32F1xx_HAL_Driver\Src\stm32f1xx_hal_pcd_ex.o
                                0x9b7 (size before relaxing)
 .debug_str     0x000017dc      0x326 Drivers\STM32F1xx_HAL_Driver\Src\stm32f1xx_hal_rcc.o
                                0xa70 (size before relaxing)
 .debug_str     0x00001b02      0x12b Drivers\STM32F1xx_HAL_Driver\Src\stm32f1xx_hal_rcc_ex.o
                                0x84d (size before relaxing)
 .debug_str     0x00001c2d      0x856 Drivers\STM32F1xx_HAL_Driver\Src\stm32f1xx_hal_spi.o
                                0xf65 (size before relaxing)
 .debug_str     0x00002483       0x3b Drivers\STM32F1xx_HAL_Driver\Src\stm32f1xx_hal_spi_ex.o
                                0xa4d (size before relaxing)
 .debug_str     0x000024be      0x151 Drivers\STM32F1xx_HAL_Driver\Src\stm32f1xx_ll_usb.o
                                0xb8a (size before relaxing)
 .debug_str     0x0000260f      0x64f Middlewares\ST\STM32_USB_Device_Library\Class\CDC\Src\usbd_cdc.o
                                0xd36 (size before relaxing)
 .debug_str     0x00002c5e      0x2a0 Middlewares\ST\STM32_USB_Device_Library\Core\Src\usbd_core.o
                                0xca8 (size before relaxing)
 .debug_str     0x00002efe      0x12e Middlewares\ST\STM32_USB_Device_Library\Core\Src\usbd_ctlreq.o
                                0xbc2 (size before relaxing)
 .debug_str     0x0000302c       0x51 Middlewares\ST\STM32_USB_Device_Library\Core\Src\usbd_ioreq.o
                                0xaef (size before relaxing)
 .debug_str     0x0000307d      0xb34 Src\decadriver\deca_device.o
                                0xd35 (size before relaxing)
 .debug_str     0x00003bb1       0x25 Src\decadriver\deca_params_init.o
                                0x672 (size before relaxing)
 .debug_str     0x00003bd6      0x204 Src\main.o
                               0x1698 (size before relaxing)
 .debug_str     0x00003dda       0x46 Src\platform\deca_mutex.o
                                0x700 (size before relaxing)
 .debug_str     0x00003e20       0x2b Src\platform\deca_sleep.o
                                0x6b3 (size before relaxing)
 .debug_str     0x00003e4b       0x87 Src\platform\deca_spi.o
                                0xb4d (size before relaxing)
 .debug_str     0x00003ed2       0xf8 Src\platform\port.o
                               0x1411 (size before relaxing)
 .debug_str     0x00003fca       0x1b Src\stm32f1xx_hal_msp.o
                                0xde2 (size before relaxing)
 .debug_str     0x00003fe5       0xde Src\stm32f1xx_it.o
                                0xa25 (size before relaxing)
 .debug_str     0x000040c3       0x4d Src\system_stm32f1xx.o
                                0x6fb (size before relaxing)
 .debug_str     0x00004110       0x14 Src\usb_device.o
                                0xa88 (size before relaxing)
 .debug_str     0x00004124       0x7b Src\usbd_cdc_if.o
                                0xb82 (size before relaxing)
 .debug_str     0x0000419f       0x51 Src\usbd_conf.o
                               0x1589 (size before relaxing)
 .debug_str     0x000041f0      0x10e Src\usbd_desc.o
                                0x863 (size before relaxing)

.comment        0x00000000       0x7c
 .comment       0x00000000       0x7c Drivers\STM32F1xx_HAL_Driver\Src\stm32f1xx_hal.o
                                 0x7d (size before relaxing)
 .comment       0x0000007c       0x7d Drivers\STM32F1xx_HAL_Driver\Src\stm32f1xx_hal_cortex.o
 .comment       0x0000007c       0x7d Drivers\STM32F1xx_HAL_Driver\Src\stm32f1xx_hal_gpio.o
 .comment       0x0000007c       0x7d Drivers\STM32F1xx_HAL_Driver\Src\stm32f1xx_hal_pcd.o
 .comment       0x0000007c       0x7d Drivers\STM32F1xx_HAL_Driver\Src\stm32f1xx_hal_pcd_ex.o
 .comment       0x0000007c       0x7d Drivers\STM32F1xx_HAL_Driver\Src\stm32f1xx_hal_rcc.o
 .comment       0x0000007c       0x7d Drivers\STM32F1xx_HAL_Driver\Src\stm32f1xx_hal_rcc_ex.o
 .comment       0x0000007c       0x7d Drivers\STM32F1xx_HAL_Driver\Src\stm32f1xx_hal_spi.o
 .comment       0x0000007c       0x7d Drivers\STM32F1xx_HAL_Driver\Src\stm32f1xx_hal_spi_ex.o
 .comment       0x0000007c       0x7d Drivers\STM32F1xx_HAL_Driver\Src\stm32f1xx_ll_usb.o
 .comment       0x0000007c       0x7d Middlewares\ST\STM32_USB_Device_Library\Class\CDC\Src\usbd_cdc.o
 .comment       0x0000007c       0x7d Middlewares\ST\STM32_USB_Device_Library\Core\Src\usbd_core.o
 .comment       0x0000007c       0x7d Middlewares\ST\STM32_USB_Device_Library\Core\Src\usbd_ctlreq.o
 .comment       0x0000007c       0x7d Middlewares\ST\STM32_USB_Device_Library\Core\Src\usbd_ioreq.o
 .comment       0x0000007c       0x7d Src\decadriver\deca_device.o
 .comment       0x0000007c       0x7d Src\decadriver\deca_params_init.o
 .comment       0x0000007c       0x7d Src\main.o
 .comment       0x0000007c       0x7d Src\platform\deca_mutex.o
 .comment       0x0000007c       0x7d Src\platform\deca_sleep.o
 .comment       0x0000007c       0x7d Src\platform\deca_spi.o
 .comment       0x0000007c       0x7d Src\platform\port.o
 .comment       0x0000007c       0x7d Src\stm32f1xx_hal_msp.o
 .comment       0x0000007c       0x7d Src\stm32f1xx_it.o
 .comment       0x0000007c       0x7d Src\system_stm32f1xx.o
 .comment       0x0000007c       0x7d Src\usb_device.o
 .comment       0x0000007c       0x7d Src\usbd_cdc_if.o
 .comment       0x0000007c       0x7d Src\usbd_conf.o
 .comment       0x0000007c       0x7d Src\usbd_desc.o

.debug_frame    0x00000000     0x267c
 .debug_frame   0x00000000      0x174 Drivers\STM32F1xx_HAL_Driver\Src\stm32f1xx_hal.o
 .debug_frame   0x00000174      0x120 Drivers\STM32F1xx_HAL_Driver\Src\stm32f1xx_hal_cortex.o
 .debug_frame   0x00000294       0xd4 Drivers\STM32F1xx_HAL_Driver\Src\stm32f1xx_hal_gpio.o
 .debug_frame   0x00000368      0x2c4 Drivers\STM32F1xx_HAL_Driver\Src\stm32f1xx_hal_pcd.o
 .debug_frame   0x0000062c       0x30 Drivers\STM32F1xx_HAL_Driver\Src\stm32f1xx_hal_pcd_ex.o
 .debug_frame   0x0000065c      0x144 Drivers\STM32F1xx_HAL_Driver\Src\stm32f1xx_hal_rcc.o
 .debug_frame   0x000007a0       0x6c Drivers\STM32F1xx_HAL_Driver\Src\stm32f1xx_hal_rcc_ex.o
 .debug_frame   0x0000080c      0x570 Drivers\STM32F1xx_HAL_Driver\Src\stm32f1xx_hal_spi.o
 .debug_frame   0x00000d7c       0x28 Drivers\STM32F1xx_HAL_Driver\Src\stm32f1xx_hal_spi_ex.o
 .debug_frame   0x00000da4      0x22c Drivers\STM32F1xx_HAL_Driver\Src\stm32f1xx_ll_usb.o
 .debug_frame   0x00000fd0      0x14c Middlewares\ST\STM32_USB_Device_Library\Class\CDC\Src\usbd_cdc.o
 .debug_frame   0x0000111c      0x1c0 Middlewares\ST\STM32_USB_Device_Library\Core\Src\usbd_core.o
 .debug_frame   0x000012dc       0xcc Middlewares\ST\STM32_USB_Device_Library\Core\Src\usbd_ctlreq.o
 .debug_frame   0x000013a8       0xb8 Middlewares\ST\STM32_USB_Device_Library\Core\Src\usbd_ioreq.o
 .debug_frame   0x00001460      0x8d4 Src\decadriver\deca_device.o
 .debug_frame   0x00001d34       0x68 Src\main.o
 .debug_frame   0x00001d9c       0x38 Src\platform\deca_mutex.o
 .debug_frame   0x00001dd4       0x20 Src\platform\deca_sleep.o
 .debug_frame   0x00001df4       0x80 Src\platform\deca_spi.o
 .debug_frame   0x00001e74      0x264 Src\platform\port.o
 .debug_frame   0x000020d8       0x54 Src\stm32f1xx_hal_msp.o
 .debug_frame   0x0000212c       0xcc Src\stm32f1xx_it.o
 .debug_frame   0x000021f8       0x30 Src\system_stm32f1xx.o
 .debug_frame   0x00002228       0x2c Src\usb_device.o
 .debug_frame   0x00002254       0x80 Src\usbd_cdc_if.o
 .debug_frame   0x000022d4      0x284 Src\usbd_conf.o
 .debug_frame   0x00002558       0xa8 Src\usbd_desc.o
 .debug_frame   0x00002600       0x2c c:/program files (x86)/atollic/truestudio for arm 8.0.0/armtools/bin/../lib/gcc/arm-atollic-eabi/6.3.1/../../../../arm-atollic-eabi/lib/armv7-m\libc_nano.a(lib_a-init.o)
 .debug_frame   0x0000262c       0x28 c:/program files (x86)/atollic/truestudio for arm 8.0.0/armtools/bin/../lib/gcc/arm-atollic-eabi/6.3.1/../../../../arm-atollic-eabi/lib/armv7-m\libc_nano.a(lib_a-memcmp.o)
 .debug_frame   0x00002654       0x28 c:/program files (x86)/atollic/truestudio for arm 8.0.0/armtools/bin/../lib/gcc/arm-atollic-eabi/6.3.1/../../../../arm-atollic-eabi/lib/armv7-m\libc_nano.a(lib_a-memcpy-stub.o)
