core_cm3.h:930:22:NVIC_EnableIRQ	16	static
core_cm3.h:943:22:NVIC_DisableIRQ	16	static
core_cm3.h:1014:22:NVIC_SetPriority	16	static
core_cm3.h:1139:26:SysTick_Config	16	static
port.c:42:5:No_Configuration	4	static
port.c:47:15:portGetTickCnt	4	static
port.c:52:5:SysTick_Configuration	8	static
port.c:64:6:RTC_Configuration	8	static
port.c:106:5:NVIC_DisableDECAIRQ	16	static
port.c:121:5:NVIC_Configuration	24	static
port.c:171:10:EXTI_GetITEnStatus	24	static
port.c:204:6:port_set_deca_isr	24	static
port.c:221:5:RCC_Configuration	32	static
port.c:304:5:USART_Configuration	4	static
port.c:340:6:SPI_ChangeRate	24	static
port.c:366:6:spi_set_rate_low	8	static
port.c:380:6:spi_set_rate_high	8	static
port.c:385:6:SPI_ConfigFastRate	40	static
port.c:411:5:SPI_Configuration	32	static
port.c:469:5:SPI2_Configuration	32	static
port.c:540:5:GPIO_Configuration	16	static
port.c:603:6:reset_DW1000	16	static
port.c:626:6:setup_DW1000RSTnIRQ	32	static
port.c:679:5:ETH_GPIOConfigure	4	static
port.c:766:5:is_button_low	24	static
port.c:777:5:is_switch_on	24	static
port.c:788:6:led_off	16	static
port.c:813:6:led_on	16	static
port.c:939:5:is_IRQ_enabled	4	static
port.c:954:13:LCD_Configuration	24	static
port.c:979:13:spi_peripheral_init	8	static
port.c:1001:6:peripherals_init	8	static
