instance_common.c:47:18:instance_get_local_structure_ptr	0	static
instance_common.c:59:8:convertmicrosectodevicetimeu	8	static
instance_common.c:73:8:convertmicrosectodevicetimeu32	8	static
instance_common.c:86:8:convertdevicetimetosec	8	static
instance_common.c:95:8:convertdevicetimetosec8	16	static
instance_common.c:111:5:reportTOF	32	static
instance_common.c:198:5:instaddtagtolist	24	static
instance_common.c:230:6:instcleartaglist	8	static
instance_common.c:244:5:instancegetrole	0	static
instance_common.c:249:5:instancenewrange	0	static
instance_common.c:260:5:instancenewrangeancadd	0	static
instance_common.c:265:5:instancenewrangetagadd	0	static
instance_common.c:270:5:instanceanchorwaiting	0	static
instance_common.c:275:5:instancesleeping	0	static
instance_common.c:288:6:instanceclearcounts	16	static
instance_common.c:372:8:instancereaddeviceid	0	static
instance_common.c:494:6:instance_config	72	static
instance_common.c:593:6:instancesettagsleepdelay	0	static
instance_common.c:601:8:instance_get_ldist	0	static
instance_common.c:608:5:instance_get_lcount	0	static
instance_common.c:615:8:instance_get_idist	0	static
instance_common.c:622:8:instance_get_idistraw	0	static
instance_common.c:629:5:instance_get_rxf	0	static
instance_common.c:636:5:instance_get_txf	0	static
instance_common.c:643:5:instance_get_txl	0	static
instance_common.c:650:5:instance_get_rxl	0	static
instance_common.c:657:8:instance_get_adist	0	static
instance_common.c:664:6:inst_processrxtimeout	8	static
instance_common.c:939:5:instance_peekevent	0	static
instance_common.c:945:6:instance_putevent	24	static
instance_common.c:692:6:instance_txcallback	312	static
instance_common.c:719:6:instance_rxtimeoutcallback	296	static
instance_common.c:732:6:instance_rxerrorcallback	296	static
instance_common.c:753:6:instance_rxgoodcallback	328	static
instance_common.c:967:15:instance_getevent	24	static
instance_common.c:1003:6:instance_clearevents	16	static
instance_common.c:318:5:instance_init	16	static
instance_common.c:1021:5:instance_run	304	static
instance_common.c:1068:6:instanceconfigantennadelays	0	static
instance_common.c:1076:6:instancesetantennadelays	8	static
instance_common.c:1088:8:instancetxantdly	0	static
instance_common.c:1093:8:instancerxantdly	0	static
