instance_common.c:47:18:instance_get_local_structure_ptr	16	static
instance_common.c:59:8:convertmicrosectodevicetimeu	40	static
instance_common.c:73:8:convertmicrosectodevicetimeu32	40	static
instance_common.c:86:8:convertdevicetimetosec	32	static
instance_common.c:95:8:convertdevicetimetosec8	40	static
instance_common.c:111:5:reportTOF	80	static
instance_common.c:198:5:instaddtagtolist	32	static
instance_common.c:230:6:instcleartaglist	24	static
instance_common.c:244:5:instancegetrole	4	static
instance_common.c:249:5:instancenewrange	4	static
instance_common.c:260:5:instancenewrangeancadd	4	static
instance_common.c:265:5:instancenewrangetagadd	4	static
instance_common.c:270:5:instanceanchorwaiting	4	static
instance_common.c:275:5:instancesleeping	4	static
instance_common.c:288:6:instanceclearcounts	24	static
instance_common.c:318:5:instance_init	24	static
instance_common.c:372:8:instancereaddeviceid	8	static
instance_common.c:494:6:instance_config	80	static
instance_common.c:593:6:instancesettagsleepdelay	24	static
instance_common.c:601:8:instance_get_ldist	16	static
instance_common.c:608:5:instance_get_lcount	16	static
instance_common.c:615:8:instance_get_idist	16	static
instance_common.c:622:8:instance_get_idistraw	16	static
instance_common.c:629:5:instance_get_rxf	16	static
instance_common.c:636:5:instance_get_txf	16	static
instance_common.c:643:5:instance_get_txl	16	static
instance_common.c:650:5:instance_get_rxl	16	static
instance_common.c:657:8:instance_get_adist	16	static
instance_common.c:664:6:inst_processrxtimeout	16	static
instance_common.c:692:6:instance_txcallback	328	static
instance_common.c:719:6:instance_rxtimeoutcallback	312	static
instance_common.c:732:6:instance_rxerrorcallback	312	static
instance_common.c:753:6:instance_rxgoodcallback	328	static
instance_common.c:939:5:instance_peekevent	16	static
instance_common.c:945:6:instance_putevent	16	static
instance_common.c:967:15:instance_getevent	32	static
instance_common.c:1003:6:instance_clearevents	16	static
instance_common.c:1021:5:instance_run	320	static
instance_common.c:1068:6:instanceconfigantennadelays	16	static
instance_common.c:1076:6:instancesetantennadelays	8	static
instance_common.c:1088:8:instancetxantdly	4	static
instance_common.c:1093:8:instancerxantdly	4	static
