deca_device.c:207:7:dwt_otprevision	0	static
deca_device.c:331:8:dwt_getpartid	0	static
deca_device.c:349:8:dwt_getlotid	0	static
deca_device.c:874:6:dwt_writetodevice	16	static
deca_device.c:281:6:dwt_setgpiodirection	16	static
deca_device.c:306:6:dwt_setgpiovalue	16	static
deca_device.c:594:5:dwt_writetxdata	8	static
deca_device.c:938:6:dwt_readfromdevice	16	static
deca_device.c:659:6:dwt_readrxdata	4	static
deca_device.c:731:6:dwt_readtxtimestamp	0	static
deca_device.c:780:6:dwt_readrxtimestamp	0	static
deca_device.c:846:6:dwt_readsystime	0	static
deca_device.c:994:8:dwt_read32bitoffsetreg	16	static
deca_device.c:365:8:dwt_readdevid	0	static
deca_device.c:747:8:dwt_readtxtimestamphi32	0	static
deca_device.c:763:8:dwt_readtxtimestamplo32	0	static
deca_device.c:796:8:dwt_readrxtimestamphi32	0	static
deca_device.c:812:8:dwt_readrxtimestamplo32	0	static
deca_device.c:828:8:dwt_readsystimestamphi32	0	static
deca_device.c:1023:8:dwt_read16bitoffsetreg	16	static
deca_device.c:703:6:dwt_readdiagnostics	8	static
deca_device.c:1048:7:dwt_read8bitoffsetreg	16	static
deca_device.c:1071:6:dwt_write8bitoffsetreg	16	static
deca_device.c:1090:6:dwt_write16bitoffsetreg	16	static
deca_device.c:224:6:dwt_setfinegraintxseq	0	static
deca_device.c:549:6:dwt_setrxantennadelay	0	static
deca_device.c:568:6:dwt_settxantennadelay	0	static
deca_device.c:1114:6:dwt_write32bitoffsetreg	16	static
deca_device.c:253:6:dwt_setlnapamode	16	static
deca_device.c:384:6:dwt_configuretxrf	8	static
deca_device.c:631:6:dwt_writetxfctrl	0	static
deca_device.c:1148:6:dwt_enableframefilter	8	static
deca_device.c:1179:6:dwt_setpanid	0	static
deca_device.c:1197:6:dwt_setaddress16	0	static
deca_device.c:1215:6:dwt_seteui	0	static
deca_device.c:1232:6:dwt_geteui	0	static
deca_device.c:1279:8:_dwt_otpread	8	static
deca_device.c:1317:8:_dwt_otpsetmrregs	56	static
deca_device.c:1483:8:_dwt_otpprogword32	24	static
deca_device.c:1599:6:_dwt_aonconfigupload	8	static
deca_device.c:1617:6:_dwt_aonarrayupload	8	static
deca_device.c:1635:6:dwt_entersleep	0	static
deca_device.c:1780:6:dwt_configuresleep	8	static
deca_device.c:1805:6:dwt_entersleepaftertx	8	static
deca_device.c:1844:5:dwt_spicswakeup	16	static
deca_device.c:1880:6:_dwt_configlde	8	static
deca_device.c:410:6:dwt_configure	32	static
deca_device.c:1961:6:dwt_setsmarttxpower	8	static
deca_device.c:1994:6:dwt_enableautoack	8	static
deca_device.c:2015:6:dwt_setdblrxbuffmode	0	static
deca_device.c:2045:6:dwt_setrxaftertxdelay	8	static
deca_device.c:2074:6:dwt_setcallbacks	8	static
deca_device.c:2093:7:dwt_checkirq	8	static
deca_device.c:2329:6:dwt_setleds	16	static
deca_device.c:2382:6:_dwt_enableclocks	16	static
deca_device.c:681:6:dwt_readaccdata	16	static
deca_device.c:1251:6:dwt_otpread	24	static
deca_device.c:1544:5:dwt_otpwriteandverify	16	static
deca_device.c:1655:6:dwt_configuresleepcnt	8	static
deca_device.c:1693:8:dwt_calibratesleepcnt	8	static
deca_device.c:1906:6:_dwt_loaducodefromrom	8	static
deca_device.c:1935:6:dwt_loadopsettabfromotp	8	static
deca_device.c:2462:6:_dwt_disablesequencing	8	static
deca_device.c:2482:6:dwt_setdelayedtrxtime	0	static
deca_device.c:2503:5:dwt_starttx	8	static
deca_device.c:2602:6:dwt_syncrxbufptrs	8	static
deca_device.c:2560:6:dwt_forcetrxoff	16	static
deca_device.c:2634:6:dwt_setsniffmode	8	static
deca_device.c:2686:6:dwt_setlowpowerlistening	8	static
deca_device.c:2259:6:dwt_lowpowerlistenisr	16	static
deca_device.c:2716:6:dwt_setsnoozetime	0	static
deca_device.c:2740:5:dwt_rxenable	16	static
deca_device.c:2791:6:dwt_setrxtimeout	16	static
deca_device.c:2832:6:dwt_setpreambledetecttimeout	0	static
deca_device.c:2861:6:dwt_setinterrupt	16	static
deca_device.c:2895:6:dwt_configeventcounters	8	static
deca_device.c:2918:6:dwt_readeventcounters	8	static
deca_device.c:2959:6:dwt_rxreset	8	static
deca_device.c:2122:6:dwt_isr	16	static
deca_device.c:2979:6:dwt_softreset	8	static
deca_device.c:3015:6:dwt_setxtaltrim	0	static
deca_device.c:115:5:dwt_initialise	16	static
deca_device.c:3036:7:dwt_getinitxtaltrim	0	static
deca_device.c:3053:6:dwt_configcwmode	8	static
deca_device.c:3105:6:dwt_configcontinuousframemode	8	static
deca_device.c:3158:8:dwt_readtempvbat	32	static
deca_device.c:3217:7:dwt_readwakeuptemp	0	static
deca_device.c:3235:7:dwt_readwakeupvbat	0	static
