core_cm3.h:1452:22:NVIC_EnableIRQ	16	static
core_cm3.h:1463:22:NVIC_DisableIRQ	16	static
port.c:45:1:portGetTickCnt	8	static
port.c:55:5:usleep	24	static
port.c:76:1:Sleep	16	static
port.c:95:5:peripherals_init	4	static
port.c:104:6:spi_peripheral_init	4	static
port.c:120:10:EXTI_GetITEnStatus	16	static
port.c:143:6:reset_DW1000	24	static
port.c:171:6:setup_DW1000RSTnIRQ	32	static
port.c:205:6:port_wakeup_dw1000	8	static
port.c:218:6:port_wakeup_dw1000_fast	16	static
port.c:250:6:port_set_dw1000_slowrate	8	static
port.c:260:6:port_set_dw1000_fastrate	8	static
port.c:284:6:HAL_GPIO_EXTI_Callback	16	static
port.c:304:15:process_deca_irq	8	static
port.c:319:15:port_DisableEXT_IRQ	8	static
port.c:328:15:port_EnableEXT_IRQ	8	static
port.c:337:19:port_GetEXT_IRQStatus	8	static
port.c:346:19:port_CheckEXT_IRQ	8	static
