deca_device.c:99:5:dwt_setlocaldataptr	16	static
deca_device.c:142:5:dwt_initialise	40	static
deca_device.c:234:7:dwt_otprevision	4	static
deca_device.c:251:6:dwt_setfinegraintxseq	16	static
deca_device.c:280:6:dwt_setlnapamode	24	static
deca_device.c:308:6:dwt_setgpiodirection	24	static
deca_device.c:333:6:dwt_setgpiovalue	24	static
deca_device.c:358:8:dwt_getpartid	4	static
deca_device.c:376:8:dwt_getlotid	4	static
deca_device.c:392:8:dwt_readdevid	8	static
deca_device.c:411:6:dwt_configuretxrf	16	static
deca_device.c:437:6:dwt_configure	32	static
deca_device.c:576:6:dwt_setrxantennadelay	16	static
deca_device.c:595:6:dwt_settxantennadelay	16	static
deca_device.c:621:5:dwt_writetxdata	16	static
deca_device.c:658:6:dwt_writetxfctrl	24	static
deca_device.c:686:6:dwt_readrxdata	16	static
deca_device.c:708:6:dwt_readaccdata	16	static
deca_device.c:735:7:dwt_readcarrierintegrator	24	static
deca_device.c:768:6:dwt_readdiagnostics	16	static
deca_device.c:796:6:dwt_readtxtimestamp	16	static
deca_device.c:812:8:dwt_readtxtimestamphi32	8	static
deca_device.c:828:8:dwt_readtxtimestamplo32	8	static
deca_device.c:845:6:dwt_readrxtimestamp	16	static
deca_device.c:861:8:dwt_readrxtimestamphi32	8	static
deca_device.c:877:8:dwt_readrxtimestamplo32	8	static
deca_device.c:893:8:dwt_readsystimestamphi32	8	static
deca_device.c:911:6:dwt_readsystime	16	static
deca_device.c:939:6:dwt_writetodevice	32	static
deca_device.c:1003:6:dwt_readfromdevice	32	static
deca_device.c:1059:8:dwt_read32bitoffsetreg	32	static
deca_device.c:1088:8:dwt_read16bitoffsetreg	24	static
deca_device.c:1113:7:dwt_read8bitoffsetreg	24	static
deca_device.c:1136:6:dwt_write8bitoffsetreg	24	static
deca_device.c:1155:6:dwt_write16bitoffsetreg	32	static
deca_device.c:1179:6:dwt_write32bitoffsetreg	32	static
deca_device.c:1213:6:dwt_enableframefilter	24	static
deca_device.c:1244:6:dwt_setpanid	16	static
deca_device.c:1262:6:dwt_setaddress16	16	static
deca_device.c:1280:6:dwt_seteui	16	static
deca_device.c:1297:6:dwt_geteui	16	static
deca_device.c:1316:6:dwt_otpread	40	static
deca_device.c:1344:8:_dwt_otpread	24	static
deca_device.c:1382:8:_dwt_otpsetmrregs	40	static
deca_device.c:1548:8:_dwt_otpprogword32	24	static
deca_device.c:1609:5:dwt_otpwriteandverify	24	static
deca_device.c:1664:6:_dwt_aonconfigupload	8	static
deca_device.c:1682:6:_dwt_aonarrayupload	8	static
deca_device.c:1700:6:dwt_entersleep	8	static
deca_device.c:1720:6:dwt_configuresleepcnt	16	static
deca_device.c:1758:8:dwt_calibratesleepcnt	16	static
deca_device.c:1845:6:dwt_configuresleep	16	static
deca_device.c:1870:6:dwt_entersleepaftertx	24	static
deca_device.c:1909:5:dwt_spicswakeup	16	static
deca_device.c:1945:6:_dwt_configlde	16	static
deca_device.c:1971:6:_dwt_loaducodefromrom	8	static
deca_device.c:2000:6:dwt_loadopsettabfromotp	24	static
deca_device.c:2026:6:dwt_setsmarttxpower	24	static
deca_device.c:2059:6:dwt_enableautoack	16	static
deca_device.c:2080:6:dwt_setdblrxbuffmode	16	static
deca_device.c:2110:6:dwt_setrxaftertxdelay	24	static
deca_device.c:2139:6:dwt_setcallbacks	24	static
deca_device.c:2158:7:dwt_checkirq	8	static
deca_device.c:2187:6:dwt_isr	32	static
deca_device.c:2324:6:dwt_lowpowerlistenisr	32	static
deca_device.c:2394:6:dwt_setleds	24	static
deca_device.c:2447:6:_dwt_enableclocks	24	static
deca_device.c:2527:6:_dwt_disablesequencing	8	static
deca_device.c:2547:6:dwt_setdelayedtrxtime	16	static
deca_device.c:2568:5:dwt_starttx	24	static
deca_device.c:2625:6:dwt_forcetrxoff	16	static
deca_device.c:2667:6:dwt_syncrxbufptrs	16	static
deca_device.c:2699:6:dwt_setsniffmode	24	static
deca_device.c:2751:6:dwt_setlowpowerlistening	24	static
deca_device.c:2781:6:dwt_setsnoozetime	16	static
deca_device.c:2805:5:dwt_rxenable	24	static
deca_device.c:2856:6:dwt_setrxtimeout	24	static
deca_device.c:2897:6:dwt_setpreambledetecttimeout	16	static
deca_device.c:2926:6:dwt_setinterrupt	24	static
deca_device.c:2960:6:dwt_configeventcounters	16	static
deca_device.c:2983:6:dwt_readeventcounters	24	static
deca_device.c:3024:6:dwt_rxreset	8	static
deca_device.c:3044:6:dwt_softreset	8	static
deca_device.c:3080:6:dwt_setxtaltrim	24	static
deca_device.c:3101:7:dwt_getinitxtaltrim	4	static
deca_device.c:3118:6:dwt_configcwmode	16	static
deca_device.c:3170:6:dwt_configcontinuousframemode	16	static
deca_device.c:3223:8:dwt_readtempvbat	24	static
deca_device.c:3282:7:dwt_readwakeuptemp	8	static
deca_device.c:3300:7:dwt_readwakeupvbat	8	static
deca_device.c:3318:8:dwt_calcbandwidthtempadj	56	static
deca_device.c:3419:8:_dwt_computetxpowersetting	40	static
deca_device.c:3475:9:dwt_calcpowertempadj	48	static
deca_device.c:3510:8:dwt_calcpgcount	40	static
